Archive member included to satisfy reference by file (symbol)

C:/ST/STM32CubeIDE_1.13.1/STM32CubeIDE/plugins/com.st.stm32cube.ide.mcu.externaltools.gnu-tools-for-stm32.11.3.rel1.win32_1.1.1.202309131626/tools/bin/../lib/gcc/arm-none-eabi/11.3.1/../../../../arm-none-eabi/lib/thumb/v7e-m+fp/hard\libc_nano.a(libc_a-exit.o)
                              C:/ST/STM32CubeIDE_1.13.1/STM32CubeIDE/plugins/com.st.stm32cube.ide.mcu.externaltools.gnu-tools-for-stm32.11.3.rel1.win32_1.1.1.202309131626/tools/bin/../lib/gcc/arm-none-eabi/11.3.1/../../../../arm-none-eabi/lib/thumb/v7e-m+fp/hard/crt0.o (exit)
C:/ST/STM32CubeIDE_1.13.1/STM32CubeIDE/plugins/com.st.stm32cube.ide.mcu.externaltools.gnu-tools-for-stm32.11.3.rel1.win32_1.1.1.202309131626/tools/bin/../lib/gcc/arm-none-eabi/11.3.1/../../../../arm-none-eabi/lib/thumb/v7e-m+fp/hard\libc_nano.a(libc_a-findfp.o)
                              ./Middlewares/Third_Party/FreeRTOS/Source/tasks.o (__sf)
C:/ST/STM32CubeIDE_1.13.1/STM32CubeIDE/plugins/com.st.stm32cube.ide.mcu.externaltools.gnu-tools-for-stm32.11.3.rel1.win32_1.1.1.202309131626/tools/bin/../lib/gcc/arm-none-eabi/11.3.1/../../../../arm-none-eabi/lib/thumb/v7e-m+fp/hard\libc_nano.a(libc_a-fwalk.o)
                              C:/ST/STM32CubeIDE_1.13.1/STM32CubeIDE/plugins/com.st.stm32cube.ide.mcu.externaltools.gnu-tools-for-stm32.11.3.rel1.win32_1.1.1.202309131626/tools/bin/../lib/gcc/arm-none-eabi/11.3.1/../../../../arm-none-eabi/lib/thumb/v7e-m+fp/hard\libc_nano.a(libc_a-findfp.o) (_fwalk_sglue)
C:/ST/STM32CubeIDE_1.13.1/STM32CubeIDE/plugins/com.st.stm32cube.ide.mcu.externaltools.gnu-tools-for-stm32.11.3.rel1.win32_1.1.1.202309131626/tools/bin/../lib/gcc/arm-none-eabi/11.3.1/../../../../arm-none-eabi/lib/thumb/v7e-m+fp/hard\libc_nano.a(libc_a-printf.o)
                              ./Drivers/ECU/Bluetooth/bluetooth.o (printf)
C:/ST/STM32CubeIDE_1.13.1/STM32CubeIDE/plugins/com.st.stm32cube.ide.mcu.externaltools.gnu-tools-for-stm32.11.3.rel1.win32_1.1.1.202309131626/tools/bin/../lib/gcc/arm-none-eabi/11.3.1/../../../../arm-none-eabi/lib/thumb/v7e-m+fp/hard\libc_nano.a(libc_a-puts.o)
                              ./Core/Src/freertos.o (puts)
C:/ST/STM32CubeIDE_1.13.1/STM32CubeIDE/plugins/com.st.stm32cube.ide.mcu.externaltools.gnu-tools-for-stm32.11.3.rel1.win32_1.1.1.202309131626/tools/bin/../lib/gcc/arm-none-eabi/11.3.1/../../../../arm-none-eabi/lib/thumb/v7e-m+fp/hard\libc_nano.a(libc_a-stdio.o)
                              C:/ST/STM32CubeIDE_1.13.1/STM32CubeIDE/plugins/com.st.stm32cube.ide.mcu.externaltools.gnu-tools-for-stm32.11.3.rel1.win32_1.1.1.202309131626/tools/bin/../lib/gcc/arm-none-eabi/11.3.1/../../../../arm-none-eabi/lib/thumb/v7e-m+fp/hard\libc_nano.a(libc_a-findfp.o) (__sread)
C:/ST/STM32CubeIDE_1.13.1/STM32CubeIDE/plugins/com.st.stm32cube.ide.mcu.externaltools.gnu-tools-for-stm32.11.3.rel1.win32_1.1.1.202309131626/tools/bin/../lib/gcc/arm-none-eabi/11.3.1/../../../../arm-none-eabi/lib/thumb/v7e-m+fp/hard\libc_nano.a(libc_a-wbuf.o)
                              C:/ST/STM32CubeIDE_1.13.1/STM32CubeIDE/plugins/com.st.stm32cube.ide.mcu.externaltools.gnu-tools-for-stm32.11.3.rel1.win32_1.1.1.202309131626/tools/bin/../lib/gcc/arm-none-eabi/11.3.1/../../../../arm-none-eabi/lib/thumb/v7e-m+fp/hard\libc_nano.a(libc_a-puts.o) (__swbuf_r)
C:/ST/STM32CubeIDE_1.13.1/STM32CubeIDE/plugins/com.st.stm32cube.ide.mcu.externaltools.gnu-tools-for-stm32.11.3.rel1.win32_1.1.1.202309131626/tools/bin/../lib/gcc/arm-none-eabi/11.3.1/../../../../arm-none-eabi/lib/thumb/v7e-m+fp/hard\libc_nano.a(libc_a-wsetup.o)
                              C:/ST/STM32CubeIDE_1.13.1/STM32CubeIDE/plugins/com.st.stm32cube.ide.mcu.externaltools.gnu-tools-for-stm32.11.3.rel1.win32_1.1.1.202309131626/tools/bin/../lib/gcc/arm-none-eabi/11.3.1/../../../../arm-none-eabi/lib/thumb/v7e-m+fp/hard\libc_nano.a(libc_a-puts.o) (__swsetup_r)
C:/ST/STM32CubeIDE_1.13.1/STM32CubeIDE/plugins/com.st.stm32cube.ide.mcu.externaltools.gnu-tools-for-stm32.11.3.rel1.win32_1.1.1.202309131626/tools/bin/../lib/gcc/arm-none-eabi/11.3.1/../../../../arm-none-eabi/lib/thumb/v7e-m+fp/hard\libc_nano.a(libc_a-memset.o)
                              C:/ST/STM32CubeIDE_1.13.1/STM32CubeIDE/plugins/com.st.stm32cube.ide.mcu.externaltools.gnu-tools-for-stm32.11.3.rel1.win32_1.1.1.202309131626/tools/bin/../lib/gcc/arm-none-eabi/11.3.1/../../../../arm-none-eabi/lib/thumb/v7e-m+fp/hard/crt0.o (memset)
C:/ST/STM32CubeIDE_1.13.1/STM32CubeIDE/plugins/com.st.stm32cube.ide.mcu.externaltools.gnu-tools-for-stm32.11.3.rel1.win32_1.1.1.202309131626/tools/bin/../lib/gcc/arm-none-eabi/11.3.1/../../../../arm-none-eabi/lib/thumb/v7e-m+fp/hard\libc_nano.a(libc_a-closer.o)
                              C:/ST/STM32CubeIDE_1.13.1/STM32CubeIDE/plugins/com.st.stm32cube.ide.mcu.externaltools.gnu-tools-for-stm32.11.3.rel1.win32_1.1.1.202309131626/tools/bin/../lib/gcc/arm-none-eabi/11.3.1/../../../../arm-none-eabi/lib/thumb/v7e-m+fp/hard\libc_nano.a(libc_a-stdio.o) (_close_r)
[...]
Memory Configuration

Name             Origin             Length             Attributes
CCMRAM           0x0000000010000000 0x0000000000004000 xrw
RAM              0x0000000020000000 0x0000000000010000 xrw
FLASH            0x0000000008000000 0x0000000000080000 xr
*default*        0x0000000000000000 0xffffffffffffffff

Linker script and memory map

LOAD C:/ST/STM32CubeIDE_1.13.1/STM32CubeIDE/plugins/com.st.stm32cube.ide.mcu.externaltools.gnu-tools-for-stm32.11.3.rel1.win32_1.1.1.202309131626/tools/bin/../lib/gcc/arm-none-eabi/11.3.1/thumb/v7e-m+fp/hard/crti.o
LOAD C:/ST/STM32CubeIDE_1.13.1/STM32CubeIDE/plugins/com.st.stm32cube.ide.mcu.externaltools.gnu-tools-for-stm32.11.3.rel1.win32_1.1.1.202309131626/tools/bin/../lib/gcc/arm-none-eabi/11.3.1/thumb/v7e-m+fp/hard/crtbegin.o
LOAD C:/ST/STM32CubeIDE_1.13.1/STM32CubeIDE/plugins/com.st.stm32cube.ide.mcu.externaltools.gnu-tools-for-stm32.11.3.rel1.win32_1.1.1.202309131626/tools/bin/../lib/gcc/arm-none-eabi/11.3.1/../../../../arm-none-eabi/lib/thumb/v7e-m+fp/hard/crt0.o
LOAD ./Core/Src/freertos.o
LOAD ./Core/Src/gpio.o
LOAD ./Core/Src/main.o
LOAD ./Core/Src/stm32f3xx_hal_msp.o
LOAD ./Core/Src/stm32f3xx_hal_timebase_tim.o
LOAD ./Core/Src/stm32f3xx_it.o
LOAD ./Core/Src/syscalls.o
LOAD ./Core/Src/sysmem.o
LOAD ./Core/Src/system_stm32f3xx.o
LOAD ./Core/Src/tim.o
LOAD ./Core/Src/usart.o
LOAD ./Core/Startup/startup_stm32f303retx.o
LOAD ./Drivers/ECU/Bluetooth/bluetooth.o
LOAD ./Drivers/ECU/LCD/hal_lcd.o
LOAD ./Drivers/ECU/Motor/ecu_motor.o
LOAD ./Drivers/ECU/Ultrasonic/ultrasonic.o
LOAD ./Drivers/MCAL/EXT1/ext1.o
LOAD ./Drivers/MCAL/GPIO/mcal_gpio.o
LOAD ./Drivers/MCAL/NVIC/nvic.o
LOAD ./Drivers/MCAL/RCC/mcal_rcc.o
LOAD ./Drivers/MCAL/SysTick/systick.o
LOAD ./Drivers/STM32F3xx_HAL_Driver/Src/stm32f3xx_hal.o
LOAD ./Drivers/STM32F3xx_HAL_Driver/Src/stm32f3xx_hal_cortex.o
LOAD ./Drivers/STM32F3xx_HAL_Driver/Src/stm32f3xx_hal_dma.o
LOAD ./Drivers/STM32F3xx_HAL_Driver/Src/stm32f3xx_hal_exti.o
LOAD ./Drivers/STM32F3xx_HAL_Driver/Src/stm32f3xx_hal_flash.o
LOAD ./Drivers/STM32F3xx_HAL_Driver/Src/stm32f3xx_hal_flash_ex.o
LOAD ./Drivers/STM32F3xx_HAL_Driver/Src/stm32f3xx_hal_gpio.o
LOAD ./Drivers/STM32F3xx_HAL_Driver/Src/stm32f3xx_hal_i2c.o
LOAD ./Drivers/STM32F3xx_HAL_Driver/Src/stm32f3xx_hal_i2c_ex.o
LOAD ./Drivers/STM32F3xx_HAL_Driver/Src/stm32f3xx_hal_pwr.o
LOAD ./Drivers/STM32F3xx_HAL_Driver/Src/stm32f3xx_hal_pwr_ex.o
LOAD ./Drivers/STM32F3xx_HAL_Driver/Src/stm32f3xx_hal_rcc.o
LOAD ./Drivers/STM32F3xx_HAL_Driver/Src/stm32f3xx_hal_rcc_ex.o
LOAD ./Drivers/STM32F3xx_HAL_Driver/Src/stm32f3xx_hal_tim.o
LOAD ./Drivers/STM32F3xx_HAL_Driver/Src/stm32f3xx_hal_tim_ex.o
LOAD ./Drivers/STM32F3xx_HAL_Driver/Src/stm32f3xx_hal_uart.o
LOAD ./Drivers/STM32F3xx_HAL_Driver/Src/stm32f3xx_hal_uart_ex.o
LOAD ./Middlewares/Third_Party/FreeRTOS/Source/CMSIS_RTOS_V2/cmsis_os2.o
LOAD ./Middlewares/Third_Party/FreeRTOS/Source/croutine.o
LOAD ./Middlewares/Third_Party/FreeRTOS/Source/event_groups.o
LOAD ./Middlewares/Third_Party/FreeRTOS/Source/list.o
LOAD ./Middlewares/Third_Party/FreeRTOS/Source/queue.o
LOAD ./Middlewares/Third_Party/FreeRTOS/Source/stream_buffer.o
LOAD ./Middlewares/Third_Party/FreeRTOS/Source/tasks.o
LOAD ./Middlewares/Third_Party/FreeRTOS/Source/timers.o
LOAD ./Middlewares/Third_Party/FreeRTOS/Source/portable/GCC/ARM_CM4F/port.o
LOAD ./Middlewares/Third_Party/FreeRTOS/Source/portable/MemMang/heap_4.o
START GROUP
LOAD C:/ST/STM32CubeIDE_1.13.1/STM32CubeIDE/plugins/com.st.stm32cube.ide.mcu.externaltools.gnu-tools-for-stm32.11.3.rel1.win32_1.1.1.202309131626/tools/bin/../lib/gcc/arm-none-eabi/11.3.1/../../../../arm-none-eabi/lib/thumb/v7e-m+fp/hard\libc_nano.a
LOAD C:/ST/STM32CubeIDE_1.13.1/STM32CubeIDE/plugins/com.st.stm32cube.ide.mcu.externaltools.gnu-tools-for-stm32.11.3.rel1.win32_1.1.1.202309131626/tools/bin/../lib/gcc/arm-none-eabi/11.3.1/../../../../arm-none-eabi/lib/thumb/v7e-m+fp/hard\libm.a
END GROUP
START GROUP
LOAD C:/ST/STM32CubeIDE_1.13.1/STM32CubeIDE/plugins/com.st.stm32cube.ide.mcu.externaltools.gnu-tools-for-stm32.11.3.rel1.win32_1.1.1.202309131626/tools/bin/../lib/gcc/arm-none-eabi/11.3.1/thumb/v7e-m+fp/hard\libgcc.a
LOAD C:/ST/STM32CubeIDE_1.13.1/STM32CubeIDE/plugins/com.st.stm32cube.ide.mcu.externaltools.gnu-tools-for-stm32.11.3.rel1.win32_1.1.1.202309131626/tools/bin/../lib/gcc/arm-none-eabi/11.3.1/../../../../arm-none-eabi/lib/thumb/v7e-m+fp/hard\libc_nano.a
END GROUP
START GROUP
LOAD C:/ST/STM32CubeIDE_1.13.1/STM32CubeIDE/plugins/com.st.stm32cube.ide.mcu.externaltools.gnu-tools-for-stm32.11.3.rel1.win32_1.1.1.202309131626/tools/bin/../lib/gcc/arm-none-eabi/11.3.1/thumb/v7e-m+fp/hard\libgcc.a
LOAD C:/ST/STM32CubeIDE_1.13.1/STM32CubeIDE/plugins/com.st.stm32cube.ide.mcu.externaltools.gnu-tools-for-stm32.11.3.rel1.win32_1.1.1.202309131626/tools/bin/../lib/gcc/arm-none-eabi/11.3.1/../../../../arm-none-eabi/lib/thumb/v7e-m+fp/hard\libc_nano.a
LOAD C:/ST/STM32CubeIDE_1.13.1/STM32CubeIDE/plugins/com.st.stm32cube.ide.mcu.externaltools.gnu-tools-for-stm32.11.3.rel1.win32_1.1.1.202309131626/tools/bin/../lib/gcc/arm-none-eabi/11.3.1/../../../../arm-none-eabi/lib/thumb/v7e-m+fp/hard\libnosys.a
END GROUP
START GROUP
LOAD C:/ST/STM32CubeIDE_1.13.1/STM32CubeIDE/plugins/com.st.stm32cube.ide.mcu.externaltools.gnu-tools-for-stm32.11.3.rel1.win32_1.1.1.202309131626/tools/bin/../lib/gcc/arm-none-eabi/11.3.1/thumb/v7e-m+fp/hard\libgcc.a
LOAD C:/ST/STM32CubeIDE_1.13.1/STM32CubeIDE/plugins/com.st.stm32cube.ide.mcu.externaltools.gnu-tools-for-stm32.11.3.rel1.win32_1.1.1.202309131626/tools/bin/../lib/gcc/arm-none-eabi/11.3.1/../../../../arm-none-eabi/lib/thumb/v7e-m+fp/hard\libc_nano.a
LOAD C:/ST/STM32CubeIDE_1.13.1/STM32CubeIDE/plugins/com.st.stm32cube.ide.mcu.externaltools.gnu-tools-for-stm32.11.3.rel1.win32_1.1.1.202309131626/tools/bin/../lib/gcc/arm-none-eabi/11.3.1/../../../../arm-none-eabi/lib/thumb/v7e-m+fp/hard\libnosys.a
END GROUP
LOAD C:/ST/STM32CubeIDE_1.13.1/STM32CubeIDE/plugins/com.st.stm32cube.ide.mcu.externaltools.gnu-tools-for-stm32.11.3.rel1.win32_1.1.1.202309131626/tools/bin/../lib/gcc/arm-none-eabi/11.3.1/thumb/v7e-m+fp/hard/crtend.o
LOAD C:/ST/STM32CubeIDE_1.13.1/STM32CubeIDE/plugins/com.st.stm32cube.ide.mcu.externaltools.gnu-tools-for-stm32.11.3.rel1.win32_1.1.1.202309131626/tools/bin/../lib/gcc/arm-none-eabi/11.3.1/thumb/v7e-m+fp/hard/crtn.o
                0x0000000020010000                _estack = (ORIGIN (RAM) + LENGTH (RAM))
                0x0000000000000200                _Min_Heap_Size = 0x200
                0x0000000000000400                _Min_Stack_Size = 0x400

.isr_vector     0x0000000008000000      0x194
                0x0000000008000000                . = ALIGN (0x4)
 *(.isr_vector)
 .isr_vector    0x0000000008000000      0x194 ./Core/Startup/startup_stm32f303retx.o
                0x0000000008000000                g_pfnVectors
                0x0000000008000194                . = ALIGN (0x4)

.text           0x00000000080001a0     0xbf90
                0x00000000080001a0                . = ALIGN (0x4)
 *(.text)
 .text          0x00000000080001a0       0x40 C:/ST/STM32CubeIDE_1.13.1/STM32CubeIDE/plugins/com.st.stm32cube.ide.mcu.externaltools.gnu-tools-for-stm32.11.3.rel1.win32_1.1.1.202309131626/tools/bin/../lib/gcc/arm-none-eabi/11.3.1/thumb/v7e-m+fp/hard/crtbegin.o
 .text          0x00000000080001e0       0xa0 C:/ST/STM32CubeIDE_1.13.1/STM32CubeIDE/plugins/com.st.stm32cube.ide.mcu.externaltools.gnu-tools-for-stm32.11.3.rel1.win32_1.1.1.202309131626/tools/bin/../lib/gcc/arm-none-eabi/11.3.1/../../../../arm-none-eabi/lib/thumb/v7e-m+fp/hard\libc_nano.a(libc_a-memchr.o)
                0x00000000080001e0                memchr
 *(.text*)
 .text.MX_FREERTOS_Init
                0x0000000008000280       0xd0 ./Core/Src/freertos.o
                0x0000000008000280                MX_FREERTOS_Init
 .text.DefaultTask
                0x0000000008000350       0x3c ./Core/Src/freertos.o
                0x0000000008000350                DefaultTask
 .text.RTOS_Ultrasonics_Read
                0x000000000800038c       0x4c ./Core/Src/freertos.o
                0x000000000800038c                RTOS_Ultrasonics_Read
 .text.RTOS_Car_Next_Step
                0x00000000080003d8       0x84 ./Core/Src/freertos.o
                0x00000000080003d8                RTOS_Car_Next_Step
 .text.RTOS_Bluetooth_Recive
                0x000000000800045c       0x14 ./Core/Src/freertos.o
                0x000000000800045c                RTOS_Bluetooth_Recive
 .text.RTOS_Automatic_Parking
                0x0000000008000470      0x14c ./Core/Src/freertos.o
                0x0000000008000470                RTOS_Automatic_Parking
 .text.MX_GPIO_Init
                0x00000000080005bc      0x128 ./Core/Src/gpio.o
                0x00000000080005bc                MX_GPIO_Init
 .text.main     0x00000000080006e4       0x42 ./Core/Src/main.o
                0x00000000080006e4                main
 *fill*         0x0000000008000726        0x2 
 .text.SystemClock_Config
                0x0000000008000728       0xc4 ./Core/Src/main.o
                0x0000000008000728                SystemClock_Config
 .text.HAL_TIM_PeriodElapsedCallback
                0x00000000080007ec       0x24 ./Core/Src/main.o
                0x00000000080007ec                HAL_TIM_PeriodElapsedCallback
 .text.Error_Handler
                0x0000000008000810        0xa ./Core/Src/main.o
                0x0000000008000810                Error_Handler
 *fill*         0x000000000800081a        0x2 
 .text.HAL_MspInit
                0x000000000800081c       0x50 ./Core/Src/stm32f3xx_hal_msp.o
                0x000000000800081c                HAL_MspInit
 .text.HAL_InitTick
                0x000000000800086c       0xf4 ./Core/Src/stm32f3xx_hal_timebase_tim.o
                0x000000000800086c                HAL_InitTick
 .text.NMI_Handler
                0x0000000008000960        0x6 ./Core/Src/stm32f3xx_it.o
                0x0000000008000960                NMI_Handler
 .text.HardFault_Handler
                0x0000000008000966        0x6 ./Core/Src/stm32f3xx_it.o
                0x0000000008000966                HardFault_Handler
 .text.MemManage_Handler
                0x000000000800096c        0x6 ./Core/Src/stm32f3xx_it.o
                0x000000000800096c                MemManage_Handler
 .text.BusFault_Handler
                0x0000000008000972        0x6 ./Core/Src/stm32f3xx_it.o
                0x0000000008000972                BusFault_Handler
 .text.UsageFault_Handler
                0x0000000008000978        0x6 ./Core/Src/stm32f3xx_it.o
                0x0000000008000978                UsageFault_Handler
 .text.DebugMon_Handler
                0x000000000800097e        0xe ./Core/Src/stm32f3xx_it.o
                0x000000000800097e                DebugMon_Handler
 .text.TIM1_BRK_TIM15_IRQHandler
                0x000000000800098c       0x28 ./Core/Src/stm32f3xx_it.o
                0x000000000800098c                TIM1_BRK_TIM15_IRQHandler
 .text.TIM1_CC_IRQHandler
                0x00000000080009b4       0x1c ./Core/Src/stm32f3xx_it.o
                0x00000000080009b4                TIM1_CC_IRQHandler
 .text.TIM2_IRQHandler
                0x00000000080009d0       0x1c ./Core/Src/stm32f3xx_it.o
                0x00000000080009d0                TIM2_IRQHandler
 .text.TIM3_IRQHandler
                0x00000000080009ec       0x1c ./Core/Src/stm32f3xx_it.o
                0x00000000080009ec                TIM3_IRQHandler
 .text.TIM4_IRQHandler
                0x0000000008000a08       0x1c ./Core/Src/stm32f3xx_it.o
                0x0000000008000a08                TIM4_IRQHandler
 .text.TIM8_CC_IRQHandler
                0x0000000008000a24       0x1c ./Core/Src/stm32f3xx_it.o
                0x0000000008000a24                TIM8_CC_IRQHandler
 .text.UART4_IRQHandler
                0x0000000008000a40       0x14 ./Core/Src/stm32f3xx_it.o
                0x0000000008000a40                UART4_IRQHandler
 .text.TIM6_DAC_IRQHandler
                0x0000000008000a54       0x14 ./Core/Src/stm32f3xx_it.o
                0x0000000008000a54                TIM6_DAC_IRQHandler
 .text.Custom_ITM_sendChar_Ch0
                0x0000000008000a68       0x50 ./Core/Src/syscalls.o
                0x0000000008000a68                Custom_ITM_sendChar_Ch0
 .text._read    0x0000000008000ab8       0x3a ./Core/Src/syscalls.o
                0x0000000008000ab8                _read
 .text._write   0x0000000008000af2       0x38 ./Core/Src/syscalls.o
                0x0000000008000af2                _write
 .text._close   0x0000000008000b2a       0x18 ./Core/Src/syscalls.o
                0x0000000008000b2a                _close
 .text._fstat   0x0000000008000b42       0x20 ./Core/Src/syscalls.o
                0x0000000008000b42                _fstat
 .text._isatty  0x0000000008000b62       0x16 ./Core/Src/syscalls.o
                0x0000000008000b62                _isatty
 .text._lseek   0x0000000008000b78       0x1a ./Core/Src/syscalls.o
                0x0000000008000b78                _lseek
 *fill*         0x0000000008000b92        0x2 
 .text._sbrk    0x0000000008000b94       0x6c ./Core/Src/sysmem.o
                0x0000000008000b94                _sbrk
 .text.SystemInit
                0x0000000008000c00       0x24 ./Core/Src/system_stm32f3xx.o
                0x0000000008000c00                SystemInit
 .text.MX_TIM1_Init
                0x0000000008000c24      0x1a0 ./Core/Src/tim.o
                0x0000000008000c24                MX_TIM1_Init
 .text.MX_TIM2_Init
                0x0000000008000dc4      0x134 ./Core/Src/tim.o
                0x0000000008000dc4                MX_TIM2_Init
 .text.MX_TIM3_Init
                0x0000000008000ef8      0x138 ./Core/Src/tim.o
                0x0000000008000ef8                MX_TIM3_Init
 .text.MX_TIM4_Init
                0x0000000008001030      0x138 ./Core/Src/tim.o
                0x0000000008001030                MX_TIM4_Init
 .text.MX_TIM8_Init
                0x0000000008001168      0x1a0 ./Core/Src/tim.o
                0x0000000008001168                MX_TIM8_Init
 .text.MX_TIM15_Init
                0x0000000008001308      0x190 ./Core/Src/tim.o
                0x0000000008001308                MX_TIM15_Init
 .text.MX_TIM16_Init
                0x0000000008001498       0xf4 ./Core/Src/tim.o
                0x0000000008001498                MX_TIM16_Init
 .text.HAL_TIM_Base_MspInit
                0x000000000800158c      0x310 ./Core/Src/tim.o
                0x000000000800158c                HAL_TIM_Base_MspInit
 .text.HAL_TIM_MspPostInit
                0x000000000800189c      0x228 ./Core/Src/tim.o
                0x000000000800189c                HAL_TIM_MspPostInit
 .text.MX_UART4_Init
                0x0000000008001ac4       0x60 ./Core/Src/usart.o
                0x0000000008001ac4                MX_UART4_Init
 .text.MX_USART2_UART_Init
                0x0000000008001b24       0x60 ./Core/Src/usart.o
                0x0000000008001b24                MX_USART2_UART_Init
 .text.HAL_UART_MspInit
                0x0000000008001b84       0xfc ./Core/Src/usart.o
                0x0000000008001b84                HAL_UART_MspInit
 .text.Reset_Handler
                0x0000000008001c80       0x50 ./Core/Startup/startup_stm32f303retx.o
                0x0000000008001c80                Reset_Handler
 .text.Default_Handler
                0x0000000008001cd0        0x2 ./Core/Startup/startup_stm32f303retx.o
                0x0000000008001cd0                RTC_Alarm_IRQHandler
                0x0000000008001cd0                TIM8_TRG_COM_IRQHandler
                0x0000000008001cd0                SPI4_IRQHandler
                0x0000000008001cd0                USB_HP_IRQHandler
                0x0000000008001cd0                PVD_IRQHandler
                0x0000000008001cd0                TAMP_STAMP_IRQHandler
                0x0000000008001cd0                EXTI3_IRQHandler
                0x0000000008001cd0                I2C3_ER_IRQHandler
                0x0000000008001cd0                USB_HP_CAN_TX_IRQHandler
                0x0000000008001cd0                EXTI0_IRQHandler
                0x0000000008001cd0                I2C2_EV_IRQHandler
                0x0000000008001cd0                FPU_IRQHandler
                0x0000000008001cd0                TIM1_UP_TIM16_IRQHandler
                0x0000000008001cd0                ADC1_2_IRQHandler
                0x0000000008001cd0                SPI1_IRQHandler
                0x0000000008001cd0                CAN_SCE_IRQHandler
                0x0000000008001cd0                TIM8_UP_IRQHandler
                0x0000000008001cd0                DMA2_Channel2_IRQHandler
                0x0000000008001cd0                DMA1_Channel4_IRQHandler
                0x0000000008001cd0                TIM20_TRG_COM_IRQHandler
                0x0000000008001cd0                USART3_IRQHandler
                0x0000000008001cd0                DMA1_Channel7_IRQHandler
                0x0000000008001cd0                UART5_IRQHandler
                0x0000000008001cd0                ADC3_IRQHandler
                0x0000000008001cd0                CAN_RX1_IRQHandler
                0x0000000008001cd0                DMA2_Channel1_IRQHandler
                0x0000000008001cd0                I2C1_EV_IRQHandler
                0x0000000008001cd0                DMA1_Channel6_IRQHandler
                0x0000000008001cd0                DMA2_Channel4_IRQHandler
                0x0000000008001cd0                RCC_IRQHandler
                0x0000000008001cd0                TIM20_UP_IRQHandler
                0x0000000008001cd0                DMA1_Channel1_IRQHandler
                0x0000000008001cd0                Default_Handler
                0x0000000008001cd0                USBWakeUp_RMP_IRQHandler
                0x0000000008001cd0                EXTI15_10_IRQHandler
                0x0000000008001cd0                TIM7_IRQHandler
                0x0000000008001cd0                I2C3_EV_IRQHandler
                0x0000000008001cd0                EXTI9_5_IRQHandler
                0x0000000008001cd0                RTC_WKUP_IRQHandler
                0x0000000008001cd0                SPI2_IRQHandler
                0x0000000008001cd0                USB_LP_CAN_RX0_IRQHandler
                0x0000000008001cd0                DMA2_Channel5_IRQHandler
                0x0000000008001cd0                DMA1_Channel5_IRQHandler
                0x0000000008001cd0                USB_LP_IRQHandler
                0x0000000008001cd0                EXTI4_IRQHandler
                0x0000000008001cd0                TIM1_TRG_COM_TIM17_IRQHandler
                0x0000000008001cd0                DMA1_Channel3_IRQHandler
                0x0000000008001cd0                ADC4_IRQHandler
                0x0000000008001cd0                WWDG_IRQHandler
                0x0000000008001cd0                COMP7_IRQHandler
                0x0000000008001cd0                COMP1_2_3_IRQHandler
                0x0000000008001cd0                EXTI1_IRQHandler
                0x0000000008001cd0                USART2_IRQHandler
                0x0000000008001cd0                COMP4_5_6_IRQHandler
                0x0000000008001cd0                TIM20_BRK_IRQHandler
                0x0000000008001cd0                I2C2_ER_IRQHandler
                0x0000000008001cd0                DMA1_Channel2_IRQHandler
                0x0000000008001cd0                TIM8_BRK_IRQHandler
                0x0000000008001cd0                FLASH_IRQHandler
                0x0000000008001cd0                TIM20_CC_IRQHandler
                0x0000000008001cd0                USART1_IRQHandler
                0x0000000008001cd0                SPI3_IRQHandler
                0x0000000008001cd0                I2C1_ER_IRQHandler
                0x0000000008001cd0                FMC_IRQHandler
                0x0000000008001cd0                USBWakeUp_IRQHandler
                0x0000000008001cd0                DMA2_Channel3_IRQHandler
                0x0000000008001cd0                EXTI2_TSC_IRQHandler
 *fill*         0x0000000008001cd2        0x2 
 .text.HAL_UART_RxCpltCallback
                0x0000000008001cd4       0xb4 ./Drivers/ECU/Bluetooth/bluetooth.o
                0x0000000008001cd4                HAL_UART_RxCpltCallback
 .text.ECU_Bluetooth_ReciveData
                0x0000000008001d88       0x34 ./Drivers/ECU/Bluetooth/bluetooth.o
                0x0000000008001d88                ECU_Bluetooth_ReciveData
 .text.ECU_Motor_GeneratePWM
                0x0000000008001dbc      0x120 ./Drivers/ECU/Motor/ecu_motor.o
                0x0000000008001dbc                ECU_Motor_GeneratePWM
 .text.ECU_Motor_ChangeSpeed
                0x0000000008001edc       0x3a ./Drivers/ECU/Motor/ecu_motor.o
                0x0000000008001edc                ECU_Motor_ChangeSpeed
 *fill*         0x0000000008001f16        0x2 
 .text.ECU_Motor_NextStep
                0x0000000008001f18      0x178 ./Drivers/ECU/Motor/ecu_motor.o
                0x0000000008001f18                ECU_Motor_NextStep
 .text.ECU_Motor_MoveForward
                0x0000000008002090       0x50 ./Drivers/ECU/Motor/ecu_motor.o
                0x0000000008002090                ECU_Motor_MoveForward
 .text.ECU_Motor_MoveReverse
                0x00000000080020e0       0x50 ./Drivers/ECU/Motor/ecu_motor.o
                0x00000000080020e0                ECU_Motor_MoveReverse
 .text.ECU_Motor_MoveForwardRight
                0x0000000008002130       0x6c ./Drivers/ECU/Motor/ecu_motor.o
                0x0000000008002130                ECU_Motor_MoveForwardRight
 .text.ECU_Motor_MoveForwardLeft
                0x000000000800219c       0x6c ./Drivers/ECU/Motor/ecu_motor.o
                0x000000000800219c                ECU_Motor_MoveForwardLeft
 .text.ECU_Motor_MoveReverseRight
                0x0000000008002208       0x6c ./Drivers/ECU/Motor/ecu_motor.o
                0x0000000008002208                ECU_Motor_MoveReverseRight
 .text.ECU_Motor_MoveReverseLeft
                0x0000000008002274       0x6c ./Drivers/ECU/Motor/ecu_motor.o
                0x0000000008002274                ECU_Motor_MoveReverseLeft
 .text.ECU_Motor_Stop
                0x00000000080022e0       0x6c ./Drivers/ECU/Motor/ecu_motor.o
                0x00000000080022e0                ECU_Motor_Stop
 .text.ECU_Motor_MoveRight
                0x000000000800234c       0x6c ./Drivers/ECU/Motor/ecu_motor.o
                0x000000000800234c                ECU_Motor_MoveRight
 .text.ECU_Motor_MoveLeft
                0x00000000080023b8       0x6c ./Drivers/ECU/Motor/ecu_motor.o
                0x00000000080023b8                ECU_Motor_MoveLeft
 .text.HAL_TIM_IC_CaptureCallback
                0x0000000008002424       0xb8 ./Drivers/ECU/Ultrasonic/ultrasonic.o
                0x0000000008002424                HAL_TIM_IC_CaptureCallback
 .text.ECU_Ultrasonic_Read
                0x00000000080024dc       0x40 ./Drivers/ECU/Ultrasonic/ultrasonic.o
                0x00000000080024dc                ECU_Ultrasonic_Read
 .text.ECU_Ultrasonic_GenerateTrigger
                0x000000000800251c      0x110 ./Drivers/ECU/Ultrasonic/ultrasonic.o
 .text.IC_first_Capture
                0x000000000800262c       0x52 ./Drivers/ECU/Ultrasonic/ultrasonic.o
 *fill*         0x000000000800267e        0x2 
 .text.IC_second_Capture
                0x0000000008002680       0xc8 ./Drivers/ECU/Ultrasonic/ultrasonic.o
 .text.HAL_Init
                0x0000000008002748       0x2c ./Drivers/STM32F3xx_HAL_Driver/Src/stm32f3xx_hal.o
                0x0000000008002748                HAL_Init
 .text.HAL_IncTick
                0x0000000008002774       0x28 ./Drivers/STM32F3xx_HAL_Driver/Src/stm32f3xx_hal.o
                0x0000000008002774                HAL_IncTick
 .text.HAL_GetTick
                0x000000000800279c       0x18 ./Drivers/STM32F3xx_HAL_Driver/Src/stm32f3xx_hal.o
                0x000000000800279c                HAL_GetTick
 .text.HAL_Delay
                0x00000000080027b4       0x48 ./Drivers/STM32F3xx_HAL_Driver/Src/stm32f3xx_hal.o
                0x00000000080027b4                HAL_Delay
 .text.__NVIC_SetPriorityGrouping
                0x00000000080027fc       0x48 ./Drivers/STM32F3xx_HAL_Driver/Src/stm32f3xx_hal_cortex.o
 .text.__NVIC_GetPriorityGrouping
                0x0000000008002844       0x1c ./Drivers/STM32F3xx_HAL_Driver/Src/stm32f3xx_hal_cortex.o
 .text.__NVIC_EnableIRQ
                0x0000000008002860       0x3c ./Drivers/STM32F3xx_HAL_Driver/Src/stm32f3xx_hal_cortex.o
 .text.__NVIC_SetPriority
                0x000000000800289c       0x54 ./Drivers/STM32F3xx_HAL_Driver/Src/stm32f3xx_hal_cortex.o
 .text.NVIC_EncodePriority
                0x00000000080028f0       0x66 ./Drivers/STM32F3xx_HAL_Driver/Src/stm32f3xx_hal_cortex.o
 .text.HAL_NVIC_SetPriorityGrouping
                0x0000000008002956       0x16 ./Drivers/STM32F3xx_HAL_Driver/Src/stm32f3xx_hal_cortex.o
                0x0000000008002956                HAL_NVIC_SetPriorityGrouping
 .text.HAL_NVIC_SetPriority
                0x000000000800296c       0x38 ./Drivers/STM32F3xx_HAL_Driver/Src/stm32f3xx_hal_cortex.o
                0x000000000800296c                HAL_NVIC_SetPriority
 .text.HAL_NVIC_EnableIRQ
                0x00000000080029a4       0x1c ./Drivers/STM32F3xx_HAL_Driver/Src/stm32f3xx_hal_cortex.o
                0x00000000080029a4                HAL_NVIC_EnableIRQ
 .text.HAL_DMA_Abort
                0x00000000080029c0       0x72 ./Drivers/STM32F3xx_HAL_Driver/Src/stm32f3xx_hal_dma.o
                0x00000000080029c0                HAL_DMA_Abort
 .text.HAL_DMA_Abort_IT
                0x0000000008002a32       0x7c ./Drivers/STM32F3xx_HAL_Driver/Src/stm32f3xx_hal_dma.o
                0x0000000008002a32                HAL_DMA_Abort_IT
 *fill*         0x0000000008002aae        0x2 
 .text.HAL_GPIO_Init
                0x0000000008002ab0      0x314 ./Drivers/STM32F3xx_HAL_Driver/Src/stm32f3xx_hal_gpio.o
                0x0000000008002ab0                HAL_GPIO_Init
 .text.HAL_GPIO_WritePin
                0x0000000008002dc4       0x30 ./Drivers/STM32F3xx_HAL_Driver/Src/stm32f3xx_hal_gpio.o
                0x0000000008002dc4                HAL_GPIO_WritePin
 .text.HAL_RCC_OscConfig
                0x0000000008002df4     0x10a8 ./Drivers/STM32F3xx_HAL_Driver/Src/stm32f3xx_hal_rcc.o
                0x0000000008002df4                HAL_RCC_OscConfig
 .text.HAL_RCC_ClockConfig
                0x0000000008003e9c      0x2f8 ./Drivers/STM32F3xx_HAL_Driver/Src/stm32f3xx_hal_rcc.o
                0x0000000008003e9c                HAL_RCC_ClockConfig
 .text.HAL_RCC_GetSysClockFreq
                0x0000000008004194       0xd4 ./Drivers/STM32F3xx_HAL_Driver/Src/stm32f3xx_hal_rcc.o
                0x0000000008004194                HAL_RCC_GetSysClockFreq
 .text.HAL_RCC_GetHCLKFreq
                0x0000000008004268       0x18 ./Drivers/STM32F3xx_HAL_Driver/Src/stm32f3xx_hal_rcc.o
                0x0000000008004268                HAL_RCC_GetHCLKFreq
 .text.HAL_RCC_GetPCLK1Freq
                0x0000000008004280       0x44 ./Drivers/STM32F3xx_HAL_Driver/Src/stm32f3xx_hal_rcc.o
                0x0000000008004280                HAL_RCC_GetPCLK1Freq
 .text.HAL_RCC_GetPCLK2Freq
                0x00000000080042c4       0x44 ./Drivers/STM32F3xx_HAL_Driver/Src/stm32f3xx_hal_rcc.o
                0x00000000080042c4                HAL_RCC_GetPCLK2Freq
 .text.HAL_RCC_GetClockConfig
                0x0000000008004308       0x64 ./Drivers/STM32F3xx_HAL_Driver/Src/stm32f3xx_hal_rcc.o
                0x0000000008004308                HAL_RCC_GetClockConfig
 .text.HAL_RCCEx_PeriphCLKConfig
                0x000000000800436c      0x43c ./Drivers/STM32F3xx_HAL_Driver/Src/stm32f3xx_hal_rcc_ex.o
                0x000000000800436c                HAL_RCCEx_PeriphCLKConfig
 .text.HAL_TIM_Base_Init
                0x00000000080047a8       0xae ./Drivers/STM32F3xx_HAL_Driver/Src/stm32f3xx_hal_tim.o
                0x00000000080047a8                HAL_TIM_Base_Init
 *fill*         0x0000000008004856        0x2 
 .text.HAL_TIM_Base_Start_IT
                0x0000000008004858       0xe0 ./Drivers/STM32F3xx_HAL_Driver/Src/stm32f3xx_hal_tim.o
                0x0000000008004858                HAL_TIM_Base_Start_IT
 .text.HAL_TIM_PWM_Init
                0x0000000008004938       0xae ./Drivers/STM32F3xx_HAL_Driver/Src/stm32f3xx_hal_tim.o
                0x0000000008004938                HAL_TIM_PWM_Init
 .text.HAL_TIM_PWM_MspInit
                0x00000000080049e6       0x14 ./Drivers/STM32F3xx_HAL_Driver/Src/stm32f3xx_hal_tim.o
                0x00000000080049e6                HAL_TIM_PWM_MspInit
 *fill*         0x00000000080049fa        0x2 
 .text.HAL_TIM_PWM_Start
                0x00000000080049fc      0x218 ./Drivers/STM32F3xx_HAL_Driver/Src/stm32f3xx_hal_tim.o
                0x00000000080049fc                HAL_TIM_PWM_Start
 .text.HAL_TIM_PWM_Stop
                0x0000000008004c14      0x138 ./Drivers/STM32F3xx_HAL_Driver/Src/stm32f3xx_hal_tim.o
                0x0000000008004c14                HAL_TIM_PWM_Stop
 .text.HAL_TIM_IC_Init
                0x0000000008004d4c       0xae ./Drivers/STM32F3xx_HAL_Driver/Src/stm32f3xx_hal_tim.o
                0x0000000008004d4c                HAL_TIM_IC_Init
 .text.HAL_TIM_IC_MspInit
                0x0000000008004dfa       0x14 ./Drivers/STM32F3xx_HAL_Driver/Src/stm32f3xx_hal_tim.o
                0x0000000008004dfa                HAL_TIM_IC_MspInit
 *fill*         0x0000000008004e0e        0x2 
 .text.HAL_TIM_IC_Start_IT
                0x0000000008004e10      0x294 ./Drivers/STM32F3xx_HAL_Driver/Src/stm32f3xx_hal_tim.o
                0x0000000008004e10                HAL_TIM_IC_Start_IT
 .text.HAL_TIM_IC_Stop_IT
                0x00000000080050a4      0x17c ./Drivers/STM32F3xx_HAL_Driver/Src/stm32f3xx_hal_tim.o
                0x00000000080050a4                HAL_TIM_IC_Stop_IT
 .text.HAL_TIM_IRQHandler
                0x0000000008005220      0x23e ./Drivers/STM32F3xx_HAL_Driver/Src/stm32f3xx_hal_tim.o
                0x0000000008005220                HAL_TIM_IRQHandler
 .text.HAL_TIM_IC_ConfigChannel
                0x000000000800545e      0x138 ./Drivers/STM32F3xx_HAL_Driver/Src/stm32f3xx_hal_tim.o
                0x000000000800545e                HAL_TIM_IC_ConfigChannel
 *fill*         0x0000000008005596        0x2 
 .text.HAL_TIM_PWM_ConfigChannel
                0x0000000008005598      0x228 ./Drivers/STM32F3xx_HAL_Driver/Src/stm32f3xx_hal_tim.o
                0x0000000008005598                HAL_TIM_PWM_ConfigChannel
 .text.HAL_TIM_ConfigClockSource
                0x00000000080057c0      0x192 ./Drivers/STM32F3xx_HAL_Driver/Src/stm32f3xx_hal_tim.o
                0x00000000080057c0                HAL_TIM_ConfigClockSource
 *fill*         0x0000000008005952        0x2 
 .text.HAL_TIM_ReadCapturedValue
                0x0000000008005954       0x88 ./Drivers/STM32F3xx_HAL_Driver/Src/stm32f3xx_hal_tim.o
                0x0000000008005954                HAL_TIM_ReadCapturedValue
 .text.HAL_TIM_OC_DelayElapsedCallback
                0x00000000080059dc       0x14 ./Drivers/STM32F3xx_HAL_Driver/Src/stm32f3xx_hal_tim.o
                0x00000000080059dc                HAL_TIM_OC_DelayElapsedCallback
 .text.HAL_TIM_PWM_PulseFinishedCallback
                0x00000000080059f0       0x14 ./Drivers/STM32F3xx_HAL_Driver/Src/stm32f3xx_hal_tim.o
                0x00000000080059f0                HAL_TIM_PWM_PulseFinishedCallback
 .text.HAL_TIM_TriggerCallback
                0x0000000008005a04       0x14 ./Drivers/STM32F3xx_HAL_Driver/Src/stm32f3xx_hal_tim.o
                0x0000000008005a04                HAL_TIM_TriggerCallback
 .text.TIM_Base_SetConfig
                0x0000000008005a18      0x13c ./Drivers/STM32F3xx_HAL_Driver/Src/stm32f3xx_hal_tim.o
                0x0000000008005a18                TIM_Base_SetConfig
 .text.TIM_OC1_SetConfig
                0x0000000008005b54      0x134 ./Drivers/STM32F3xx_HAL_Driver/Src/stm32f3xx_hal_tim.o
 .text.TIM_OC2_SetConfig
                0x0000000008005c88      0x128 ./Drivers/STM32F3xx_HAL_Driver/Src/stm32f3xx_hal_tim.o
                0x0000000008005c88                TIM_OC2_SetConfig
 .text.TIM_OC3_SetConfig
                0x0000000008005db0      0x124 ./Drivers/STM32F3xx_HAL_Driver/Src/stm32f3xx_hal_tim.o
 .text.TIM_OC4_SetConfig
                0x0000000008005ed4       0xe0 ./Drivers/STM32F3xx_HAL_Driver/Src/stm32f3xx_hal_tim.o
 .text.TIM_OC5_SetConfig
                0x0000000008005fb4       0xd4 ./Drivers/STM32F3xx_HAL_Driver/Src/stm32f3xx_hal_tim.o
 .text.TIM_OC6_SetConfig
                0x0000000008006088       0xd8 ./Drivers/STM32F3xx_HAL_Driver/Src/stm32f3xx_hal_tim.o
 .text.TIM_TI1_SetConfig
                0x0000000008006160       0xdc ./Drivers/STM32F3xx_HAL_Driver/Src/stm32f3xx_hal_tim.o
                0x0000000008006160                TIM_TI1_SetConfig
 .text.TIM_TI1_ConfigInputStage
                0x000000000800623c       0x5e ./Drivers/STM32F3xx_HAL_Driver/Src/stm32f3xx_hal_tim.o
 .text.TIM_TI2_SetConfig
                0x000000000800629a       0x7a ./Drivers/STM32F3xx_HAL_Driver/Src/stm32f3xx_hal_tim.o
 .text.TIM_TI2_ConfigInputStage
                0x0000000008006314       0x60 ./Drivers/STM32F3xx_HAL_Driver/Src/stm32f3xx_hal_tim.o
 .text.TIM_TI3_SetConfig
                0x0000000008006374       0x78 ./Drivers/STM32F3xx_HAL_Driver/Src/stm32f3xx_hal_tim.o
 .text.TIM_TI4_SetConfig
                0x00000000080063ec       0x7a ./Drivers/STM32F3xx_HAL_Driver/Src/stm32f3xx_hal_tim.o
 .text.TIM_ITRx_SetConfig
                0x0000000008006466       0x36 ./Drivers/STM32F3xx_HAL_Driver/Src/stm32f3xx_hal_tim.o
 .text.TIM_ETR_SetConfig
                0x000000000800649c       0x40 ./Drivers/STM32F3xx_HAL_Driver/Src/stm32f3xx_hal_tim.o
                0x000000000800649c                TIM_ETR_SetConfig
 .text.TIM_CCxChannelCmd
                0x00000000080064dc       0x4a ./Drivers/STM32F3xx_HAL_Driver/Src/stm32f3xx_hal_tim.o
                0x00000000080064dc                TIM_CCxChannelCmd
 *fill*         0x0000000008006526        0x2 
 .text.HAL_TIMEx_MasterConfigSynchronization
                0x0000000008006528      0x118 ./Drivers/STM32F3xx_HAL_Driver/Src/stm32f3xx_hal_tim_ex.o
                0x0000000008006528                HAL_TIMEx_MasterConfigSynchronization
 .text.HAL_TIMEx_ConfigBreakDeadTime
                0x0000000008006640      0x10c ./Drivers/STM32F3xx_HAL_Driver/Src/stm32f3xx_hal_tim_ex.o
                0x0000000008006640                HAL_TIMEx_ConfigBreakDeadTime
 .text.HAL_TIMEx_CommutCallback
                0x000000000800674c       0x14 ./Drivers/STM32F3xx_HAL_Driver/Src/stm32f3xx_hal_tim_ex.o
                0x000000000800674c                HAL_TIMEx_CommutCallback
 .text.HAL_TIMEx_BreakCallback
                0x0000000008006760       0x14 ./Drivers/STM32F3xx_HAL_Driver/Src/stm32f3xx_hal_tim_ex.o
                0x0000000008006760                HAL_TIMEx_BreakCallback
 .text.HAL_TIMEx_Break2Callback
                0x0000000008006774       0x14 ./Drivers/STM32F3xx_HAL_Driver/Src/stm32f3xx_hal_tim_ex.o
                0x0000000008006774                HAL_TIMEx_Break2Callback
 .text.HAL_UART_Init
                0x0000000008006788       0x9c ./Drivers/STM32F3xx_HAL_Driver/Src/stm32f3xx_hal_uart.o
                0x0000000008006788                HAL_UART_Init
 .text.HAL_UART_Receive_IT
                0x0000000008006824       0x88 ./Drivers/STM32F3xx_HAL_Driver/Src/stm32f3xx_hal_uart.o
                0x0000000008006824                HAL_UART_Receive_IT
 .text.HAL_UART_IRQHandler
                0x00000000080068ac      0x5cc ./Drivers/STM32F3xx_HAL_Driver/Src/stm32f3xx_hal_uart.o
                0x00000000080068ac                HAL_UART_IRQHandler
 .text.HAL_UART_TxCpltCallback
                0x0000000008006e78       0x14 ./Drivers/STM32F3xx_HAL_Driver/Src/stm32f3xx_hal_uart.o
                0x0000000008006e78                HAL_UART_TxCpltCallback
 .text.HAL_UART_ErrorCallback
                0x0000000008006e8c       0x14 ./Drivers/STM32F3xx_HAL_Driver/Src/stm32f3xx_hal_uart.o
                0x0000000008006e8c                HAL_UART_ErrorCallback
 .text.HAL_UARTEx_RxEventCallback
                0x0000000008006ea0       0x18 ./Drivers/STM32F3xx_HAL_Driver/Src/stm32f3xx_hal_uart.o
                0x0000000008006ea0                HAL_UARTEx_RxEventCallback
 .text.UART_SetConfig
                0x0000000008006eb8      0x3a8 ./Drivers/STM32F3xx_HAL_Driver/Src/stm32f3xx_hal_uart.o
                0x0000000008006eb8                UART_SetConfig
 .text.UART_AdvFeatureConfig
                0x0000000008007260      0x144 ./Drivers/STM32F3xx_HAL_Driver/Src/stm32f3xx_hal_uart.o
                0x0000000008007260                UART_AdvFeatureConfig
 .text.UART_CheckIdleState
                0x00000000080073a4      0x150 ./Drivers/STM32F3xx_HAL_Driver/Src/stm32f3xx_hal_uart.o
                0x00000000080073a4                UART_CheckIdleState
 .text.UART_WaitOnFlagUntilTimeout
                0x00000000080074f4       0xce ./Drivers/STM32F3xx_HAL_Driver/Src/stm32f3xx_hal_uart.o
                0x00000000080074f4                UART_WaitOnFlagUntilTimeout
 *fill*         0x00000000080075c2        0x2 
 .text.UART_Start_Receive_IT
                0x00000000080075c4      0x18c ./Drivers/STM32F3xx_HAL_Driver/Src/stm32f3xx_hal_uart.o
                0x00000000080075c4                UART_Start_Receive_IT
 .text.UART_EndRxTransfer
                0x0000000008007750       0xc8 ./Drivers/STM32F3xx_HAL_Driver/Src/stm32f3xx_hal_uart.o
 .text.UART_DMAAbortOnError
                0x0000000008007818       0x2c ./Drivers/STM32F3xx_HAL_Driver/Src/stm32f3xx_hal_uart.o
 .text.UART_EndTransmit_IT
                0x0000000008007844       0x54 ./Drivers/STM32F3xx_HAL_Driver/Src/stm32f3xx_hal_uart.o
 .text.UART_RxISR_8BIT
                0x0000000008007898      0x1a8 ./Drivers/STM32F3xx_HAL_Driver/Src/stm32f3xx_hal_uart.o
 .text.UART_RxISR_16BIT
                0x0000000008007a40      0x1a8 ./Drivers/STM32F3xx_HAL_Driver/Src/stm32f3xx_hal_uart.o
 .text.HAL_UARTEx_WakeupCallback
                0x0000000008007be8       0x14 ./Drivers/STM32F3xx_HAL_Driver/Src/stm32f3xx_hal_uart_ex.o
                0x0000000008007be8                HAL_UARTEx_WakeupCallback
 .text.osKernelInitialize
                0x0000000008007bfc       0x68 ./Middlewares/Third_Party/FreeRTOS/Source/CMSIS_RTOS_V2/cmsis_os2.o
                0x0000000008007bfc                osKernelInitialize
 .text.osKernelStart
                0x0000000008007c64       0x68 ./Middlewares/Third_Party/FreeRTOS/Source/CMSIS_RTOS_V2/cmsis_os2.o
                0x0000000008007c64                osKernelStart
 .text.osThreadNew
                0x0000000008007ccc      0x154 ./Middlewares/Third_Party/FreeRTOS/Source/CMSIS_RTOS_V2/cmsis_os2.o
                0x0000000008007ccc                osThreadNew
 .text.osThreadGetId
                0x0000000008007e20       0x4c ./Middlewares/Third_Party/FreeRTOS/Source/CMSIS_RTOS_V2/cmsis_os2.o
                0x0000000008007e20                osThreadGetId
 .text.osThreadSuspend
                0x0000000008007e6c       0x68 ./Middlewares/Third_Party/FreeRTOS/Source/CMSIS_RTOS_V2/cmsis_os2.o
                0x0000000008007e6c                osThreadSuspend
 .text.osDelay  0x0000000008007ed4       0x5c ./Middlewares/Third_Party/FreeRTOS/Source/CMSIS_RTOS_V2/cmsis_os2.o
                0x0000000008007ed4                osDelay
 .text.osEventFlagsNew
                0x0000000008007f30       0xa4 ./Middlewares/Third_Party/FreeRTOS/Source/CMSIS_RTOS_V2/cmsis_os2.o
                0x0000000008007f30                osEventFlagsNew
 .text.osEventFlagsSet
                0x0000000008007fd4       0xb0 ./Middlewares/Third_Party/FreeRTOS/Source/CMSIS_RTOS_V2/cmsis_os2.o
                0x0000000008007fd4                osEventFlagsSet
 .text.osEventFlagsClear
                0x0000000008008084       0x88 ./Middlewares/Third_Party/FreeRTOS/Source/CMSIS_RTOS_V2/cmsis_os2.o
                0x0000000008008084                osEventFlagsClear
 .text.osEventFlagsGet
                0x000000000800810c       0x68 ./Middlewares/Third_Party/FreeRTOS/Source/CMSIS_RTOS_V2/cmsis_os2.o
                0x000000000800810c                osEventFlagsGet
 .text.osMutexNew
                0x0000000008008174      0x134 ./Middlewares/Third_Party/FreeRTOS/Source/CMSIS_RTOS_V2/cmsis_os2.o
                0x0000000008008174                osMutexNew
 .text.vApplicationGetIdleTaskMemory
                0x00000000080082a8       0x34 ./Middlewares/Third_Party/FreeRTOS/Source/CMSIS_RTOS_V2/cmsis_os2.o
                0x00000000080082a8                vApplicationGetIdleTaskMemory
 .text.vApplicationGetTimerTaskMemory
                0x00000000080082dc       0x34 ./Middlewares/Third_Party/FreeRTOS/Source/CMSIS_RTOS_V2/cmsis_os2.o
                0x00000000080082dc                vApplicationGetTimerTaskMemory
 .text.xEventGroupCreateStatic
                0x0000000008008310       0x6e ./Middlewares/Third_Party/FreeRTOS/Source/event_groups.o
                0x0000000008008310                xEventGroupCreateStatic
 .text.xEventGroupCreate
                0x000000000800837e       0x34 ./Middlewares/Third_Party/FreeRTOS/Source/event_groups.o
                0x000000000800837e                xEventGroupCreate
 .text.xEventGroupClearBits
                0x00000000080083b2       0x70 ./Middlewares/Third_Party/FreeRTOS/Source/event_groups.o
                0x00000000080083b2                xEventGroupClearBits
 *fill*         0x0000000008008422        0x2 
 .text.xEventGroupClearBitsFromISR
                0x0000000008008424       0x28 ./Middlewares/Third_Party/FreeRTOS/Source/event_groups.o
                0x0000000008008424                xEventGroupClearBitsFromISR
 .text.xEventGroupGetBitsFromISR
                0x000000000800844c       0x48 ./Middlewares/Third_Party/FreeRTOS/Source/event_groups.o
                0x000000000800844c                xEventGroupGetBitsFromISR
 .text.xEventGroupSetBits
                0x0000000008008494      0x116 ./Middlewares/Third_Party/FreeRTOS/Source/event_groups.o
                0x0000000008008494                xEventGroupSetBits
 .text.vEventGroupSetBitsCallback
                0x00000000080085aa       0x1a ./Middlewares/Third_Party/FreeRTOS/Source/event_groups.o
                0x00000000080085aa                vEventGroupSetBitsCallback
 .text.vEventGroupClearBitsCallback
                0x00000000080085c4       0x1a ./Middlewares/Third_Party/FreeRTOS/Source/event_groups.o
                0x00000000080085c4                vEventGroupClearBitsCallback
 *fill*         0x00000000080085de        0x2 
 .text.xEventGroupSetBitsFromISR
                0x00000000080085e0       0x28 ./Middlewares/Third_Party/FreeRTOS/Source/event_groups.o
                0x00000000080085e0                xEventGroupSetBitsFromISR
 .text.vListInitialise
                0x0000000008008608       0x40 ./Middlewares/Third_Party/FreeRTOS/Source/list.o
                0x0000000008008608                vListInitialise
 .text.vListInitialiseItem
                0x0000000008008648       0x1a ./Middlewares/Third_Party/FreeRTOS/Source/list.o
                0x0000000008008648                vListInitialiseItem
 .text.vListInsertEnd
                0x0000000008008662       0x48 ./Middlewares/Third_Party/FreeRTOS/Source/list.o
                0x0000000008008662                vListInsertEnd
 .text.vListInsert
                0x00000000080086aa       0x72 ./Middlewares/Third_Party/FreeRTOS/Source/list.o
                0x00000000080086aa                vListInsert
 .text.uxListRemove
                0x000000000800871c       0x54 ./Middlewares/Third_Party/FreeRTOS/Source/list.o
                0x000000000800871c                uxListRemove
 .text.xQueueGenericReset
                0x0000000008008770       0xd0 ./Middlewares/Third_Party/FreeRTOS/Source/queue.o
                0x0000000008008770                xQueueGenericReset
 .text.xQueueGenericCreateStatic
                0x0000000008008840       0xee ./Middlewares/Third_Party/FreeRTOS/Source/queue.o
                0x0000000008008840                xQueueGenericCreateStatic
 .text.xQueueGenericCreate
                0x000000000800892e       0x7c ./Middlewares/Third_Party/FreeRTOS/Source/queue.o
                0x000000000800892e                xQueueGenericCreate
 .text.prvInitialiseNewQueue
                0x00000000080089aa       0x46 ./Middlewares/Third_Party/FreeRTOS/Source/queue.o
 .text.prvInitialiseMutex
                0x00000000080089f0       0x34 ./Middlewares/Third_Party/FreeRTOS/Source/queue.o
 .text.xQueueCreateMutex
                0x0000000008008a24       0x30 ./Middlewares/Third_Party/FreeRTOS/Source/queue.o
                0x0000000008008a24                xQueueCreateMutex
 .text.xQueueCreateMutexStatic
                0x0000000008008a54       0x36 ./Middlewares/Third_Party/FreeRTOS/Source/queue.o
                0x0000000008008a54                xQueueCreateMutexStatic
 *fill*         0x0000000008008a8a        0x2 
 .text.xQueueGenericSend
                0x0000000008008a8c      0x1fc ./Middlewares/Third_Party/FreeRTOS/Source/queue.o
                0x0000000008008a8c                xQueueGenericSend
 .text.xQueueGenericSendFromISR
                0x0000000008008c88      0x130 ./Middlewares/Third_Party/FreeRTOS/Source/queue.o
                0x0000000008008c88                xQueueGenericSendFromISR
 .text.xQueueReceive
                0x0000000008008db8      0x1c0 ./Middlewares/Third_Party/FreeRTOS/Source/queue.o
                0x0000000008008db8                xQueueReceive
 .text.prvCopyDataToQueue
                0x0000000008008f78       0xd4 ./Middlewares/Third_Party/FreeRTOS/Source/queue.o
 .text.prvCopyDataFromQueue
                0x000000000800904c       0x4c ./Middlewares/Third_Party/FreeRTOS/Source/queue.o
 .text.prvUnlockQueue
                0x0000000008009098       0xa4 ./Middlewares/Third_Party/FreeRTOS/Source/queue.o
 .text.prvIsQueueEmpty
                0x000000000800913c       0x2c ./Middlewares/Third_Party/FreeRTOS/Source/queue.o
 .text.prvIsQueueFull
                0x0000000008009168       0x30 ./Middlewares/Third_Party/FreeRTOS/Source/queue.o
 .text.vQueueAddToRegistry
                0x0000000008009198       0x54 ./Middlewares/Third_Party/FreeRTOS/Source/queue.o
                0x0000000008009198                vQueueAddToRegistry
 .text.vQueueWaitForMessageRestricted
                0x00000000080091ec       0x68 ./Middlewares/Third_Party/FreeRTOS/Source/queue.o
                0x00000000080091ec                vQueueWaitForMessageRestricted
 .text.xTaskCreateStatic
                0x0000000008009254       0xb8 ./Middlewares/Third_Party/FreeRTOS/Source/tasks.o
                0x0000000008009254                xTaskCreateStatic
 .text.xTaskCreate
                0x000000000800930c       0x8a ./Middlewares/Third_Party/FreeRTOS/Source/tasks.o
                0x000000000800930c                xTaskCreate
 *fill*         0x0000000008009396        0x2 
 .text.prvInitialiseNewTask
                0x0000000008009398      0x13c ./Middlewares/Third_Party/FreeRTOS/Source/tasks.o
 .text.prvAddNewTaskToReadyList
                0x00000000080094d4       0xe0 ./Middlewares/Third_Party/FreeRTOS/Source/tasks.o
 .text.vTaskDelay
                0x00000000080095b4       0x68 ./Middlewares/Third_Party/FreeRTOS/Source/tasks.o
                0x00000000080095b4                vTaskDelay
 .text.vTaskSuspend
                0x000000000800961c       0xec ./Middlewares/Third_Party/FreeRTOS/Source/tasks.o
                0x000000000800961c                vTaskSuspend
 .text.vTaskStartScheduler
                0x0000000008009708       0xe0 ./Middlewares/Third_Party/FreeRTOS/Source/tasks.o
                0x0000000008009708                vTaskStartScheduler
 .text.vTaskSuspendAll
                0x00000000080097e8       0x1c ./Middlewares/Third_Party/FreeRTOS/Source/tasks.o
                0x00000000080097e8                vTaskSuspendAll
 .text.xTaskResumeAll
                0x0000000008009804      0x13c ./Middlewares/Third_Party/FreeRTOS/Source/tasks.o
                0x0000000008009804                xTaskResumeAll
 .text.xTaskGetTickCount
                0x0000000008009940       0x20 ./Middlewares/Third_Party/FreeRTOS/Source/tasks.o
                0x0000000008009940                xTaskGetTickCount
 .text.xTaskIncrementTick
                0x0000000008009960      0x17c ./Middlewares/Third_Party/FreeRTOS/Source/tasks.o
                0x0000000008009960                xTaskIncrementTick
 .text.vTaskSwitchContext
                0x0000000008009adc       0xc8 ./Middlewares/Third_Party/FreeRTOS/Source/tasks.o
                0x0000000008009adc                vTaskSwitchContext
 .text.vTaskPlaceOnEventList
                0x0000000008009ba4       0x48 ./Middlewares/Third_Party/FreeRTOS/Source/tasks.o
                0x0000000008009ba4                vTaskPlaceOnEventList
 .text.vTaskPlaceOnEventListRestricted
                0x0000000008009bec       0x58 ./Middlewares/Third_Party/FreeRTOS/Source/tasks.o
                0x0000000008009bec                vTaskPlaceOnEventListRestricted
 .text.xTaskRemoveFromEventList
                0x0000000008009c44       0xc8 ./Middlewares/Third_Party/FreeRTOS/Source/tasks.o
                0x0000000008009c44                xTaskRemoveFromEventList
 .text.vTaskRemoveFromUnorderedEventList
                0x0000000008009d0c       0xc4 ./Middlewares/Third_Party/FreeRTOS/Source/tasks.o
                0x0000000008009d0c                vTaskRemoveFromUnorderedEventList
 .text.vTaskInternalSetTimeOutState
                0x0000000008009dd0       0x2c ./Middlewares/Third_Party/FreeRTOS/Source/tasks.o
                0x0000000008009dd0                vTaskInternalSetTimeOutState
 .text.xTaskCheckForTimeOut
                0x0000000008009dfc       0xc4 ./Middlewares/Third_Party/FreeRTOS/Source/tasks.o
                0x0000000008009dfc                xTaskCheckForTimeOut
 .text.vTaskMissedYield
                0x0000000008009ec0       0x18 ./Middlewares/Third_Party/FreeRTOS/Source/tasks.o
                0x0000000008009ec0                vTaskMissedYield
 .text.prvIdleTask
                0x0000000008009ed8       0x30 ./Middlewares/Third_Party/FreeRTOS/Source/tasks.o
 .text.prvInitialiseTaskLists
                0x0000000008009f08       0x80 ./Middlewares/Third_Party/FreeRTOS/Source/tasks.o
 .text.prvCheckTasksWaitingTermination
                0x0000000008009f88       0x5c ./Middlewares/Third_Party/FreeRTOS/Source/tasks.o
 .text.prvDeleteTCB
                0x0000000008009fe4       0x68 ./Middlewares/Third_Party/FreeRTOS/Source/tasks.o
 .text.prvResetNextTaskUnblockTime
                0x000000000800a04c       0x4c ./Middlewares/Third_Party/FreeRTOS/Source/tasks.o
 .text.xTaskGetCurrentTaskHandle
                0x000000000800a098       0x20 ./Middlewares/Third_Party/FreeRTOS/Source/tasks.o
                0x000000000800a098                xTaskGetCurrentTaskHandle
 .text.xTaskGetSchedulerState
                0x000000000800a0b8       0x3c ./Middlewares/Third_Party/FreeRTOS/Source/tasks.o
                0x000000000800a0b8                xTaskGetSchedulerState
 .text.xTaskPriorityDisinherit
                0x000000000800a0f4       0xdc ./Middlewares/Third_Party/FreeRTOS/Source/tasks.o
                0x000000000800a0f4                xTaskPriorityDisinherit
 .text.prvAddCurrentTaskToDelayedList
                0x000000000800a1d0       0xa8 ./Middlewares/Third_Party/FreeRTOS/Source/tasks.o
 .text.xTimerCreateTimerTask
                0x000000000800a278       0x90 ./Middlewares/Third_Party/FreeRTOS/Source/timers.o
                0x000000000800a278                xTimerCreateTimerTask
 .text.xTimerGenericCommand
                0x000000000800a308       0x9c ./Middlewares/Third_Party/FreeRTOS/Source/timers.o
                0x000000000800a308                xTimerGenericCommand
 .text.prvProcessExpiredTimer
                0x000000000800a3a4       0x80 ./Middlewares/Third_Party/FreeRTOS/Source/timers.o
 .text.prvTimerTask
                0x000000000800a424       0x24 ./Middlewares/Third_Party/FreeRTOS/Source/timers.o
 .text.prvProcessTimerOrBlockTask
                0x000000000800a448       0x9c ./Middlewares/Third_Party/FreeRTOS/Source/timers.o
 .text.prvGetNextExpireTime
                0x000000000800a4e4       0x48 ./Middlewares/Third_Party/FreeRTOS/Source/timers.o
 .text.prvSampleTimeNow
                0x000000000800a52c       0x40 ./Middlewares/Third_Party/FreeRTOS/Source/timers.o
 .text.prvInsertTimerInActiveList
                0x000000000800a56c       0x84 ./Middlewares/Third_Party/FreeRTOS/Source/timers.o
 .text.prvProcessReceivedCommands
                0x000000000800a5f0      0x168 ./Middlewares/Third_Party/FreeRTOS/Source/timers.o
 .text.prvSwitchTimerLists
                0x000000000800a758       0xc4 ./Middlewares/Third_Party/FreeRTOS/Source/timers.o
 .text.prvCheckForValidListAndQueue
                0x000000000800a81c       0x80 ./Middlewares/Third_Party/FreeRTOS/Source/timers.o
 .text.xTimerPendFunctionCallFromISR
                0x000000000800a89c       0x40 ./Middlewares/Third_Party/FreeRTOS/Source/timers.o
                0x000000000800a89c                xTimerPendFunctionCallFromISR
 .text.pxPortInitialiseStack
                0x000000000800a8dc       0x68 ./Middlewares/Third_Party/FreeRTOS/Source/portable/GCC/ARM_CM4F/port.o
                0x000000000800a8dc                pxPortInitialiseStack
 .text.prvTaskExitError
                0x000000000800a944       0x58 ./Middlewares/Third_Party/FreeRTOS/Source/portable/GCC/ARM_CM4F/port.o
 *fill*         0x000000000800a99c        0x4 
 .text.SVC_Handler
                0x000000000800a9a0       0x28 ./Middlewares/Third_Party/FreeRTOS/Source/portable/GCC/ARM_CM4F/port.o
                0x000000000800a9a0                SVC_Handler
 .text.prvPortStartFirstTask
                0x000000000800a9c8       0x28 ./Middlewares/Third_Party/FreeRTOS/Source/portable/GCC/ARM_CM4F/port.o
 .text.xPortStartScheduler
                0x000000000800a9f0      0x144 ./Middlewares/Third_Party/FreeRTOS/Source/portable/GCC/ARM_CM4F/port.o
                0x000000000800a9f0                xPortStartScheduler
 .text.vPortEnterCritical
                0x000000000800ab34       0x60 ./Middlewares/Third_Party/FreeRTOS/Source/portable/GCC/ARM_CM4F/port.o
                0x000000000800ab34                vPortEnterCritical
 .text.vPortExitCritical
                0x000000000800ab94       0x54 ./Middlewares/Third_Party/FreeRTOS/Source/portable/GCC/ARM_CM4F/port.o
                0x000000000800ab94                vPortExitCritical
 *fill*         0x000000000800abe8        0x8 
 .text.PendSV_Handler
                0x000000000800abf0       0x68 ./Middlewares/Third_Party/FreeRTOS/Source/portable/GCC/ARM_CM4F/port.o
                0x000000000800abf0                PendSV_Handler
 .text.SysTick_Handler
                0x000000000800ac58       0x44 ./Middlewares/Third_Party/FreeRTOS/Source/portable/GCC/ARM_CM4F/port.o
                0x000000000800ac58                SysTick_Handler
 .text.vPortSetupTimerInterrupt
                0x000000000800ac9c       0x48 ./Middlewares/Third_Party/FreeRTOS/Source/portable/GCC/ARM_CM4F/port.o
                0x000000000800ac9c                vPortSetupTimerInterrupt
 .text.vPortEnableVFP
                0x000000000800ace4       0x14 ./Middlewares/Third_Party/FreeRTOS/Source/portable/GCC/ARM_CM4F/port.o
 .text.vPortValidateInterruptPriority
                0x000000000800acf8       0x80 ./Middlewares/Third_Party/FreeRTOS/Source/portable/GCC/ARM_CM4F/port.o
                0x000000000800acf8                vPortValidateInterruptPriority
 .text.pvPortMalloc
                0x000000000800ad78      0x188 ./Middlewares/Third_Party/FreeRTOS/Source/portable/MemMang/heap_4.o
                0x000000000800ad78                pvPortMalloc
 .text.vPortFree
                0x000000000800af00       0xb4 ./Middlewares/Third_Party/FreeRTOS/Source/portable/MemMang/heap_4.o
                0x000000000800af00                vPortFree
 .text.prvHeapInit
                0x000000000800afb4       0xc4 ./Middlewares/Third_Party/FreeRTOS/Source/portable/MemMang/heap_4.o
 .text.prvInsertBlockIntoFreeList
                0x000000000800b078       0xb4 ./Middlewares/Third_Party/FreeRTOS/Source/portable/MemMang/heap_4.o
 .text.std      0x000000000800b12c       0x6c C:/ST/STM32CubeIDE_1.13.1/STM32CubeIDE/plugins/com.st.stm32cube.ide.mcu.externaltools.gnu-tools-for-stm32.11.3.rel1.win32_1.1.1.202309131626/tools/bin/../lib/gcc/arm-none-eabi/11.3.1/../../../../arm-none-eabi/lib/thumb/v7e-m+fp/hard\libc_nano.a(libc_a-findfp.o)
 .text.stdio_exit_handler
                0x000000000800b198       0x18 C:/ST/STM32CubeIDE_1.13.1/STM32CubeIDE/plugins/com.st.stm32cube.ide.mcu.externaltools.gnu-tools-for-stm32.11.3.rel1.win32_1.1.1.202309131626/tools/bin/../lib/gcc/arm-none-eabi/11.3.1/../../../../arm-none-eabi/lib/thumb/v7e-m+fp/hard\libc_nano.a(libc_a-findfp.o)
 .text.cleanup_stdio
                0x000000000800b1b0       0x40 C:/ST/STM32CubeIDE_1.13.1/STM32CubeIDE/plugins/com.st.stm32cube.ide.mcu.externaltools.gnu-tools-for-stm32.11.3.rel1.win32_1.1.1.202309131626/tools/bin/../lib/gcc/arm-none-eabi/11.3.1/../../../../arm-none-eabi/lib/thumb/v7e-m+fp/hard\libc_nano.a(libc_a-findfp.o)
 .text.global_stdio_init.part.0
                0x000000000800b1f0       0x3c C:/ST/STM32CubeIDE_1.13.1/STM32CubeIDE/plugins/com.st.stm32cube.ide.mcu.externaltools.gnu-tools-for-stm32.11.3.rel1.win32_1.1.1.202309131626/tools/bin/../lib/gcc/arm-none-eabi/11.3.1/../../../../arm-none-eabi/lib/thumb/v7e-m+fp/hard\libc_nano.a(libc_a-findfp.o)
 .text.__sfp_lock_acquire
                0x000000000800b22c        0xc C:/ST/STM32CubeIDE_1.13.1/STM32CubeIDE/plugins/com.st.stm32cube.ide.mcu.externaltools.gnu-tools-for-stm32.11.3.rel1.win32_1.1.1.202309131626/tools/bin/../lib/gcc/arm-none-eabi/11.3.1/../../../../arm-none-eabi/lib/thumb/v7e-m+fp/hard\libc_nano.a(libc_a-findfp.o)
                0x000000000800b22c                __sfp_lock_acquire
 .text.__sfp_lock_release
                0x000000000800b238        0xc C:/ST/STM32CubeIDE_1.13.1/STM32CubeIDE/plugins/com.st.stm32cube.ide.mcu.externaltools.gnu-tools-for-stm32.11.3.rel1.win32_1.1.1.202309131626/tools/bin/../lib/gcc/arm-none-eabi/11.3.1/../../../../arm-none-eabi/lib/thumb/v7e-m+fp/hard\libc_nano.a(libc_a-findfp.o)
                0x000000000800b238                __sfp_lock_release
 .text.__sinit  0x000000000800b244       0x30 C:/ST/STM32CubeIDE_1.13.1/STM32CubeIDE/plugins/com.st.stm32cube.ide.mcu.externaltools.gnu-tools-for-stm32.11.3.rel1.win32_1.1.1.202309131626/tools/bin/../lib/gcc/arm-none-eabi/11.3.1/../../../../arm-none-eabi/lib/thumb/v7e-m+fp/hard\libc_nano.a(libc_a-findfp.o)
                0x000000000800b244                __sinit
 .text._fwalk_sglue
                0x000000000800b274       0x3c C:/ST/STM32CubeIDE_1.13.1/STM32CubeIDE/plugins/com.st.stm32cube.ide.mcu.externaltools.gnu-tools-for-stm32.11.3.rel1.win32_1.1.1.202309131626/tools/bin/../lib/gcc/arm-none-eabi/11.3.1/../../../../arm-none-eabi/lib/thumb/v7e-m+fp/hard\libc_nano.a(libc_a-fwalk.o)
                0x000000000800b274                _fwalk_sglue
 .text.printf   0x000000000800b2b0       0x24 C:/ST/STM32CubeIDE_1.13.1/STM32CubeIDE/plugins/com.st.stm32cube.ide.mcu.externaltools.gnu-tools-for-stm32.11.3.rel1.win32_1.1.1.202309131626/tools/bin/../lib/gcc/arm-none-eabi/11.3.1/../../../../arm-none-eabi/lib/thumb/v7e-m+fp/hard\libc_nano.a(libc_a-printf.o)
                0x000000000800b2b0                iprintf
                0x000000000800b2b0                printf
 .text._puts_r  0x000000000800b2d4       0xa8 C:/ST/STM32CubeIDE_1.13.1/STM32CubeIDE/plugins/com.st.stm32cube.ide.mcu.externaltools.gnu-tools-for-stm32.11.3.rel1.win32_1.1.1.202309131626/tools/bin/../lib/gcc/arm-none-eabi/11.3.1/../../../../arm-none-eabi/lib/thumb/v7e-m+fp/hard\libc_nano.a(libc_a-puts.o)
                0x000000000800b2d4                _puts_r
 .text.puts     0x000000000800b37c       0x10 C:/ST/STM32CubeIDE_1.13.1/STM32CubeIDE/plugins/com.st.stm32cube.ide.mcu.externaltools.gnu-tools-for-stm32.11.3.rel1.win32_1.1.1.202309131626/tools/bin/../lib/gcc/arm-none-eabi/11.3.1/../../../../arm-none-eabi/lib/thumb/v7e-m+fp/hard\libc_nano.a(libc_a-puts.o)
                0x000000000800b37c                puts
 .text.__sread  0x000000000800b38c       0x22 C:/ST/STM32CubeIDE_1.13.1/STM32CubeIDE/plugins/com.st.stm32cube.ide.mcu.externaltools.gnu-tools-for-stm32.11.3.rel1.win32_1.1.1.202309131626/tools/bin/../lib/gcc/arm-none-eabi/11.3.1/../../../../arm-none-eabi/lib/thumb/v7e-m+fp/hard\libc_nano.a(libc_a-stdio.o)
                0x000000000800b38c                __sread
 .text.__swrite
                0x000000000800b3ae       0x38 C:/ST/STM32CubeIDE_1.13.1/STM32CubeIDE/plugins/com.st.stm32cube.ide.mcu.externaltools.gnu-tools-for-stm32.11.3.rel1.win32_1.1.1.202309131626/tools/bin/../lib/gcc/arm-none-eabi/11.3.1/../../../../arm-none-eabi/lib/thumb/v7e-m+fp/hard\libc_nano.a(libc_a-stdio.o)
                0x000000000800b3ae                __swrite
 .text.__sseek  0x000000000800b3e6       0x24 C:/ST/STM32CubeIDE_1.13.1/STM32CubeIDE/plugins/com.st.stm32cube.ide.mcu.externaltools.gnu-tools-for-stm32.11.3.rel1.win32_1.1.1.202309131626/tools/bin/../lib/gcc/arm-none-eabi/11.3.1/../../../../arm-none-eabi/lib/thumb/v7e-m+fp/hard\libc_nano.a(libc_a-stdio.o)
                0x000000000800b3e6                __sseek
 .text.__sclose
                0x000000000800b40a        0x8 C:/ST/STM32CubeIDE_1.13.1/STM32CubeIDE/plugins/com.st.stm32cube.ide.mcu.externaltools.gnu-tools-for-stm32.11.3.rel1.win32_1.1.1.202309131626/tools/bin/../lib/gcc/arm-none-eabi/11.3.1/../../../../arm-none-eabi/lib/thumb/v7e-m+fp/hard\libc_nano.a(libc_a-stdio.o)
                0x000000000800b40a                __sclose
 .text.__swbuf_r
                0x000000000800b412       0x7a C:/ST/STM32CubeIDE_1.13.1/STM32CubeIDE/plugins/com.st.stm32cube.ide.mcu.externaltools.gnu-tools-for-stm32.11.3.rel1.win32_1.1.1.202309131626/tools/bin/../lib/gcc/arm-none-eabi/11.3.1/../../../../arm-none-eabi/lib/thumb/v7e-m+fp/hard\libc_nano.a(libc_a-wbuf.o)
                0x000000000800b412                __swbuf_r
 .text.__swsetup_r
                0x000000000800b48c       0xb0 C:/ST/STM32CubeIDE_1.13.1/STM32CubeIDE/plugins/com.st.stm32cube.ide.mcu.externaltools.gnu-tools-for-stm32.11.3.rel1.win32_1.1.1.202309131626/tools/bin/../lib/gcc/arm-none-eabi/11.3.1/../../../../arm-none-eabi/lib/thumb/v7e-m+fp/hard\libc_nano.a(libc_a-wsetup.o)
                0x000000000800b48c                __swsetup_r
 .text.memset   0x000000000800b53c       0x10 C:/ST/STM32CubeIDE_1.13.1/STM32CubeIDE/plugins/com.st.stm32cube.ide.mcu.externaltools.gnu-tools-for-stm32.11.3.rel1.win32_1.1.1.202309131626/tools/bin/../lib/gcc/arm-none-eabi/11.3.1/../../../../arm-none-eabi/lib/thumb/v7e-m+fp/hard\libc_nano.a(libc_a-memset.o)
                0x000000000800b53c                memset
 .text._close_r
                0x000000000800b54c       0x20 C:/ST/STM32CubeIDE_1.13.1/STM32CubeIDE/plugins/com.st.stm32cube.ide.mcu.externaltools.gnu-tools-for-stm32.11.3.rel1.win32_1.1.1.202309131626/tools/bin/../lib/gcc/arm-none-eabi/11.3.1/../../../../arm-none-eabi/lib/thumb/v7e-m+fp/hard\libc_nano.a(libc_a-closer.o)
                0x000000000800b54c                _close_r
 .text._reclaim_reent
                0x000000000800b56c       0xac C:/ST/STM32CubeIDE_1.13.1/STM32CubeIDE/plugins/com.st.stm32cube.ide.mcu.externaltools.gnu-tools-for-stm32.11.3.rel1.win32_1.1.1.202309131626/tools/bin/../lib/gcc/arm-none-eabi/11.3.1/../../../../arm-none-eabi/lib/thumb/v7e-m+fp/hard\libc_nano.a(libc_a-reent.o)
                0x000000000800b56c                _reclaim_reent
 .text._lseek_r
                0x000000000800b618       0x24 C:/ST/STM32CubeIDE_1.13.1/STM32CubeIDE/plugins/com.st.stm32cube.ide.mcu.externaltools.gnu-tools-for-stm32.11.3.rel1.win32_1.1.1.202309131626/tools/bin/../lib/gcc/arm-none-eabi/11.3.1/../../../../arm-none-eabi/lib/thumb/v7e-m+fp/hard\libc_nano.a(libc_a-lseekr.o)
                0x000000000800b618                _lseek_r
 .text._read_r  0x000000000800b63c       0x24 C:/ST/STM32CubeIDE_1.13.1/STM32CubeIDE/plugins/com.st.stm32cube.ide.mcu.externaltools.gnu-tools-for-stm32.11.3.rel1.win32_1.1.1.202309131626/tools/bin/../lib/gcc/arm-none-eabi/11.3.1/../../../../arm-none-eabi/lib/thumb/v7e-m+fp/hard\libc_nano.a(libc_a-readr.o)
                0x000000000800b63c                _read_r
 .text._write_r
                0x000000000800b660       0x24 C:/ST/STM32CubeIDE_1.13.1/STM32CubeIDE/plugins/com.st.stm32cube.ide.mcu.externaltools.gnu-tools-for-stm32.11.3.rel1.win32_1.1.1.202309131626/tools/bin/../lib/gcc/arm-none-eabi/11.3.1/../../../../arm-none-eabi/lib/thumb/v7e-m+fp/hard\libc_nano.a(libc_a-writer.o)
                0x000000000800b660                _write_r
 .text.__errno  0x000000000800b684        0xc C:/ST/STM32CubeIDE_1.13.1/STM32CubeIDE/plugins/com.st.stm32cube.ide.mcu.externaltools.gnu-tools-for-stm32.11.3.rel1.win32_1.1.1.202309131626/tools/bin/../lib/gcc/arm-none-eabi/11.3.1/../../../../arm-none-eabi/lib/thumb/v7e-m+fp/hard\libc_nano.a(libc_a-errno.o)
                0x000000000800b684                __errno
 .text.__libc_init_array
                0x000000000800b690       0x48 C:/ST/STM32CubeIDE_1.13.1/STM32CubeIDE/plugins/com.st.stm32cube.ide.mcu.externaltools.gnu-tools-for-stm32.11.3.rel1.win32_1.1.1.202309131626/tools/bin/../lib/gcc/arm-none-eabi/11.3.1/../../../../arm-none-eabi/lib/thumb/v7e-m+fp/hard\libc_nano.a(libc_a-init.o)
                0x000000000800b690                __libc_init_array
 .text.__retarget_lock_init_recursive
                0x000000000800b6d8        0x2 C:/ST/STM32CubeIDE_1.13.1/STM32CubeIDE/plugins/com.st.stm32cube.ide.mcu.externaltools.gnu-tools-for-stm32.11.3.rel1.win32_1.1.1.202309131626/tools/bin/../lib/gcc/arm-none-eabi/11.3.1/../../../../arm-none-eabi/lib/thumb/v7e-m+fp/hard\libc_nano.a(libc_a-lock.o)
                0x000000000800b6d8                __retarget_lock_init_recursive
 .text.__retarget_lock_acquire_recursive
                0x000000000800b6da        0x2 C:/ST/STM32CubeIDE_1.13.1/STM32CubeIDE/plugins/com.st.stm32cube.ide.mcu.externaltools.gnu-tools-for-stm32.11.3.rel1.win32_1.1.1.202309131626/tools/bin/../lib/gcc/arm-none-eabi/11.3.1/../../../../arm-none-eabi/lib/thumb/v7e-m+fp/hard\libc_nano.a(libc_a-lock.o)
                0x000000000800b6da                __retarget_lock_acquire_recursive
 .text.__retarget_lock_release_recursive
                0x000000000800b6dc        0x2 C:/ST/STM32CubeIDE_1.13.1/STM32CubeIDE/plugins/com.st.stm32cube.ide.mcu.externaltools.gnu-tools-for-stm32.11.3.rel1.win32_1.1.1.202309131626/tools/bin/../lib/gcc/arm-none-eabi/11.3.1/../../../../arm-none-eabi/lib/thumb/v7e-m+fp/hard\libc_nano.a(libc_a-lock.o)
                0x000000000800b6dc                __retarget_lock_release_recursive
 .text.memcpy   0x000000000800b6de       0x1c C:/ST/STM32CubeIDE_1.13.1/STM32CubeIDE/plugins/com.st.stm32cube.ide.mcu.externaltools.gnu-tools-for-stm32.11.3.rel1.win32_1.1.1.202309131626/tools/bin/../lib/gcc/arm-none-eabi/11.3.1/../../../../arm-none-eabi/lib/thumb/v7e-m+fp/hard\libc_nano.a(libc_a-memcpy-stub.o)
                0x000000000800b6de                memcpy
 *fill*         0x000000000800b6fa        0x2 
 .text._free_r  0x000000000800b6fc       0x98 C:/ST/STM32CubeIDE_1.13.1/STM32CubeIDE/plugins/com.st.stm32cube.ide.mcu.externaltools.gnu-tools-for-stm32.11.3.rel1.win32_1.1.1.202309131626/tools/bin/../lib/gcc/arm-none-eabi/11.3.1/../../../../arm-none-eabi/lib/thumb/v7e-m+fp/hard\libc_nano.a(libc_a-freer.o)
                0x000000000800b6fc                _free_r
 .text.sbrk_aligned
                0x000000000800b794       0x40 C:/ST/STM32CubeIDE_1.13.1/STM32CubeIDE/plugins/com.st.stm32cube.ide.mcu.externaltools.gnu-tools-for-stm32.11.3.rel1.win32_1.1.1.202309131626/tools/bin/../lib/gcc/arm-none-eabi/11.3.1/../../../../arm-none-eabi/lib/thumb/v7e-m+fp/hard\libc_nano.a(libc_a-mallocr.o)
 .text._malloc_r
                0x000000000800b7d4      0x100 C:/ST/STM32CubeIDE_1.13.1/STM32CubeIDE/plugins/com.st.stm32cube.ide.mcu.externaltools.gnu-tools-for-stm32.11.3.rel1.win32_1.1.1.202309131626/tools/bin/../lib/gcc/arm-none-eabi/11.3.1/../../../../arm-none-eabi/lib/thumb/v7e-m+fp/hard\libc_nano.a(libc_a-mallocr.o)
                0x000000000800b7d4                _malloc_r
 .text.__malloc_lock
                0x000000000800b8d4        0xc C:/ST/STM32CubeIDE_1.13.1/STM32CubeIDE/plugins/com.st.stm32cube.ide.mcu.externaltools.gnu-tools-for-stm32.11.3.rel1.win32_1.1.1.202309131626/tools/bin/../lib/gcc/arm-none-eabi/11.3.1/../../../../arm-none-eabi/lib/thumb/v7e-m+fp/hard\libc_nano.a(libc_a-mlock.o)
                0x000000000800b8d4                __malloc_lock
 .text.__malloc_unlock
                0x000000000800b8e0        0xc C:/ST/STM32CubeIDE_1.13.1/STM32CubeIDE/plugins/com.st.stm32cube.ide.mcu.externaltools.gnu-tools-for-stm32.11.3.rel1.win32_1.1.1.202309131626/tools/bin/../lib/gcc/arm-none-eabi/11.3.1/../../../../arm-none-eabi/lib/thumb/v7e-m+fp/hard\libc_nano.a(libc_a-mlock.o)
                0x000000000800b8e0                __malloc_unlock
 .text.__sfputc_r
                0x000000000800b8ec       0x2e C:/ST/STM32CubeIDE_1.13.1/STM32CubeIDE/plugins/com.st.stm32cube.ide.mcu.externaltools.gnu-tools-for-stm32.11.3.rel1.win32_1.1.1.202309131626/tools/bin/../lib/gcc/arm-none-eabi/11.3.1/../../../../arm-none-eabi/lib/thumb/v7e-m+fp/hard\libc_nano.a(libc_a-nano-vfprintf.o)
 .text.__sfputs_r
                0x000000000800b91a       0x24 C:/ST/STM32CubeIDE_1.13.1/STM32CubeIDE/plugins/com.st.stm32cube.ide.mcu.externaltools.gnu-tools-for-stm32.11.3.rel1.win32_1.1.1.202309131626/tools/bin/../lib/gcc/arm-none-eabi/11.3.1/../../../../arm-none-eabi/lib/thumb/v7e-m+fp/hard\libc_nano.a(libc_a-nano-vfprintf.o)
                0x000000000800b91a                __sfputs_r
 *fill*         0x000000000800b93e        0x2 
 .text._vfprintf_r
                0x000000000800b940      0x234 C:/ST/STM32CubeIDE_1.13.1/STM32CubeIDE/plugins/com.st.stm32cube.ide.mcu.externaltools.gnu-tools-for-stm32.11.3.rel1.win32_1.1.1.202309131626/tools/bin/../lib/gcc/arm-none-eabi/11.3.1/../../../../arm-none-eabi/lib/thumb/v7e-m+fp/hard\libc_nano.a(libc_a-nano-vfprintf.o)
                0x000000000800b940                _vfprintf_r
                0x000000000800b940                _vfiprintf_r
 .text._printf_common
                0x000000000800bb74       0xda C:/ST/STM32CubeIDE_1.13.1/STM32CubeIDE/plugins/com.st.stm32cube.ide.mcu.externaltools.gnu-tools-for-stm32.11.3.rel1.win32_1.1.1.202309131626/tools/bin/../lib/gcc/arm-none-eabi/11.3.1/../../../../arm-none-eabi/lib/thumb/v7e-m+fp/hard\libc_nano.a(libc_a-nano-vfprintf_i.o)
                0x000000000800bb74                _printf_common
 *fill*         0x000000000800bc4e        0x2 
 .text._printf_i
                0x000000000800bc50      0x244 C:/ST/STM32CubeIDE_1.13.1/STM32CubeIDE/plugins/com.st.stm32cube.ide.mcu.externaltools.gnu-tools-for-stm32.11.3.rel1.win32_1.1.1.202309131626/tools/bin/../lib/gcc/arm-none-eabi/11.3.1/../../../../arm-none-eabi/lib/thumb/v7e-m+fp/hard\libc_nano.a(libc_a-nano-vfprintf_i.o)
                0x000000000800bc50                _printf_i
 .text.__sflush_r
                0x000000000800be94      0x10c C:/ST/STM32CubeIDE_1.13.1/STM32CubeIDE/plugins/com.st.stm32cube.ide.mcu.externaltools.gnu-tools-for-stm32.11.3.rel1.win32_1.1.1.202309131626/tools/bin/../lib/gcc/arm-none-eabi/11.3.1/../../../../arm-none-eabi/lib/thumb/v7e-m+fp/hard\libc_nano.a(libc_a-fflush.o)
                0x000000000800be94                __sflush_r
 .text._fflush_r
                0x000000000800bfa0       0x50 C:/ST/STM32CubeIDE_1.13.1/STM32CubeIDE/plugins/com.st.stm32cube.ide.mcu.externaltools.gnu-tools-for-stm32.11.3.rel1.win32_1.1.1.202309131626/tools/bin/../lib/gcc/arm-none-eabi/11.3.1/../../../../arm-none-eabi/lib/thumb/v7e-m+fp/hard\libc_nano.a(libc_a-fflush.o)
                0x000000000800bfa0                _fflush_r
 .text.__swhatbuf_r
                0x000000000800bff0       0x4c C:/ST/STM32CubeIDE_1.13.1/STM32CubeIDE/plugins/com.st.stm32cube.ide.mcu.externaltools.gnu-tools-for-stm32.11.3.rel1.win32_1.1.1.202309131626/tools/bin/../lib/gcc/arm-none-eabi/11.3.1/../../../../arm-none-eabi/lib/thumb/v7e-m+fp/hard\libc_nano.a(libc_a-makebuf.o)
                0x000000000800bff0                __swhatbuf_r
 .text.__smakebuf_r
                0x000000000800c03c       0x78 C:/ST/STM32CubeIDE_1.13.1/STM32CubeIDE/plugins/com.st.stm32cube.ide.mcu.externaltools.gnu-tools-for-stm32.11.3.rel1.win32_1.1.1.202309131626/tools/bin/../lib/gcc/arm-none-eabi/11.3.1/../../../../arm-none-eabi/lib/thumb/v7e-m+fp/hard\libc_nano.a(libc_a-makebuf.o)
                0x000000000800c03c                __smakebuf_r
 .text._fstat_r
                0x000000000800c0b4       0x24 C:/ST/STM32CubeIDE_1.13.1/STM32CubeIDE/plugins/com.st.stm32cube.ide.mcu.externaltools.gnu-tools-for-stm32.11.3.rel1.win32_1.1.1.202309131626/tools/bin/../lib/gcc/arm-none-eabi/11.3.1/../../../../arm-none-eabi/lib/thumb/v7e-m+fp/hard\libc_nano.a(libc_a-fstatr.o)
                0x000000000800c0b4                _fstat_r
 .text._isatty_r
                0x000000000800c0d8       0x20 C:/ST/STM32CubeIDE_1.13.1/STM32CubeIDE/plugins/com.st.stm32cube.ide.mcu.externaltools.gnu-tools-for-stm32.11.3.rel1.win32_1.1.1.202309131626/tools/bin/../lib/gcc/arm-none-eabi/11.3.1/../../../../arm-none-eabi/lib/thumb/v7e-m+fp/hard\libc_nano.a(libc_a-isattyr.o)
                0x000000000800c0d8                _isatty_r
 .text._sbrk_r  0x000000000800c0f8       0x20 C:/ST/STM32CubeIDE_1.13.1/STM32CubeIDE/plugins/com.st.stm32cube.ide.mcu.externaltools.gnu-tools-for-stm32.11.3.rel1.win32_1.1.1.202309131626/tools/bin/../lib/gcc/arm-none-eabi/11.3.1/../../../../arm-none-eabi/lib/thumb/v7e-m+fp/hard\libc_nano.a(libc_a-sbrkr.o)
                0x000000000800c0f8                _sbrk_r
 *(.glue_7)
 .glue_7        0x000000000800c118        0x0 linker stubs
 *(.glue_7t)
 .glue_7t       0x000000000800c118        0x0 linker stubs
 *(.eh_frame)
 .eh_frame      0x000000000800c118        0x0 C:/ST/STM32CubeIDE_1.13.1/STM32CubeIDE/plugins/com.st.stm32cube.ide.mcu.externaltools.gnu-tools-for-stm32.11.3.rel1.win32_1.1.1.202309131626/tools/bin/../lib/gcc/arm-none-eabi/11.3.1/thumb/v7e-m+fp/hard/crtbegin.o
 *(.init)
 .init          0x000000000800c118        0x4 C:/ST/STM32CubeIDE_1.13.1/STM32CubeIDE/plugins/com.st.stm32cube.ide.mcu.externaltools.gnu-tools-for-stm32.11.3.rel1.win32_1.1.1.202309131626/tools/bin/../lib/gcc/arm-none-eabi/11.3.1/thumb/v7e-m+fp/hard/crti.o
                0x000000000800c118                _init
 .init          0x000000000800c11c        0x8 C:/ST/STM32CubeIDE_1.13.1/STM32CubeIDE/plugins/com.st.stm32cube.ide.mcu.externaltools.gnu-tools-for-stm32.11.3.rel1.win32_1.1.1.202309131626/tools/bin/../lib/gcc/arm-none-eabi/11.3.1/thumb/v7e-m+fp/hard/crtn.o
 *(.fini)
 .fini          0x000000000800c124        0x4 C:/ST/STM32CubeIDE_1.13.1/STM32CubeIDE/plugins/com.st.stm32cube.ide.mcu.externaltools.gnu-tools-for-stm32.11.3.rel1.win32_1.1.1.202309131626/tools/bin/../lib/gcc/arm-none-eabi/11.3.1/thumb/v7e-m+fp/hard/crti.o
                0x000000000800c124                _fini
 .fini          0x000000000800c128        0x8 C:/ST/STM32CubeIDE_1.13.1/STM32CubeIDE/plugins/com.st.stm32cube.ide.mcu.externaltools.gnu-tools-for-stm32.11.3.rel1.win32_1.1.1.202309131626/tools/bin/../lib/gcc/arm-none-eabi/11.3.1/thumb/v7e-m+fp/hard/crtn.o
                0x000000000800c130                . = ALIGN (0x4)
                0x000000000800c130                _etext = .

.vfp11_veneer   0x000000000800c130        0x0
 .vfp11_veneer  0x000000000800c130        0x0 linker stubs

.v4_bx          0x000000000800c130        0x0
 .v4_bx         0x000000000800c130        0x0 linker stubs

.iplt           0x000000000800c130        0x0
 .iplt          0x000000000800c130        0x0 C:/ST/STM32CubeIDE_1.13.1/STM32CubeIDE/plugins/com.st.stm32cube.ide.mcu.externaltools.gnu-tools-for-stm32.11.3.rel1.win32_1.1.1.202309131626/tools/bin/../lib/gcc/arm-none-eabi/11.3.1/thumb/v7e-m+fp/hard/crtbegin.o

.rodata         0x000000000800c130      0x348
                0x000000000800c130                . = ALIGN (0x4)
 *(.rodata)
 .rodata        0x000000000800c130      0x117 ./Core/Src/freertos.o
 *fill*         0x000000000800c247        0x1 
 .rodata        0x000000000800c248       0x1f ./Drivers/ECU/Bluetooth/bluetooth.o
 *fill*         0x000000000800c267        0x1 
 .rodata        0x000000000800c268       0x85 ./Drivers/ECU/Motor/ecu_motor.o
 *fill*         0x000000000800c2ed        0x3 
 .rodata        0x000000000800c2f0       0x1e ./Drivers/ECU/Ultrasonic/ultrasonic.o
 *fill*         0x000000000800c30e        0x2 
 .rodata        0x000000000800c310        0x5 ./Middlewares/Third_Party/FreeRTOS/Source/tasks.o
 *fill*         0x000000000800c315        0x3 
 .rodata        0x000000000800c318        0xd ./Middlewares/Third_Party/FreeRTOS/Source/timers.o
 *(.rodata*)
 *fill*         0x000000000800c325        0x3 
 .rodata.defaultTask_attributes
                0x000000000800c328       0x24 ./Core/Src/freertos.o
                0x000000000800c328                defaultTask_attributes
 .rodata.ultrasonics_read_attributes
                0x000000000800c34c       0x24 ./Core/Src/freertos.o
                0x000000000800c34c                ultrasonics_read_attributes
 .rodata.car_next_step_attributes
                0x000000000800c370       0x24 ./Core/Src/freertos.o
                0x000000000800c370                car_next_step_attributes
 .rodata.bluetooth_recive_attributes
                0x000000000800c394       0x24 ./Core/Src/freertos.o
                0x000000000800c394                bluetooth_recive_attributes
 .rodata.Automatic_Parking_attributes
                0x000000000800c3b8       0x24 ./Core/Src/freertos.o
                0x000000000800c3b8                Automatic_Parking_attributes
 .rodata.Car_Conrol_Mode_attributes
                0x000000000800c3dc       0x10 ./Core/Src/freertos.o
                0x000000000800c3dc                Car_Conrol_Mode_attributes
 .rodata.Car_mode_attributes
                0x000000000800c3ec       0x10 ./Core/Src/freertos.o
                0x000000000800c3ec                Car_mode_attributes
 .rodata.Parking_side_attributes
                0x000000000800c3fc       0x10 ./Core/Src/freertos.o
                0x000000000800c3fc                Parking_side_attributes
 .rodata.AHBPrescTable
                0x000000000800c40c       0x10 ./Core/Src/system_stm32f3xx.o
                0x000000000800c40c                AHBPrescTable
 .rodata.APBPrescTable
                0x000000000800c41c        0x8 ./Core/Src/system_stm32f3xx.o
                0x000000000800c41c                APBPrescTable
 .rodata.aPLLMULFactorTable
                0x000000000800c424       0x10 ./Drivers/STM32F3xx_HAL_Driver/Src/stm32f3xx_hal_rcc.o
 .rodata.aPredivFactorTable
                0x000000000800c434       0x10 ./Drivers/STM32F3xx_HAL_Driver/Src/stm32f3xx_hal_rcc.o
 .rodata._vfprintf_r.str1.1
                0x000000000800c444       0x11 C:/ST/STM32CubeIDE_1.13.1/STM32CubeIDE/plugins/com.st.stm32cube.ide.mcu.externaltools.gnu-tools-for-stm32.11.3.rel1.win32_1.1.1.202309131626/tools/bin/../lib/gcc/arm-none-eabi/11.3.1/../../../../arm-none-eabi/lib/thumb/v7e-m+fp/hard\libc_nano.a(libc_a-nano-vfprintf.o)
 .rodata._printf_i.str1.1
                0x000000000800c455       0x22 C:/ST/STM32CubeIDE_1.13.1/STM32CubeIDE/plugins/com.st.stm32cube.ide.mcu.externaltools.gnu-tools-for-stm32.11.3.rel1.win32_1.1.1.202309131626/tools/bin/../lib/gcc/arm-none-eabi/11.3.1/../../../../arm-none-eabi/lib/thumb/v7e-m+fp/hard\libc_nano.a(libc_a-nano-vfprintf_i.o)
                0x000000000800c478                . = ALIGN (0x4)
 *fill*         0x000000000800c477        0x1 

.rel.dyn        0x000000000800c478        0x0
 .rel.iplt      0x000000000800c478        0x0 C:/ST/STM32CubeIDE_1.13.1/STM32CubeIDE/plugins/com.st.stm32cube.ide.mcu.externaltools.gnu-tools-for-stm32.11.3.rel1.win32_1.1.1.202309131626/tools/bin/../lib/gcc/arm-none-eabi/11.3.1/thumb/v7e-m+fp/hard/crtbegin.o

.ARM.extab      0x000000000800c478        0x0
                0x000000000800c478                . = ALIGN (0x4)
 *(.ARM.extab* .gnu.linkonce.armextab.*)
                0x000000000800c478                . = ALIGN (0x4)

.ARM            0x000000000800c478        0x0
                0x000000000800c478                . = ALIGN (0x4)
                0x000000000800c478                __exidx_start = .
 *(.ARM.exidx*)
                0x000000000800c478                __exidx_end = .
                0x000000000800c478                . = ALIGN (0x4)

.preinit_array  0x000000000800c478        0x0
                0x000000000800c478                . = ALIGN (0x4)
                0x000000000800c478                PROVIDE (__preinit_array_start = .)
 *(.preinit_array*)
                0x000000000800c478                PROVIDE (__preinit_array_end = .)
                0x000000000800c478                . = ALIGN (0x4)

.init_array     0x000000000800c478        0x4
                0x000000000800c478                . = ALIGN (0x4)
                0x000000000800c478                PROVIDE (__init_array_start = .)
 *(SORT_BY_NAME(.init_array.*))
 *(.init_array*)
 .init_array    0x000000000800c478        0x4 C:/ST/STM32CubeIDE_1.13.1/STM32CubeIDE/plugins/com.st.stm32cube.ide.mcu.externaltools.gnu-tools-for-stm32.11.3.rel1.win32_1.1.1.202309131626/tools/bin/../lib/gcc/arm-none-eabi/11.3.1/thumb/v7e-m+fp/hard/crtbegin.o
                0x000000000800c47c                PROVIDE (__init_array_end = .)
                0x000000000800c47c                . = ALIGN (0x4)

.fini_array     0x000000000800c47c        0x4
                0x000000000800c47c                . = ALIGN (0x4)
                [!provide]                        PROVIDE (__fini_array_start = .)
 *(SORT_BY_NAME(.fini_array.*))
 *(.fini_array*)
 .fini_array    0x000000000800c47c        0x4 C:/ST/STM32CubeIDE_1.13.1/STM32CubeIDE/plugins/com.st.stm32cube.ide.mcu.externaltools.gnu-tools-for-stm32.11.3.rel1.win32_1.1.1.202309131626/tools/bin/../lib/gcc/arm-none-eabi/11.3.1/thumb/v7e-m+fp/hard/crtbegin.o
                [!provide]                        PROVIDE (__fini_array_end = .)
                0x000000000800c480                . = ALIGN (0x4)
                0x000000000800c480                _sidata = LOADADDR (.data)

.data           0x0000000020000000       0xe8 load address 0x000000000800c480
                0x0000000020000000                . = ALIGN (0x4)
                0x0000000020000000                _sdata = .
 *(.data)
 *(.data*)
 .data.Front_ultrasonic
                0x0000000020000000        0xc ./Core/Src/freertos.o
                0x0000000020000000                Front_ultrasonic
 .data.RightFront_ultrasonic
                0x000000002000000c        0xc ./Core/Src/freertos.o
                0x000000002000000c                RightFront_ultrasonic
 .data.RightRear_ultrasonic
                0x0000000020000018        0xc ./Core/Src/freertos.o
                0x0000000020000018                RightRear_ultrasonic
 .data.LeftFront_ultrasonic
                0x0000000020000024        0xc ./Core/Src/freertos.o
                0x0000000020000024                LeftFront_ultrasonic
 .data.LeftRear_ultrasonic
                0x0000000020000030        0xc ./Core/Src/freertos.o
                0x0000000020000030                LeftRear_ultrasonic
 .data.Rear_ultrasonic
                0x000000002000003c        0xc ./Core/Src/freertos.o
                0x000000002000003c                Rear_ultrasonic
 .data.moving_motor
                0x0000000020000048       0x10 ./Core/Src/freertos.o
                0x0000000020000048                moving_motor
 .data.bluetooth
                0x0000000020000058        0x8 ./Core/Src/freertos.o
                0x0000000020000058                bluetooth
 .data.SystemCoreClock
                0x0000000020000060        0x4 ./Core/Src/system_stm32f3xx.o
                0x0000000020000060                SystemCoreClock
 .data.Bluetooth_RX_Data
                0x0000000020000064        0x1 ./Drivers/ECU/Bluetooth/bluetooth.o
                0x0000000020000064                Bluetooth_RX_Data
 *fill*         0x0000000020000065        0x3 
 .data.high_speed
                0x0000000020000068        0x8 ./Drivers/ECU/Motor/ecu_motor.o
                0x0000000020000068                high_speed
 .data.medium_speed
                0x0000000020000070        0x8 ./Drivers/ECU/Motor/ecu_motor.o
                0x0000000020000070                medium_speed
 .data.low_speed
                0x0000000020000078        0x8 ./Drivers/ECU/Motor/ecu_motor.o
                0x0000000020000078                low_speed
 .data.uwTickPrio
                0x0000000020000080        0x4 ./Drivers/STM32F3xx_HAL_Driver/Src/stm32f3xx_hal.o
                0x0000000020000080                uwTickPrio
 .data.uwTickFreq
                0x0000000020000084        0x1 ./Drivers/STM32F3xx_HAL_Driver/Src/stm32f3xx_hal.o
                0x0000000020000084                uwTickFreq
 *fill*         0x0000000020000085        0x3 
 .data.uxCriticalNesting
                0x0000000020000088        0x4 ./Middlewares/Third_Party/FreeRTOS/Source/portable/GCC/ARM_CM4F/port.o
 .data.__sglue  0x000000002000008c        0xc C:/ST/STM32CubeIDE_1.13.1/STM32CubeIDE/plugins/com.st.stm32cube.ide.mcu.externaltools.gnu-tools-for-stm32.11.3.rel1.win32_1.1.1.202309131626/tools/bin/../lib/gcc/arm-none-eabi/11.3.1/../../../../arm-none-eabi/lib/thumb/v7e-m+fp/hard\libc_nano.a(libc_a-findfp.o)
                0x000000002000008c                __sglue
 .data._impure_data
                0x0000000020000098       0x4c C:/ST/STM32CubeIDE_1.13.1/STM32CubeIDE/plugins/com.st.stm32cube.ide.mcu.externaltools.gnu-tools-for-stm32.11.3.rel1.win32_1.1.1.202309131626/tools/bin/../lib/gcc/arm-none-eabi/11.3.1/../../../../arm-none-eabi/lib/thumb/v7e-m+fp/hard\libc_nano.a(libc_a-impure.o)
                0x0000000020000098                _impure_data
 .data._impure_ptr
                0x00000000200000e4        0x4 C:/ST/STM32CubeIDE_1.13.1/STM32CubeIDE/plugins/com.st.stm32cube.ide.mcu.externaltools.gnu-tools-for-stm32.11.3.rel1.win32_1.1.1.202309131626/tools/bin/../lib/gcc/arm-none-eabi/11.3.1/../../../../arm-none-eabi/lib/thumb/v7e-m+fp/hard\libc_nano.a(libc_a-impure.o)
                0x00000000200000e4                _impure_ptr
 *(.RamFunc)
 *(.RamFunc*)
                0x00000000200000e8                . = ALIGN (0x4)
                0x00000000200000e8                _edata = .
                0x000000000800c568                _siccmram = LOADADDR (.ccmram)

.igot.plt       0x00000000200000e8        0x0 load address 0x000000000800c568
 .igot.plt      0x00000000200000e8        0x0 C:/ST/STM32CubeIDE_1.13.1/STM32CubeIDE/plugins/com.st.stm32cube.ide.mcu.externaltools.gnu-tools-for-stm32.11.3.rel1.win32_1.1.1.202309131626/tools/bin/../lib/gcc/arm-none-eabi/11.3.1/thumb/v7e-m+fp/hard/crtbegin.o

.ccmram         0x0000000010000000        0x0 load address 0x000000000800c568
                0x0000000010000000                . = ALIGN (0x4)
                0x0000000010000000                _sccmram = .
 *(.ccmram)
 *(.ccmram*)
                0x0000000010000000                . = ALIGN (0x4)
                0x0000000010000000                _eccmram = .
                0x0000000010000000                . = ALIGN (0x4)

.bss            0x00000000200000e8     0x2758
                0x00000000200000e8                _sbss = .
                0x00000000200000e8                __bss_start__ = _sbss
 *(.bss)
 .bss           0x00000000200000e8       0x1c C:/ST/STM32CubeIDE_1.13.1/STM32CubeIDE/plugins/com.st.stm32cube.ide.mcu.externaltools.gnu-tools-for-stm32.11.3.rel1.win32_1.1.1.202309131626/tools/bin/../lib/gcc/arm-none-eabi/11.3.1/thumb/v7e-m+fp/hard/crtbegin.o
 *(.bss*)
 .bss.defaultTaskHandle
                0x0000000020000104        0x4 ./Core/Src/freertos.o
                0x0000000020000104                defaultTaskHandle
 .bss.ultrasonics_readHandle
                0x0000000020000108        0x4 ./Core/Src/freertos.o
                0x0000000020000108                ultrasonics_readHandle
 .bss.car_next_stepHandle
                0x000000002000010c        0x4 ./Core/Src/freertos.o
                0x000000002000010c                car_next_stepHandle
 .bss.bluetooth_reciveHandle
                0x0000000020000110        0x4 ./Core/Src/freertos.o
                0x0000000020000110                bluetooth_reciveHandle
 .bss.Automatic_ParkingHandle
                0x0000000020000114        0x4 ./Core/Src/freertos.o
                0x0000000020000114                Automatic_ParkingHandle
 .bss.Car_Conrol_ModeHandle
                0x0000000020000118        0x4 ./Core/Src/freertos.o
                0x0000000020000118                Car_Conrol_ModeHandle
 .bss.Car_modeHandle
                0x000000002000011c        0x4 ./Core/Src/freertos.o
                0x000000002000011c                Car_modeHandle
 .bss.Parking_sideHandle
                0x0000000020000120        0x4 ./Core/Src/freertos.o
                0x0000000020000120                Parking_sideHandle
 .bss.htim6     0x0000000020000124       0x4c ./Core/Src/stm32f3xx_hal_timebase_tim.o
                0x0000000020000124                htim6
 .bss.__sbrk_heap_end
                0x0000000020000170        0x4 ./Core/Src/sysmem.o
 .bss.htim1     0x0000000020000174       0x4c ./Core/Src/tim.o
                0x0000000020000174                htim1
 .bss.htim2     0x00000000200001c0       0x4c ./Core/Src/tim.o
                0x00000000200001c0                htim2
 .bss.htim3     0x000000002000020c       0x4c ./Core/Src/tim.o
                0x000000002000020c                htim3
 .bss.htim4     0x0000000020000258       0x4c ./Core/Src/tim.o
                0x0000000020000258                htim4
 .bss.htim8     0x00000000200002a4       0x4c ./Core/Src/tim.o
                0x00000000200002a4                htim8
 .bss.htim15    0x00000000200002f0       0x4c ./Core/Src/tim.o
                0x00000000200002f0                htim15
 .bss.htim16    0x000000002000033c       0x4c ./Core/Src/tim.o
                0x000000002000033c                htim16
 .bss.huart4    0x0000000020000388       0x88 ./Core/Src/usart.o
                0x0000000020000388                huart4
 .bss.huart2    0x0000000020000410       0x88 ./Core/Src/usart.o
                0x0000000020000410                huart2
 .bss.temp      0x0000000020000498        0x1 ./Drivers/ECU/Bluetooth/bluetooth.o
                0x0000000020000498                temp
 *fill*         0x0000000020000499        0x3 
 .bss.ultrasonic_Distance_Values
                0x000000002000049c       0x18 ./Drivers/ECU/Ultrasonic/ultrasonic.o
                0x000000002000049c                ultrasonic_Distance_Values
 .bss.sensor_index
                0x00000000200004b4        0x1 ./Drivers/ECU/Ultrasonic/ultrasonic.o
                0x00000000200004b4                sensor_index
 *fill*         0x00000000200004b5        0x3 
 .bss.Is_first_Capture.3
                0x00000000200004b8        0x6 ./Drivers/ECU/Ultrasonic/ultrasonic.o
 *fill*         0x00000000200004be        0x2 
 .bss.IC_Val1.2
                0x00000000200004c0       0x18 ./Drivers/ECU/Ultrasonic/ultrasonic.o
 .bss.IC_Val2.1
                0x00000000200004d8       0x18 ./Drivers/ECU/Ultrasonic/ultrasonic.o
 .bss.IC_difference.0
                0x00000000200004f0       0x18 ./Drivers/ECU/Ultrasonic/ultrasonic.o
 .bss.uwTick    0x0000000020000508        0x4 ./Drivers/STM32F3xx_HAL_Driver/Src/stm32f3xx_hal.o
                0x0000000020000508                uwTick
 .bss.KernelState
                0x000000002000050c        0x4 ./Middlewares/Third_Party/FreeRTOS/Source/CMSIS_RTOS_V2/cmsis_os2.o
 .bss.Idle_TCB  0x0000000020000510       0xac ./Middlewares/Third_Party/FreeRTOS/Source/CMSIS_RTOS_V2/cmsis_os2.o
 .bss.Idle_Stack
                0x00000000200005bc      0x200 ./Middlewares/Third_Party/FreeRTOS/Source/CMSIS_RTOS_V2/cmsis_os2.o
 .bss.Timer_TCB
                0x00000000200007bc       0xac ./Middlewares/Third_Party/FreeRTOS/Source/CMSIS_RTOS_V2/cmsis_os2.o
 .bss.Timer_Stack
                0x0000000020000868      0x400 ./Middlewares/Third_Party/FreeRTOS/Source/CMSIS_RTOS_V2/cmsis_os2.o
 .bss.xQueueRegistry
                0x0000000020000c68       0x40 ./Middlewares/Third_Party/FreeRTOS/Source/queue.o
                0x0000000020000c68                xQueueRegistry
 .bss.pxCurrentTCB
                0x0000000020000ca8        0x4 ./Middlewares/Third_Party/FreeRTOS/Source/tasks.o
                0x0000000020000ca8                pxCurrentTCB
 .bss.pxReadyTasksLists
                0x0000000020000cac      0x460 ./Middlewares/Third_Party/FreeRTOS/Source/tasks.o
 .bss.xDelayedTaskList1
                0x000000002000110c       0x14 ./Middlewares/Third_Party/FreeRTOS/Source/tasks.o
 .bss.xDelayedTaskList2
                0x0000000020001120       0x14 ./Middlewares/Third_Party/FreeRTOS/Source/tasks.o
 .bss.pxDelayedTaskList
                0x0000000020001134        0x4 ./Middlewares/Third_Party/FreeRTOS/Source/tasks.o
 .bss.pxOverflowDelayedTaskList
                0x0000000020001138        0x4 ./Middlewares/Third_Party/FreeRTOS/Source/tasks.o
 .bss.xPendingReadyList
                0x000000002000113c       0x14 ./Middlewares/Third_Party/FreeRTOS/Source/tasks.o
 .bss.xTasksWaitingTermination
                0x0000000020001150       0x14 ./Middlewares/Third_Party/FreeRTOS/Source/tasks.o
 .bss.uxDeletedTasksWaitingCleanUp
                0x0000000020001164        0x4 ./Middlewares/Third_Party/FreeRTOS/Source/tasks.o
 .bss.xSuspendedTaskList
                0x0000000020001168       0x14 ./Middlewares/Third_Party/FreeRTOS/Source/tasks.o
 .bss.uxCurrentNumberOfTasks
                0x000000002000117c        0x4 ./Middlewares/Third_Party/FreeRTOS/Source/tasks.o
 .bss.xTickCount
                0x0000000020001180        0x4 ./Middlewares/Third_Party/FreeRTOS/Source/tasks.o
 .bss.uxTopReadyPriority
                0x0000000020001184        0x4 ./Middlewares/Third_Party/FreeRTOS/Source/tasks.o
 .bss.xSchedulerRunning
                0x0000000020001188        0x4 ./Middlewares/Third_Party/FreeRTOS/Source/tasks.o
 .bss.uxPendedTicks
                0x000000002000118c        0x4 ./Middlewares/Third_Party/FreeRTOS/Source/tasks.o
 .bss.xYieldPending