Archive member included to satisfy reference by file (symbol)

C:/ST/STM32CubeIDE_1.13.1/STM32CubeIDE/plugins/com.st.stm32cube.ide.mcu.externaltools.gnu-tools-for-stm32.11.3.rel1.win32_1.1.1.202309131626/tools/bin/../lib/gcc/arm-none-eabi/11.3.1/../../../../arm-none-eabi/lib/thumb/v7e-m+fp/hard\libc_nano.a(libc_a-exit.o)
                              C:/ST/STM32CubeIDE_1.13.1/STM32CubeIDE/plugins/com.st.stm32cube.ide.mcu.externaltools.gnu-tools-for-stm32.11.3.rel1.win32_1.1.1.202309131626/tools/bin/../lib/gcc/arm-none-eabi/11.3.1/../../../../arm-none-eabi/lib/thumb/v7e-m+fp/hard/crt0.o (exit)
C:/ST/STM32CubeIDE_1.13.1/STM32CubeIDE/plugins/com.st.stm32cube.ide.mcu.externaltools.gnu-tools-for-stm32.11.3.rel1.win32_1.1.1.202309131626/tools/bin/../lib/gcc/arm-none-eabi/11.3.1/../../../../arm-none-eabi/lib/thumb/v7e-m+fp/hard\libc_nano.a(libc_a-nano-vfprintf_float.o)
                              (_printf_float)
C:/ST/STM32CubeIDE_1.13.1/STM32CubeIDE/plugins/com.st.stm32cube.ide.mcu.externaltools.gnu-tools-for-stm32.11.3.rel1.win32_1.1.1.202309131626/tools/bin/../lib/gcc/arm-none-eabi/11.3.1/../../../../arm-none-eabi/lib/thumb/v7e-m+fp/hard\libc_nano.a(libc_a-nano-vfprintf_i.o)
                              C:/ST/STM32CubeIDE_1.13.1/STM32CubeIDE/plugins/com.st.stm32cube.ide.mcu.externaltools.gnu-tools-for-stm32.11.3.rel1.win32_1.1.1.202309131626/tools/bin/../lib/gcc/arm-none-eabi/11.3.1/../../../../arm-none-eabi/lib/thumb/v7e-m+fp/hard\libc_nano.a(libc_a-nano-vfprintf_float.o) (_printf_common)
C:/ST/STM32CubeIDE_1.13.1/STM32CubeIDE/plugins/com.st.stm32cube.ide.mcu.externaltools.gnu-tools-for-stm32.11.3.rel1.win32_1.1.1.202309131626/tools/bin/../lib/gcc/arm-none-eabi/11.3.1/../../../../arm-none-eabi/lib/thumb/v7e-m+fp/hard\libc_nano.a(libc_a-findfp.o)
                              ./Middlewares/Third_Party/FreeRTOS/Source/tasks.o (__sf)
C:/ST/STM32CubeIDE_1.13.1/STM32CubeIDE/plugins/com.st.stm32cube.ide.mcu.externaltools.gnu-tools-for-stm32.11.3.rel1.win32_1.1.1.202309131626/tools/bin/../lib/gcc/arm-none-eabi/11.3.1/../../../../arm-none-eabi/lib/thumb/v7e-m+fp/hard\libc_nano.a(libc_a-fwalk.o)
                              C:/ST/STM32CubeIDE_1.13.1/STM32CubeIDE/plugins/com.st.stm32cube.ide.mcu.externaltools.gnu-tools-for-stm32.11.3.rel1.win32_1.1.1.202309131626/tools/bin/../lib/gcc/arm-none-eabi/11.3.1/../../../../arm-none-eabi/lib/thumb/v7e-m+fp/hard\libc_nano.a(libc_a-findfp.o) (_fwalk_sglue)
C:/ST/STM32CubeIDE_1.13.1/STM32CubeIDE/plugins/com.st.stm32cube.ide.mcu.externaltools.gnu-tools-for-stm32.11.3.rel1.win32_1.1.1.202309131626/tools/bin/../lib/gcc/arm-none-eabi/11.3.1/../../../../arm-none-eabi/lib/thumb/v7e-m+fp/hard\libc_nano.a(libc_a-printf.o)
                              ./Core/Src/freertos.o (printf)
C:/ST/STM32CubeIDE_1.13.1/STM32CubeIDE/plugins/com.st.stm32cube.ide.mcu.externaltools.gnu-tools-for-stm32.11.3.rel1.win32_1.1.1.202309131626/tools/bin/../lib/gcc/arm-none-eabi/11.3.1/../../../../arm-none-eabi/lib/thumb/v7e-m+fp/hard\libc_nano.a(libc_a-puts.o)
                              ./Core/Src/freertos.o (puts)
C:/ST/STM32CubeIDE_1.13.1/STM32CubeIDE/plugins/com.st.stm32cube.ide.mcu.externaltools.gnu-tools-for-stm32.11.3.rel1.win32_1.1.1.202309131626/tools/bin/../lib/gcc/arm-none-eabi/11.3.1/../../../../arm-none-eabi/lib/thumb/v7e-m+fp/hard\libc_nano.a(libc_a-stdio.o)
                              C:/ST/STM32CubeIDE_1.13.1/STM32CubeIDE/plugins/com.st.stm32cube.ide.mcu.externaltools.gnu-tools-for-stm32.11.3.rel1.win32_1.1.1.202309131626/tools/bin/../lib/gcc/arm-none-eabi/11.3.1/../../../../arm-none-eabi/lib/thumb/v7e-m+fp/hard\libc_nano.a(libc_a-findfp.o) (__sread)
C:/ST/STM32CubeIDE_1.13.1/STM32CubeIDE/plugins/com.st.stm32cube.ide.mcu.externaltools.gnu-tools-for-stm32.11.3.rel1.win32_1.1.1.202309131626/tools/bin/../lib/gcc/arm-none-eabi/11.3.1/../../../../arm-none-eabi/lib/thumb/v7e-m+fp/hard\libc_nano.a(libc_a-wbuf.o)
                              C:/ST/STM32CubeIDE_1.13.1/STM32CubeIDE/plugins/com.st.stm32cube.ide.mcu.externaltools.gnu-tools-for-stm32.11.3.rel1.win32_1.1.1.202309131626/tools/bin/../lib/gcc/arm-none-eabi/11.3.1/../../../../arm-none-eabi/lib/thumb/v7e-m+fp/hard\libc_nano.a(libc_a-puts.o) (__swbuf_r)
C:/ST/STM32CubeIDE_1.13.1/STM32CubeIDE/plugins/com.st.stm32cube.ide.mcu.externaltools.gnu-tools-for-stm32.11.3.rel1.win32_1.1.1.202309131626/tools/bin/../lib/gcc/arm-none-eabi/11.3.1/../../../../arm-none-eabi/lib/thumb/v7e-m+fp/hard\libc_nano.a(libc_a-wsetup.o)
                              C:/ST/STM32CubeIDE_1.13.1/STM32CubeIDE/plugins/com.st.stm32cube.ide.mcu.externaltools.gnu-tools-for-stm32.11.3.rel1.win32_1.1.1.202309131626/tools/bin/../lib/gcc/arm-none-eabi/11.3.1/../../../../arm-none-eabi/lib/thumb/v7e-m+fp/hard\libc_nano.a(libc_a-puts.o) (__swsetup_r)
[...]
Memory Configuration

Name             Origin             Length             Attributes
CCMRAM           0x0000000010000000 0x0000000000004000 xrw
RAM              0x0000000020000000 0x0000000000010000 xrw
FLASH            0x0000000008000000 0x0000000000080000 xr
*default*        0x0000000000000000 0xffffffffffffffff

Linker script and memory map

LOAD C:/ST/STM32CubeIDE_1.13.1/STM32CubeIDE/plugins/com.st.stm32cube.ide.mcu.externaltools.gnu-tools-for-stm32.11.3.rel1.win32_1.1.1.202309131626/tools/bin/../lib/gcc/arm-none-eabi/11.3.1/thumb/v7e-m+fp/hard/crti.o
LOAD C:/ST/STM32CubeIDE_1.13.1/STM32CubeIDE/plugins/com.st.stm32cube.ide.mcu.externaltools.gnu-tools-for-stm32.11.3.rel1.win32_1.1.1.202309131626/tools/bin/../lib/gcc/arm-none-eabi/11.3.1/thumb/v7e-m+fp/hard/crtbegin.o
LOAD C:/ST/STM32CubeIDE_1.13.1/STM32CubeIDE/plugins/com.st.stm32cube.ide.mcu.externaltools.gnu-tools-for-stm32.11.3.rel1.win32_1.1.1.202309131626/tools/bin/../lib/gcc/arm-none-eabi/11.3.1/../../../../arm-none-eabi/lib/thumb/v7e-m+fp/hard/crt0.o
LOAD ./Core/Src/freertos.o
LOAD ./Core/Src/gpio.o
LOAD ./Core/Src/main.o
LOAD ./Core/Src/stm32f3xx_hal_msp.o
LOAD ./Core/Src/stm32f3xx_hal_timebase_tim.o
LOAD ./Core/Src/stm32f3xx_it.o
LOAD ./Core/Src/syscalls.o
LOAD ./Core/Src/sysmem.o
LOAD ./Core/Src/system_stm32f3xx.o
LOAD ./Core/Src/tim.o
LOAD ./Core/Src/usart.o
LOAD ./Core/Startup/startup_stm32f303retx.o
LOAD ./Drivers/ECU/Bluetooth/bluetooth.o
LOAD ./Drivers/ECU/Busser/busser.o
LOAD ./Drivers/ECU/IR/ecu_ir.o
LOAD ./Drivers/ECU/LCD/hal_lcd.o
LOAD ./Drivers/ECU/Motor/ecu_motor.o
LOAD ./Drivers/ECU/Ultrasonic/ultrasonic.o
LOAD ./Drivers/MCAL/EXT1/ext1.o
LOAD ./Drivers/MCAL/GPIO/mcal_gpio.o
LOAD ./Drivers/MCAL/NVIC/nvic.o
LOAD ./Drivers/MCAL/RCC/mcal_rcc.o
LOAD ./Drivers/MCAL/SysTick/systick.o
LOAD ./Drivers/STM32F3xx_HAL_Driver/Src/stm32f3xx_hal.o
LOAD ./Drivers/STM32F3xx_HAL_Driver/Src/stm32f3xx_hal_cortex.o
LOAD ./Drivers/STM32F3xx_HAL_Driver/Src/stm32f3xx_hal_dma.o
LOAD ./Drivers/STM32F3xx_HAL_Driver/Src/stm32f3xx_hal_exti.o
LOAD ./Drivers/STM32F3xx_HAL_Driver/Src/stm32f3xx_hal_flash.o
LOAD ./Drivers/STM32F3xx_HAL_Driver/Src/stm32f3xx_hal_flash_ex.o
LOAD ./Drivers/STM32F3xx_HAL_Driver/Src/stm32f3xx_hal_gpio.o
LOAD ./Drivers/STM32F3xx_HAL_Driver/Src/stm32f3xx_hal_i2c.o
LOAD ./Drivers/STM32F3xx_HAL_Driver/Src/stm32f3xx_hal_i2c_ex.o
LOAD ./Drivers/STM32F3xx_HAL_Driver/Src/stm32f3xx_hal_pwr.o
LOAD ./Drivers/STM32F3xx_HAL_Driver/Src/stm32f3xx_hal_pwr_ex.o
LOAD ./Drivers/STM32F3xx_HAL_Driver/Src/stm32f3xx_hal_rcc.o
LOAD ./Drivers/STM32F3xx_HAL_Driver/Src/stm32f3xx_hal_rcc_ex.o
LOAD ./Drivers/STM32F3xx_HAL_Driver/Src/stm32f3xx_hal_tim.o
LOAD ./Drivers/STM32F3xx_HAL_Driver/Src/stm32f3xx_hal_tim_ex.o
LOAD ./Drivers/STM32F3xx_HAL_Driver/Src/stm32f3xx_hal_uart.o
LOAD ./Drivers/STM32F3xx_HAL_Driver/Src/stm32f3xx_hal_uart_ex.o
LOAD ./Middlewares/Third_Party/FreeRTOS/Source/CMSIS_RTOS_V2/cmsis_os2.o
LOAD ./Middlewares/Third_Party/FreeRTOS/Source/croutine.o
LOAD ./Middlewares/Third_Party/FreeRTOS/Source/event_groups.o
LOAD ./Middlewares/Third_Party/FreeRTOS/Source/list.o
LOAD ./Middlewares/Third_Party/FreeRTOS/Source/queue.o
LOAD ./Middlewares/Third_Party/FreeRTOS/Source/stream_buffer.o
LOAD ./Middlewares/Third_Party/FreeRTOS/Source/tasks.o
LOAD ./Middlewares/Third_Party/FreeRTOS/Source/timers.o
LOAD ./Middlewares/Third_Party/FreeRTOS/Source/portable/GCC/ARM_CM4F/port.o
LOAD ./Middlewares/Third_Party/FreeRTOS/Source/portable/MemMang/heap_4.o
START GROUP
LOAD C:/ST/STM32CubeIDE_1.13.1/STM32CubeIDE/plugins/com.st.stm32cube.ide.mcu.externaltools.gnu-tools-for-stm32.11.3.rel1.win32_1.1.1.202309131626/tools/bin/../lib/gcc/arm-none-eabi/11.3.1/../../../../arm-none-eabi/lib/thumb/v7e-m+fp/hard\libc_nano.a
LOAD C:/ST/STM32CubeIDE_1.13.1/STM32CubeIDE/plugins/com.st.stm32cube.ide.mcu.externaltools.gnu-tools-for-stm32.11.3.rel1.win32_1.1.1.202309131626/tools/bin/../lib/gcc/arm-none-eabi/11.3.1/../../../../arm-none-eabi/lib/thumb/v7e-m+fp/hard\libm.a
END GROUP
START GROUP
LOAD C:/ST/STM32CubeIDE_1.13.1/STM32CubeIDE/plugins/com.st.stm32cube.ide.mcu.externaltools.gnu-tools-for-stm32.11.3.rel1.win32_1.1.1.202309131626/tools/bin/../lib/gcc/arm-none-eabi/11.3.1/thumb/v7e-m+fp/hard\libgcc.a
LOAD C:/ST/STM32CubeIDE_1.13.1/STM32CubeIDE/plugins/com.st.stm32cube.ide.mcu.externaltools.gnu-tools-for-stm32.11.3.rel1.win32_1.1.1.202309131626/tools/bin/../lib/gcc/arm-none-eabi/11.3.1/../../../../arm-none-eabi/lib/thumb/v7e-m+fp/hard\libc_nano.a
END GROUP
START GROUP
LOAD C:/ST/STM32CubeIDE_1.13.1/STM32CubeIDE/plugins/com.st.stm32cube.ide.mcu.externaltools.gnu-tools-for-stm32.11.3.rel1.win32_1.1.1.202309131626/tools/bin/../lib/gcc/arm-none-eabi/11.3.1/thumb/v7e-m+fp/hard\libgcc.a
LOAD C:/ST/STM32CubeIDE_1.13.1/STM32CubeIDE/plugins/com.st.stm32cube.ide.mcu.externaltools.gnu-tools-for-stm32.11.3.rel1.win32_1.1.1.202309131626/tools/bin/../lib/gcc/arm-none-eabi/11.3.1/../../../../arm-none-eabi/lib/thumb/v7e-m+fp/hard\libc_nano.a
LOAD C:/ST/STM32CubeIDE_1.13.1/STM32CubeIDE/plugins/com.st.stm32cube.ide.mcu.externaltools.gnu-tools-for-stm32.11.3.rel1.win32_1.1.1.202309131626/tools/bin/../lib/gcc/arm-none-eabi/11.3.1/../../../../arm-none-eabi/lib/thumb/v7e-m+fp/hard\libnosys.a
END GROUP
START GROUP
LOAD C:/ST/STM32CubeIDE_1.13.1/STM32CubeIDE/plugins/com.st.stm32cube.ide.mcu.externaltools.gnu-tools-for-stm32.11.3.rel1.win32_1.1.1.202309131626/tools/bin/../lib/gcc/arm-none-eabi/11.3.1/thumb/v7e-m+fp/hard\libgcc.a
LOAD C:/ST/STM32CubeIDE_1.13.1/STM32CubeIDE/plugins/com.st.stm32cube.ide.mcu.externaltools.gnu-tools-for-stm32.11.3.rel1.win32_1.1.1.202309131626/tools/bin/../lib/gcc/arm-none-eabi/11.3.1/../../../../arm-none-eabi/lib/thumb/v7e-m+fp/hard\libc_nano.a
LOAD C:/ST/STM32CubeIDE_1.13.1/STM32CubeIDE/plugins/com.st.stm32cube.ide.mcu.externaltools.gnu-tools-for-stm32.11.3.rel1.win32_1.1.1.202309131626/tools/bin/../lib/gcc/arm-none-eabi/11.3.1/../../../../arm-none-eabi/lib/thumb/v7e-m+fp/hard\libnosys.a
END GROUP
LOAD C:/ST/STM32CubeIDE_1.13.1/STM32CubeIDE/plugins/com.st.stm32cube.ide.mcu.externaltools.gnu-tools-for-stm32.11.3.rel1.win32_1.1.1.202309131626/tools/bin/../lib/gcc/arm-none-eabi/11.3.1/thumb/v7e-m+fp/hard/crtend.o
LOAD C:/ST/STM32CubeIDE_1.13.1/STM32CubeIDE/plugins/com.st.stm32cube.ide.mcu.externaltools.gnu-tools-for-stm32.11.3.rel1.win32_1.1.1.202309131626/tools/bin/../lib/gcc/arm-none-eabi/11.3.1/thumb/v7e-m+fp/hard/crtn.o
                0x0000000020010000                _estack = (ORIGIN (RAM) + LENGTH (RAM))
                0x0000000000000200                _Min_Heap_Size = 0x200
                0x0000000000000400                _Min_Stack_Size = 0x400

.isr_vector     0x0000000008000000      0x194
                0x0000000008000000                . = ALIGN (0x4)
 *(.isr_vector)
 .isr_vector    0x0000000008000000      0x194 ./Core/Startup/startup_stm32f303retx.o
                0x0000000008000000                g_pfnVectors
                0x0000000008000194                . = ALIGN (0x4)

.text           0x00000000080001a0     0xec04
                0x00000000080001a0                . = ALIGN (0x4)
 *(.text)
 .text          0x00000000080001a0       0x40 C:/ST/STM32CubeIDE_1.13.1/STM32CubeIDE/plugins/com.st.stm32cube.ide.mcu.externaltools.gnu-tools-for-stm32.11.3.rel1.win32_1.1.1.202309131626/tools/bin/../lib/gcc/arm-none-eabi/11.3.1/thumb/v7e-m+fp/hard/crtbegin.o
 .text          0x00000000080001e0       0xa0 C:/ST/STM32CubeIDE_1.13.1/STM32CubeIDE/plugins/com.st.stm32cube.ide.mcu.externaltools.gnu-tools-for-stm32.11.3.rel1.win32_1.1.1.202309131626/tools/bin/../lib/gcc/arm-none-eabi/11.3.1/../../../../arm-none-eabi/lib/thumb/v7e-m+fp/hard\libc_nano.a(libc_a-memchr.o)
                0x00000000080001e0                memchr
 .text          0x0000000008000280       0x10 C:/ST/STM32CubeIDE_1.13.1/STM32CubeIDE/plugins/com.st.stm32cube.ide.mcu.externaltools.gnu-tools-for-stm32.11.3.rel1.win32_1.1.1.202309131626/tools/bin/../lib/gcc/arm-none-eabi/11.3.1/../../../../arm-none-eabi/lib/thumb/v7e-m+fp/hard\libc_nano.a(libc_a-strlen.o)
                0x0000000008000280                strlen
 .text          0x0000000008000290      0x378 C:/ST/STM32CubeIDE_1.13.1/STM32CubeIDE/plugins/com.st.stm32cube.ide.mcu.externaltools.gnu-tools-for-stm32.11.3.rel1.win32_1.1.1.202309131626/tools/bin/../lib/gcc/arm-none-eabi/11.3.1/thumb/v7e-m+fp/hard\libgcc.a(_arm_addsubdf3.o)
                0x0000000008000290                __aeabi_drsub
                0x0000000008000298                __aeabi_dsub
                0x0000000008000298                __subdf3
                0x000000000800029c                __aeabi_dadd
                0x000000000800029c                __adddf3
                0x0000000008000514                __floatunsidf
                0x0000000008000514                __aeabi_ui2d
                0x0000000008000534                __floatsidf
                0x0000000008000534                __aeabi_i2d
                0x0000000008000558                __aeabi_f2d
                0x0000000008000558                __extendsfdf2
                0x000000000800059c                __floatundidf
                0x000000000800059c                __aeabi_ul2d
                0x00000000080005ac                __floatdidf
                0x00000000080005ac                __aeabi_l2d
 .text          0x0000000008000608      0x424 C:/ST/STM32CubeIDE_1.13.1/STM32CubeIDE/plugins/com.st.stm32cube.ide.mcu.externaltools.gnu-tools-for-stm32.11.3.rel1.win32_1.1.1.202309131626/tools/bin/../lib/gcc/arm-none-eabi/11.3.1/thumb/v7e-m+fp/hard\libgcc.a(_arm_muldivdf3.o)
                0x0000000008000608                __aeabi_dmul
                0x0000000008000608                __muldf3
                0x000000000800085c                __divdf3
                0x000000000800085c                __aeabi_ddiv
 .text          0x0000000008000a2c      0x110 C:/ST/STM32CubeIDE_1.13.1/STM32CubeIDE/plugins/com.st.stm32cube.ide.mcu.externaltools.gnu-tools-for-stm32.11.3.rel1.win32_1.1.1.202309131626/tools/bin/../lib/gcc/arm-none-eabi/11.3.1/thumb/v7e-m+fp/hard\libgcc.a(_arm_cmpdf2.o)
                0x0000000008000a2c                __gtdf2
                0x0000000008000a2c                __gedf2
                0x0000000008000a34                __ltdf2
                0x0000000008000a34                __ledf2
                0x0000000008000a3c                __nedf2
                0x0000000008000a3c                __eqdf2
                0x0000000008000a3c                __cmpdf2
                0x0000000008000ab8                __aeabi_cdrcmple
                0x0000000008000ac8                __aeabi_cdcmpeq
                0x0000000008000ac8                __aeabi_cdcmple
                0x0000000008000ad8                __aeabi_dcmpeq
                0x0000000008000aec                __aeabi_dcmplt
                0x0000000008000b00                __aeabi_dcmple
                0x0000000008000b14                __aeabi_dcmpge
                0x0000000008000b28                __aeabi_dcmpgt
 .text          0x0000000008000b3c       0x2c C:/ST/STM32CubeIDE_1.13.1/STM32CubeIDE/plugins/com.st.stm32cube.ide.mcu.externaltools.gnu-tools-for-stm32.11.3.rel1.win32_1.1.1.202309131626/tools/bin/../lib/gcc/arm-none-eabi/11.3.1/thumb/v7e-m+fp/hard\libgcc.a(_arm_unorddf2.o)
                0x0000000008000b3c                __unorddf2
                0x0000000008000b3c                __aeabi_dcmpun
 .text          0x0000000008000b68       0x50 C:/ST/STM32CubeIDE_1.13.1/STM32CubeIDE/plugins/com.st.stm32cube.ide.mcu.externaltools.gnu-tools-for-stm32.11.3.rel1.win32_1.1.1.202309131626/tools/bin/../lib/gcc/arm-none-eabi/11.3.1/thumb/v7e-m+fp/hard\libgcc.a(_arm_fixdfsi.o)
                0x0000000008000b68                __aeabi_d2iz
                0x0000000008000b68                __fixdfsi
 .text          0x0000000008000bb8       0x40 C:/ST/STM32CubeIDE_1.13.1/STM32CubeIDE/plugins/com.st.stm32cube.ide.mcu.externaltools.gnu-tools-for-stm32.11.3.rel1.win32_1.1.1.202309131626/tools/bin/../lib/gcc/arm-none-eabi/11.3.1/thumb/v7e-m+fp/hard\libgcc.a(_arm_fixunsdfsi.o)
                0x0000000008000bb8                __aeabi_d2uiz
                0x0000000008000bb8                __fixunsdfsi
 *(.text*)
 .text.MX_FREERTOS_Init
                0x0000000008000bf8       0xb4 ./Core/Src/freertos.o
                0x0000000008000bf8                MX_FREERTOS_Init
 .text.DefaultTask
                0x0000000008000cac       0x40 ./Core/Src/freertos.o
                0x0000000008000cac                DefaultTask
 .text.RTOS_Ultrasonics_Read
                0x0000000008000cec      0x110 ./Core/Src/freertos.o
                0x0000000008000cec                RTOS_Ultrasonics_Read
 .text.RTOS_Car_Next_Step
                0x0000000008000dfc       0xac ./Core/Src/freertos.o
                0x0000000008000dfc                RTOS_Car_Next_Step
 .text.RTOS_Automatic_Parking
                0x0000000008000ea8      0x5f4 ./Core/Src/freertos.o
                0x0000000008000ea8                RTOS_Automatic_Parking
 .text.MX_GPIO_Init
                0x000000000800149c      0x164 ./Core/Src/gpio.o
                0x000000000800149c                MX_GPIO_Init
 .text.main     0x0000000008001600       0x46 ./Core/Src/main.o
                0x0000000008001600                main
 *fill*         0x0000000008001646        0x2 
 .text.SystemClock_Config
                0x0000000008001648       0xc8 ./Core/Src/main.o
                0x0000000008001648                SystemClock_Config
 .text.HAL_TIM_PeriodElapsedCallback
                0x0000000008001710       0x24 ./Core/Src/main.o
                0x0000000008001710                HAL_TIM_PeriodElapsedCallback
 .text.Error_Handler
                0x0000000008001734        0xa ./Core/Src/main.o
                0x0000000008001734                Error_Handler
 *fill*         0x000000000800173e        0x2 
 .text.HAL_MspInit
                0x0000000008001740       0x50 ./Core/Src/stm32f3xx_hal_msp.o
                0x0000000008001740                HAL_MspInit
 .text.HAL_InitTick
                0x0000000008001790       0xf4 ./Core/Src/stm32f3xx_hal_timebase_tim.o
                0x0000000008001790                HAL_InitTick
 .text.NMI_Handler
                0x0000000008001884        0x6 ./Core/Src/stm32f3xx_it.o
                0x0000000008001884                NMI_Handler
 .text.HardFault_Handler
                0x000000000800188a        0x6 ./Core/Src/stm32f3xx_it.o
                0x000000000800188a                HardFault_Handler
 .text.MemManage_Handler
                0x0000000008001890        0x6 ./Core/Src/stm32f3xx_it.o
                0x0000000008001890                MemManage_Handler
 .text.BusFault_Handler
                0x0000000008001896        0x6 ./Core/Src/stm32f3xx_it.o
                0x0000000008001896                BusFault_Handler
 .text.UsageFault_Handler
                0x000000000800189c        0x6 ./Core/Src/stm32f3xx_it.o
                0x000000000800189c                UsageFault_Handler
 .text.DebugMon_Handler
                0x00000000080018a2        0xe ./Core/Src/stm32f3xx_it.o
                0x00000000080018a2                DebugMon_Handler
 .text.TIM1_BRK_TIM15_IRQHandler
                0x00000000080018b0       0x28 ./Core/Src/stm32f3xx_it.o
                0x00000000080018b0                TIM1_BRK_TIM15_IRQHandler
 .text.TIM1_CC_IRQHandler
                0x00000000080018d8       0x1c ./Core/Src/stm32f3xx_it.o
                0x00000000080018d8                TIM1_CC_IRQHandler
 .text.TIM2_IRQHandler
                0x00000000080018f4       0x1c ./Core/Src/stm32f3xx_it.o
                0x00000000080018f4                TIM2_IRQHandler
 .text.TIM3_IRQHandler
                0x0000000008001910       0x1c ./Core/Src/stm32f3xx_it.o
                0x0000000008001910                TIM3_IRQHandler
 .text.TIM4_IRQHandler
                0x000000000800192c       0x1c ./Core/Src/stm32f3xx_it.o
                0x000000000800192c                TIM4_IRQHandler
 .text.TIM8_CC_IRQHandler
                0x0000000008001948       0x1c ./Core/Src/stm32f3xx_it.o
                0x0000000008001948                TIM8_CC_IRQHandler
 .text.UART4_IRQHandler
                0x0000000008001964       0x14 ./Core/Src/stm32f3xx_it.o
                0x0000000008001964                UART4_IRQHandler
 .text.TIM6_DAC_IRQHandler
                0x0000000008001978       0x14 ./Core/Src/stm32f3xx_it.o
                0x0000000008001978                TIM6_DAC_IRQHandler
 .text.Custom_ITM_sendChar_Ch0
                0x000000000800198c       0x50 ./Core/Src/syscalls.o
                0x000000000800198c                Custom_ITM_sendChar_Ch0
 .text._getpid  0x00000000080019dc       0x10 ./Core/Src/syscalls.o
                0x00000000080019dc                _getpid
 .text._kill    0x00000000080019ec       0x20 ./Core/Src/syscalls.o
                0x00000000080019ec                _kill
 .text._exit    0x0000000008001a0c       0x14 ./Core/Src/syscalls.o
                0x0000000008001a0c                _exit
 .text._read    0x0000000008001a20       0x3a ./Core/Src/syscalls.o
                0x0000000008001a20                _read
 .text._write   0x0000000008001a5a       0x38 ./Core/Src/syscalls.o
                0x0000000008001a5a                _write
 .text._close   0x0000000008001a92       0x18 ./Core/Src/syscalls.o
                0x0000000008001a92                _close
 .text._fstat   0x0000000008001aaa       0x20 ./Core/Src/syscalls.o
                0x0000000008001aaa                _fstat
 .text._isatty  0x0000000008001aca       0x16 ./Core/Src/syscalls.o
                0x0000000008001aca                _isatty
 .text._lseek   0x0000000008001ae0       0x1a ./Core/Src/syscalls.o
                0x0000000008001ae0                _lseek
 *fill*         0x0000000008001afa        0x2 
 .text._sbrk    0x0000000008001afc       0x6c ./Core/Src/sysmem.o
                0x0000000008001afc                _sbrk
 .text.SystemInit
                0x0000000008001b68       0x24 ./Core/Src/system_stm32f3xx.o
                0x0000000008001b68                SystemInit
 .text.MX_TIM1_Init
                0x0000000008001b8c      0x1a0 ./Core/Src/tim.o
                0x0000000008001b8c                MX_TIM1_Init
 .text.MX_TIM2_Init
                0x0000000008001d2c      0x134 ./Core/Src/tim.o
                0x0000000008001d2c                MX_TIM2_Init
 .text.MX_TIM3_Init
                0x0000000008001e60      0x138 ./Core/Src/tim.o
                0x0000000008001e60                MX_TIM3_Init
 .text.MX_TIM4_Init
                0x0000000008001f98      0x138 ./Core/Src/tim.o
                0x0000000008001f98                MX_TIM4_Init
 .text.MX_TIM8_Init
                0x00000000080020d0      0x1a0 ./Core/Src/tim.o
                0x00000000080020d0                MX_TIM8_Init
 .text.MX_TIM15_Init
                0x0000000008002270      0x190 ./Core/Src/tim.o
                0x0000000008002270                MX_TIM15_Init
 .text.MX_TIM16_Init
                0x0000000008002400       0xf4 ./Core/Src/tim.o
                0x0000000008002400                MX_TIM16_Init
 .text.MX_TIM17_Init
                0x00000000080024f4       0xf4 ./Core/Src/tim.o
                0x00000000080024f4                MX_TIM17_Init
 .text.HAL_TIM_Base_MspInit
                0x00000000080025e8      0x338 ./Core/Src/tim.o
                0x00000000080025e8                HAL_TIM_Base_MspInit
 .text.HAL_TIM_MspPostInit
                0x0000000008002920      0x274 ./Core/Src/tim.o
                0x0000000008002920                HAL_TIM_MspPostInit
 .text.MX_UART4_Init
                0x0000000008002b94       0x60 ./Core/Src/usart.o
                0x0000000008002b94                MX_UART4_Init
 .text.MX_USART2_UART_Init
                0x0000000008002bf4       0x60 ./Core/Src/usart.o
                0x0000000008002bf4                MX_USART2_UART_Init
 .text.HAL_UART_MspInit
                0x0000000008002c54       0xfc ./Core/Src/usart.o
                0x0000000008002c54                HAL_UART_MspInit
 .text.Reset_Handler
                0x0000000008002d50       0x50 ./Core/Startup/startup_stm32f303retx.o
                0x0000000008002d50                Reset_Handler
 .text.Default_Handler
                0x0000000008002da0        0x2 ./Core/Startup/startup_stm32f303retx.o
                0x0000000008002da0                RTC_Alarm_IRQHandler
                0x0000000008002da0                TIM8_TRG_COM_IRQHandler
                0x0000000008002da0                SPI4_IRQHandler
                0x0000000008002da0                USB_HP_IRQHandler
                0x0000000008002da0                PVD_IRQHandler
                0x0000000008002da0                TAMP_STAMP_IRQHandler
                0x0000000008002da0                EXTI3_IRQHandler
                0x0000000008002da0                I2C3_ER_IRQHandler
                0x0000000008002da0                USB_HP_CAN_TX_IRQHandler
                0x0000000008002da0                EXTI0_IRQHandler
                0x0000000008002da0                I2C2_EV_IRQHandler
                0x0000000008002da0                FPU_IRQHandler
                0x0000000008002da0                TIM1_UP_TIM16_IRQHandler
                0x0000000008002da0                ADC1_2_IRQHandler
                0x0000000008002da0                SPI1_IRQHandler
                0x0000000008002da0                CAN_SCE_IRQHandler
                0x0000000008002da0                TIM8_UP_IRQHandler
                0x0000000008002da0                DMA2_Channel2_IRQHandler
                0x0000000008002da0                DMA1_Channel4_IRQHandler
                0x0000000008002da0                TIM20_TRG_COM_IRQHandler
                0x0000000008002da0                USART3_IRQHandler
                0x0000000008002da0                DMA1_Channel7_IRQHandler
                0x0000000008002da0                UART5_IRQHandler
                0x0000000008002da0                ADC3_IRQHandler
                0x0000000008002da0                CAN_RX1_IRQHandler
                0x0000000008002da0                DMA2_Channel1_IRQHandler
                0x0000000008002da0                I2C1_EV_IRQHandler
                0x0000000008002da0                DMA1_Channel6_IRQHandler
                0x0000000008002da0                DMA2_Channel4_IRQHandler
                0x0000000008002da0                RCC_IRQHandler
                0x0000000008002da0                TIM20_UP_IRQHandler
                0x0000000008002da0                DMA1_Channel1_IRQHandler
                0x0000000008002da0                Default_Handler
                0x0000000008002da0                USBWakeUp_RMP_IRQHandler
                0x0000000008002da0                EXTI15_10_IRQHandler
                0x0000000008002da0                TIM7_IRQHandler
                0x0000000008002da0                I2C3_EV_IRQHandler
                0x0000000008002da0                EXTI9_5_IRQHandler
                0x0000000008002da0                RTC_WKUP_IRQHandler
                0x0000000008002da0                SPI2_IRQHandler
                0x0000000008002da0                USB_LP_CAN_RX0_IRQHandler
                0x0000000008002da0                DMA2_Channel5_IRQHandler
                0x0000000008002da0                DMA1_Channel5_IRQHandler
                0x0000000008002da0                USB_LP_IRQHandler
                0x0000000008002da0                EXTI4_IRQHandler
                0x0000000008002da0                TIM1_TRG_COM_TIM17_IRQHandler
                0x0000000008002da0                DMA1_Channel3_IRQHandler
                0x0000000008002da0                ADC4_IRQHandler
                0x0000000008002da0                WWDG_IRQHandler
                0x0000000008002da0                COMP7_IRQHandler
                0x0000000008002da0                COMP1_2_3_IRQHandler
                0x0000000008002da0                EXTI1_IRQHandler
                0x0000000008002da0                USART2_IRQHandler
                0x0000000008002da0                COMP4_5_6_IRQHandler
                0x0000000008002da0                TIM20_BRK_IRQHandler
                0x0000000008002da0                I2C2_ER_IRQHandler
                0x0000000008002da0                DMA1_Channel2_IRQHandler
                0x0000000008002da0                TIM8_BRK_IRQHandler
                0x0000000008002da0                FLASH_IRQHandler
                0x0000000008002da0                TIM20_CC_IRQHandler
                0x0000000008002da0                USART1_IRQHandler
                0x0000000008002da0                SPI3_IRQHandler
                0x0000000008002da0                I2C1_ER_IRQHandler
                0x0000000008002da0                FMC_IRQHandler
                0x0000000008002da0                USBWakeUp_IRQHandler
                0x0000000008002da0                DMA2_Channel3_IRQHandler
                0x0000000008002da0                EXTI2_TSC_IRQHandler
 *fill*         0x0000000008002da2        0x2 
 .text.HAL_UART_RxCpltCallback
                0x0000000008002da4       0xa4 ./Drivers/ECU/Bluetooth/bluetooth.o
                0x0000000008002da4                HAL_UART_RxCpltCallback
 .text.ECU_Bluetooth_ReciveData
                0x0000000008002e48       0x34 ./Drivers/ECU/Bluetooth/bluetooth.o
                0x0000000008002e48                ECU_Bluetooth_ReciveData
 .text.ECU_Motor_GeneratePWM
                0x0000000008002e7c      0x120 ./Drivers/ECU/Motor/ecu_motor.o
                0x0000000008002e7c                ECU_Motor_GeneratePWM
 .text.ECU_Motor_StopPWM
                0x0000000008002f9c       0x2c ./Drivers/ECU/Motor/ecu_motor.o
                0x0000000008002f9c                ECU_Motor_StopPWM
 .text.ECU_Motor_ChangeSpeed
                0x0000000008002fc8       0x40 ./Drivers/ECU/Motor/ecu_motor.o
                0x0000000008002fc8                ECU_Motor_ChangeSpeed
 .text.ECU_Motor_NextStep
                0x0000000008003008      0x164 ./Drivers/ECU/Motor/ecu_motor.o
                0x0000000008003008                ECU_Motor_NextStep
 .text.ECU_Motor_MoveForward
                0x000000000800316c       0x44 ./Drivers/ECU/Motor/ecu_motor.o
                0x000000000800316c                ECU_Motor_MoveForward
 .text.ECU_Motor_MoveReverse
                0x00000000080031b0       0x44 ./Drivers/ECU/Motor/ecu_motor.o
                0x00000000080031b0                ECU_Motor_MoveReverse
 .text.ECU_Motor_MoveForwardRight
                0x00000000080031f4       0x48 ./Drivers/ECU/Motor/ecu_motor.o
                0x00000000080031f4                ECU_Motor_MoveForwardRight
 .text.ECU_Motor_MoveForwardLeft
                0x000000000800323c       0x48 ./Drivers/ECU/Motor/ecu_motor.o
                0x000000000800323c                ECU_Motor_MoveForwardLeft
 .text.ECU_Motor_MoveReverseRight
                0x0000000008003284       0x48 ./Drivers/ECU/Motor/ecu_motor.o
                0x0000000008003284                ECU_Motor_MoveReverseRight
 .text.ECU_Motor_MoveReverseLeft
                0x00000000080032cc       0x48 ./Drivers/ECU/Motor/ecu_motor.o
                0x00000000080032cc                ECU_Motor_MoveReverseLeft
 .text.ECU_Motor_Stop
                0x0000000008003314       0x48 ./Drivers/ECU/Motor/ecu_motor.o
                0x0000000008003314                ECU_Motor_Stop
 .text.ECU_Motor_MoveRight
                0x000000000800335c       0x54 ./Drivers/ECU/Motor/ecu_motor.o
                0x000000000800335c                ECU_Motor_MoveRight
 .text.ECU_Motor_MoveLeft
                0x00000000080033b0       0x44 ./Drivers/ECU/Motor/ecu_motor.o
                0x00000000080033b0                ECU_Motor_MoveLeft
 .text.HAL_TIM_IC_CaptureCallback
                0x00000000080033f4       0xb8 ./Drivers/ECU/Ultrasonic/ultrasonic.o
                0x00000000080033f4                HAL_TIM_IC_CaptureCallback
 .text.ECU_Ultrasonic_Read
                0x00000000080034ac       0x40 ./Drivers/ECU/Ultrasonic/ultrasonic.o
                0x00000000080034ac                ECU_Ultrasonic_Read
 .text.ECU_Ultrasonic_GenerateTrigger
                0x00000000080034ec      0x110 ./Drivers/ECU/Ultrasonic/ultrasonic.o
 .text.IC_first_Capture
                0x00000000080035fc       0x52 ./Drivers/ECU/Ultrasonic/ultrasonic.o
 *fill*         0x000000000800364e        0x2 
 .text.IC_second_Capture
                0x0000000008003650       0xbc ./Drivers/ECU/Ultrasonic/ultrasonic.o
 .text.HAL_Init
                0x000000000800370c       0x2c ./Drivers/STM32F3xx_HAL_Driver/Src/stm32f3xx_hal.o
                0x000000000800370c                HAL_Init
 .text.HAL_IncTick
                0x0000000008003738       0x28 ./Drivers/STM32F3xx_HAL_Driver/Src/stm32f3xx_hal.o
                0x0000000008003738                HAL_IncTick
 .text.HAL_GetTick
                0x0000000008003760       0x18 ./Drivers/STM32F3xx_HAL_Driver/Src/stm32f3xx_hal.o
                0x0000000008003760                HAL_GetTick
 .text.HAL_Delay
                0x0000000008003778       0x48 ./Drivers/STM32F3xx_HAL_Driver/Src/stm32f3xx_hal.o
                0x0000000008003778                HAL_Delay
 .text.__NVIC_SetPriorityGrouping
                0x00000000080037c0       0x48 ./Drivers/STM32F3xx_HAL_Driver/Src/stm32f3xx_hal_cortex.o
 .text.__NVIC_GetPriorityGrouping
                0x0000000008003808       0x1c ./Drivers/STM32F3xx_HAL_Driver/Src/stm32f3xx_hal_cortex.o
 .text.__NVIC_EnableIRQ
                0x0000000008003824       0x3c ./Drivers/STM32F3xx_HAL_Driver/Src/stm32f3xx_hal_cortex.o
 .text.__NVIC_SetPriority
                0x0000000008003860       0x54 ./Drivers/STM32F3xx_HAL_Driver/Src/stm32f3xx_hal_cortex.o
 .text.NVIC_EncodePriority
                0x00000000080038b4       0x66 ./Drivers/STM32F3xx_HAL_Driver/Src/stm32f3xx_hal_cortex.o
 .text.HAL_NVIC_SetPriorityGrouping
                0x000000000800391a       0x16 ./Drivers/STM32F3xx_HAL_Driver/Src/stm32f3xx_hal_cortex.o
                0x000000000800391a                HAL_NVIC_SetPriorityGrouping
 .text.HAL_NVIC_SetPriority
                0x0000000008003930       0x38 ./Drivers/STM32F3xx_HAL_Driver/Src/stm32f3xx_hal_cortex.o
                0x0000000008003930                HAL_NVIC_SetPriority
 .text.HAL_NVIC_EnableIRQ
                0x0000000008003968       0x1c ./Drivers/STM32F3xx_HAL_Driver/Src/stm32f3xx_hal_cortex.o
                0x0000000008003968                HAL_NVIC_EnableIRQ
 .text.HAL_DMA_Abort
                0x0000000008003984       0x72 ./Drivers/STM32F3xx_HAL_Driver/Src/stm32f3xx_hal_dma.o
                0x0000000008003984                HAL_DMA_Abort
 .text.HAL_DMA_Abort_IT
                0x00000000080039f6       0x7c ./Drivers/STM32F3xx_HAL_Driver/Src/stm32f3xx_hal_dma.o
                0x00000000080039f6                HAL_DMA_Abort_IT
 *fill*         0x0000000008003a72        0x2 
 .text.HAL_GPIO_Init
                0x0000000008003a74      0x314 ./Drivers/STM32F3xx_HAL_Driver/Src/stm32f3xx_hal_gpio.o
                0x0000000008003a74                HAL_GPIO_Init
 .text.HAL_GPIO_WritePin
                0x0000000008003d88       0x30 ./Drivers/STM32F3xx_HAL_Driver/Src/stm32f3xx_hal_gpio.o
                0x0000000008003d88                HAL_GPIO_WritePin
 .text.HAL_RCC_OscConfig
                0x0000000008003db8     0x10a8 ./Drivers/STM32F3xx_HAL_Driver/Src/stm32f3xx_hal_rcc.o
                0x0000000008003db8                HAL_RCC_OscConfig
 .text.HAL_RCC_ClockConfig
                0x0000000008004e60      0x2f8 ./Drivers/STM32F3xx_HAL_Driver/Src/stm32f3xx_hal_rcc.o
                0x0000000008004e60                HAL_RCC_ClockConfig
 .text.HAL_RCC_GetSysClockFreq
                0x0000000008005158       0xd4 ./Drivers/STM32F3xx_HAL_Driver/Src/stm32f3xx_hal_rcc.o
                0x0000000008005158                HAL_RCC_GetSysClockFreq
 .text.HAL_RCC_GetHCLKFreq
                0x000000000800522c       0x18 ./Drivers/STM32F3xx_HAL_Driver/Src/stm32f3xx_hal_rcc.o
                0x000000000800522c                HAL_RCC_GetHCLKFreq
 .text.HAL_RCC_GetPCLK1Freq
                0x0000000008005244       0x44 ./Drivers/STM32F3xx_HAL_Driver/Src/stm32f3xx_hal_rcc.o
                0x0000000008005244                HAL_RCC_GetPCLK1Freq
 .text.HAL_RCC_GetPCLK2Freq
                0x0000000008005288       0x44 ./Drivers/STM32F3xx_HAL_Driver/Src/stm32f3xx_hal_rcc.o
                0x0000000008005288                HAL_RCC_GetPCLK2Freq
 .text.HAL_RCC_GetClockConfig
                0x00000000080052cc       0x64 ./Drivers/STM32F3xx_HAL_Driver/Src/stm32f3xx_hal_rcc.o
                0x00000000080052cc                HAL_RCC_GetClockConfig
 .text.HAL_RCCEx_PeriphCLKConfig
                0x0000000008005330      0x43c ./Drivers/STM32F3xx_HAL_Driver/Src/stm32f3xx_hal_rcc_ex.o
                0x0000000008005330                HAL_RCCEx_PeriphCLKConfig
 .text.HAL_TIM_Base_Init
                0x000000000800576c       0xae ./Drivers/STM32F3xx_HAL_Driver/Src/stm32f3xx_hal_tim.o
                0x000000000800576c                HAL_TIM_Base_Init
 *fill*         0x000000000800581a        0x2 
 .text.HAL_TIM_Base_Start_IT
                0x000000000800581c       0xe0 ./Drivers/STM32F3xx_HAL_Driver/Src/stm32f3xx_hal_tim.o
                0x000000000800581c                HAL_TIM_Base_Start_IT
 .text.HAL_TIM_PWM_Init
                0x00000000080058fc       0xae ./Drivers/STM32F3xx_HAL_Driver/Src/stm32f3xx_hal_tim.o
                0x00000000080058fc                HAL_TIM_PWM_Init
 .text.HAL_TIM_PWM_MspInit
                0x00000000080059aa       0x14 ./Drivers/STM32F3xx_HAL_Driver/Src/stm32f3xx_hal_tim.o
                0x00000000080059aa                HAL_TIM_PWM_MspInit
 *fill*         0x00000000080059be        0x2 
 .text.HAL_TIM_PWM_Start
                0x00000000080059c0      0x218 ./Drivers/STM32F3xx_HAL_Driver/Src/stm32f3xx_hal_tim.o
                0x00000000080059c0                HAL_TIM_PWM_Start
 .text.HAL_TIM_PWM_Stop
                0x0000000008005bd8      0x138 ./Drivers/STM32F3xx_HAL_Driver/Src/stm32f3xx_hal_tim.o
                0x0000000008005bd8                HAL_TIM_PWM_Stop
 .text.HAL_TIM_IC_Init
                0x0000000008005d10       0xae ./Drivers/STM32F3xx_HAL_Driver/Src/stm32f3xx_hal_tim.o
                0x0000000008005d10                HAL_TIM_IC_Init
 .text.HAL_TIM_IC_MspInit
                0x0000000008005dbe       0x14 ./Drivers/STM32F3xx_HAL_Driver/Src/stm32f3xx_hal_tim.o
                0x0000000008005dbe                HAL_TIM_IC_MspInit
 *fill*         0x0000000008005dd2        0x2 
 .text.HAL_TIM_IC_Start_IT
                0x0000000008005dd4      0x294 ./Drivers/STM32F3xx_HAL_Driver/Src/stm32f3xx_hal_tim.o
                0x0000000008005dd4                HAL_TIM_IC_Start_IT
 .text.HAL_TIM_IC_Stop_IT
                0x0000000008006068      0x17c ./Drivers/STM32F3xx_HAL_Driver/Src/stm32f3xx_hal_tim.o
                0x0000000008006068                HAL_TIM_IC_Stop_IT
 .text.HAL_TIM_IRQHandler
                0x00000000080061e4      0x23e ./Drivers/STM32F3xx_HAL_Driver/Src/stm32f3xx_hal_tim.o
                0x00000000080061e4                HAL_TIM_IRQHandler
 .text.HAL_TIM_IC_ConfigChannel
                0x0000000008006422      0x138 ./Drivers/STM32F3xx_HAL_Driver/Src/stm32f3xx_hal_tim.o
                0x0000000008006422                HAL_TIM_IC_ConfigChannel
 *fill*         0x000000000800655a        0x2 
 .text.HAL_TIM_PWM_ConfigChannel
                0x000000000800655c      0x228 ./Drivers/STM32F3xx_HAL_Driver/Src/stm32f3xx_hal_tim.o
                0x000000000800655c                HAL_TIM_PWM_ConfigChannel
 .text.HAL_TIM_ConfigClockSource
                0x0000000008006784      0x192 ./Drivers/STM32F3xx_HAL_Driver/Src/stm32f3xx_hal_tim.o
                0x0000000008006784                HAL_TIM_ConfigClockSource
 *fill*         0x0000000008006916        0x2 
 .text.HAL_TIM_ReadCapturedValue
                0x0000000008006918       0x88 ./Drivers/STM32F3xx_HAL_Driver/Src/stm32f3xx_hal_tim.o
                0x0000000008006918                HAL_TIM_ReadCapturedValue
 .text.HAL_TIM_OC_DelayElapsedCallback
                0x00000000080069a0       0x14 ./Drivers/STM32F3xx_HAL_Driver/Src/stm32f3xx_hal_tim.o
                0x00000000080069a0                HAL_TIM_OC_DelayElapsedCallback
 .text.HAL_TIM_PWM_PulseFinishedCallback
                0x00000000080069b4       0x14 ./Drivers/STM32F3xx_HAL_Driver/Src/stm32f3xx_hal_tim.o
                0x00000000080069b4                HAL_TIM_PWM_PulseFinishedCallback
 .text.HAL_TIM_TriggerCallback
                0x00000000080069c8       0x14 ./Drivers/STM32F3xx_HAL_Driver/Src/stm32f3xx_hal_tim.o
                0x00000000080069c8                HAL_TIM_TriggerCallback
 .text.TIM_Base_SetConfig
                0x00000000080069dc      0x13c ./Drivers/STM32F3xx_HAL_Driver/Src/stm32f3xx_hal_tim.o
                0x00000000080069dc                TIM_Base_SetConfig
 .text.TIM_OC1_SetConfig
                0x0000000008006b18      0x134 ./Drivers/STM32F3xx_HAL_Driver/Src/stm32f3xx_hal_tim.o
 .text.TIM_OC2_SetConfig
                0x0000000008006c4c      0x128 ./Drivers/STM32F3xx_HAL_Driver/Src/stm32f3xx_hal_tim.o
                0x0000000008006c4c                TIM_OC2_SetConfig
 .text.TIM_OC3_SetConfig
                0x0000000008006d74      0x124 ./Drivers/STM32F3xx_HAL_Driver/Src/stm32f3xx_hal_tim.o
 .text.TIM_OC4_SetConfig
                0x0000000008006e98       0xe0 ./Drivers/STM32F3xx_HAL_Driver/Src/stm32f3xx_hal_tim.o
 .text.TIM_OC5_SetConfig
                0x0000000008006f78       0xd4 ./Drivers/STM32F3xx_HAL_Driver/Src/stm32f3xx_hal_tim.o
 .text.TIM_OC6_SetConfig
                0x000000000800704c       0xd8 ./Drivers/STM32F3xx_HAL_Driver/Src/stm32f3xx_hal_tim.o
 .text.TIM_TI1_SetConfig
                0x0000000008007124       0xdc ./Drivers/STM32F3xx_HAL_Driver/Src/stm32f3xx_hal_tim.o
                0x0000000008007124                TIM_TI1_SetConfig
 .text.TIM_TI1_ConfigInputStage
                0x0000000008007200       0x5e ./Drivers/STM32F3xx_HAL_Driver/Src/stm32f3xx_hal_tim.o
 .text.TIM_TI2_SetConfig
                0x000000000800725e       0x7a ./Drivers/STM32F3xx_HAL_Driver/Src/stm32f3xx_hal_tim.o
 .text.TIM_TI2_ConfigInputStage
                0x00000000080072d8       0x60 ./Drivers/STM32F3xx_HAL_Driver/Src/stm32f3xx_hal_tim.o
 .text.TIM_TI3_SetConfig
                0x0000000008007338       0x78 ./Drivers/STM32F3xx_HAL_Driver/Src/stm32f3xx_hal_tim.o
 .text.TIM_TI4_SetConfig
                0x00000000080073b0       0x7a ./Drivers/STM32F3xx_HAL_Driver/Src/stm32f3xx_hal_tim.o
 .text.TIM_ITRx_SetConfig
                0x000000000800742a       0x36 ./Drivers/STM32F3xx_HAL_Driver/Src/stm32f3xx_hal_tim.o
 .text.TIM_ETR_SetConfig
                0x0000000008007460       0x40 ./Drivers/STM32F3xx_HAL_Driver/Src/stm32f3xx_hal_tim.o
                0x0000000008007460                TIM_ETR_SetConfig
 .text.TIM_CCxChannelCmd
                0x00000000080074a0       0x4a ./Drivers/STM32F3xx_HAL_Driver/Src/stm32f3xx_hal_tim.o
                0x00000000080074a0                TIM_CCxChannelCmd
 *fill*         0x00000000080074ea        0x2 
 .text.HAL_TIMEx_MasterConfigSynchronization
                0x00000000080074ec      0x118 ./Drivers/STM32F3xx_HAL_Driver/Src/stm32f3xx_hal_tim_ex.o
                0x00000000080074ec                HAL_TIMEx_MasterConfigSynchronization
 .text.HAL_TIMEx_ConfigBreakDeadTime
                0x0000000008007604      0x10c ./Drivers/STM32F3xx_HAL_Driver/Src/stm32f3xx_hal_tim_ex.o
                0x0000000008007604                HAL_TIMEx_ConfigBreakDeadTime
 .text.HAL_TIMEx_CommutCallback
                0x0000000008007710       0x14 ./Drivers/STM32F3xx_HAL_Driver/Src/stm32f3xx_hal_tim_ex.o
                0x0000000008007710                HAL_TIMEx_CommutCallback
 .text.HAL_TIMEx_BreakCallback
                0x0000000008007724       0x14 ./Drivers/STM32F3xx_HAL_Driver/Src/stm32f3xx_hal_tim_ex.o
                0x0000000008007724                HAL_TIMEx_BreakCallback
 .text.HAL_TIMEx_Break2Callback
                0x0000000008007738       0x14 ./Drivers/STM32F3xx_HAL_Driver/Src/stm32f3xx_hal_tim_ex.o
                0x0000000008007738                HAL_TIMEx_Break2Callback
 .text.HAL_UART_Init
                0x000000000800774c       0x9c ./Drivers/STM32F3xx_HAL_Driver/Src/stm32f3xx_hal_uart.o
                0x000000000800774c                HAL_UART_Init
 .text.HAL_UART_Receive_IT
                0x00000000080077e8       0x88 ./Drivers/STM32F3xx_HAL_Driver/Src/stm32f3xx_hal_uart.o
                0x00000000080077e8                HAL_UART_Receive_IT
 .text.HAL_UART_IRQHandler
                0x0000000008007870      0x5cc ./Drivers/STM32F3xx_HAL_Driver/Src/stm32f3xx_hal_uart.o
                0x0000000008007870                HAL_UART_IRQHandler
 .text.HAL_UART_TxCpltCallback
                0x0000000008007e3c       0x14 ./Drivers/STM32F3xx_HAL_Driver/Src/stm32f3xx_hal_uart.o
                0x0000000008007e3c                HAL_UART_TxCpltCallback
 .text.HAL_UART_ErrorCallback
                0x0000000008007e50       0x14 ./Drivers/STM32F3xx_HAL_Driver/Src/stm32f3xx_hal_uart.o
                0x0000000008007e50                HAL_UART_ErrorCallback
 .text.HAL_UARTEx_RxEventCallback
                0x0000000008007e64       0x18 ./Drivers/STM32F3xx_HAL_Driver/Src/stm32f3xx_hal_uart.o
                0x0000000008007e64                HAL_UARTEx_RxEventCallback
 .text.UART_SetConfig
                0x0000000008007e7c      0x3a8 ./Drivers/STM32F3xx_HAL_Driver/Src/stm32f3xx_hal_uart.o
                0x0000000008007e7c                UART_SetConfig
 .text.UART_AdvFeatureConfig
                0x0000000008008224      0x144 ./Drivers/STM32F3xx_HAL_Driver/Src/stm32f3xx_hal_uart.o
                0x0000000008008224                UART_AdvFeatureConfig
 .text.UART_CheckIdleState
                0x0000000008008368      0x150 ./Drivers/STM32F3xx_HAL_Driver/Src/stm32f3xx_hal_uart.o
                0x0000000008008368                UART_CheckIdleState
 .text.UART_WaitOnFlagUntilTimeout
                0x00000000080084b8       0xce ./Drivers/STM32F3xx_HAL_Driver/Src/stm32f3xx_hal_uart.o
                0x00000000080084b8                UART_WaitOnFlagUntilTimeout
 *fill*         0x0000000008008586        0x2 
 .text.UART_Start_Receive_IT
                0x0000000008008588      0x18c ./Drivers/STM32F3xx_HAL_Driver/Src/stm32f3xx_hal_uart.o
                0x0000000008008588                UART_Start_Receive_IT
 .text.UART_EndRxTransfer
                0x0000000008008714       0xc8 ./Drivers/STM32F3xx_HAL_Driver/Src/stm32f3xx_hal_uart.o
 .text.UART_DMAAbortOnError
                0x00000000080087dc       0x2c ./Drivers/STM32F3xx_HAL_Driver/Src/stm32f3xx_hal_uart.o
 .text.UART_EndTransmit_IT
                0x0000000008008808       0x54 ./Drivers/STM32F3xx_HAL_Driver/Src/stm32f3xx_hal_uart.o
 .text.UART_RxISR_8BIT
                0x000000000800885c      0x1a8 ./Drivers/STM32F3xx_HAL_Driver/Src/stm32f3xx_hal_uart.o
 .text.UART_RxISR_16BIT
                0x0000000008008a04      0x1a8 ./Drivers/STM32F3xx_HAL_Driver/Src/stm32f3xx_hal_uart.o
 .text.HAL_UARTEx_WakeupCallback
                0x0000000008008bac       0x14 ./Drivers/STM32F3xx_HAL_Driver/Src/stm32f3xx_hal_uart_ex.o
                0x0000000008008bac                HAL_UARTEx_WakeupCallback
 .text.osKernelInitialize
                0x0000000008008bc0       0x68 ./Middlewares/Third_Party/FreeRTOS/Source/CMSIS_RTOS_V2/cmsis_os2.o
                0x0000000008008bc0                osKernelInitialize
 .text.osKernelStart
                0x0000000008008c28       0x68 ./Middlewares/Third_Party/FreeRTOS/Source/CMSIS_RTOS_V2/cmsis_os2.o
                0x0000000008008c28                osKernelStart
 .text.osThreadNew
                0x0000000008008c90      0x154 ./Middlewares/Third_Party/FreeRTOS/Source/CMSIS_RTOS_V2/cmsis_os2.o
                0x0000000008008c90                osThreadNew
 .text.osThreadGetId
                0x0000000008008de4       0x4c ./Middlewares/Third_Party/FreeRTOS/Source/CMSIS_RTOS_V2/cmsis_os2.o
                0x0000000008008de4                osThreadGetId
 .text.osThreadSuspend
                0x0000000008008e30       0x68 ./Middlewares/Third_Party/FreeRTOS/Source/CMSIS_RTOS_V2/cmsis_os2.o
                0x0000000008008e30                osThreadSuspend
 .text.osThreadResume
                0x0000000008008e98       0x68 ./Middlewares/Third_Party/FreeRTOS/Source/CMSIS_RTOS_V2/cmsis_os2.o
                0x0000000008008e98                osThreadResume
 .text.osDelay  0x0000000008008f00       0x5c ./Middlewares/Third_Party/FreeRTOS/Source/CMSIS_RTOS_V2/cmsis_os2.o
                0x0000000008008f00                osDelay
 .text.osEventFlagsNew
                0x0000000008008f5c       0xa4 ./Middlewares/Third_Party/FreeRTOS/Source/CMSIS_RTOS_V2/cmsis_os2.o
                0x0000000008008f5c                osEventFlagsNew
 .text.osEventFlagsSet
                0x0000000008009000       0xb0 ./Middlewares/Third_Party/FreeRTOS/Source/CMSIS_RTOS_V2/cmsis_os2.o
                0x0000000008009000                osEventFlagsSet
 .text.osEventFlagsClear
                0x00000000080090b0       0x88 ./Middlewares/Third_Party/FreeRTOS/Source/CMSIS_RTOS_V2/cmsis_os2.o
                0x00000000080090b0                osEventFlagsClear
 .text.osEventFlagsGet
                0x0000000008009138       0x68 ./Middlewares/Third_Party/FreeRTOS/Source/CMSIS_RTOS_V2/cmsis_os2.o
                0x0000000008009138                osEventFlagsGet
 .text.osMutexNew
                0x00000000080091a0      0x134 ./Middlewares/Third_Party/FreeRTOS/Source/CMSIS_RTOS_V2/cmsis_os2.o
                0x00000000080091a0                osMutexNew
 .text.vApplicationGetIdleTaskMemory
                0x00000000080092d4       0x34 ./Middlewares/Third_Party/FreeRTOS/Source/CMSIS_RTOS_V2/cmsis_os2.o
                0x00000000080092d4                vApplicationGetIdleTaskMemory
 .text.vApplicationGetTimerTaskMemory
                0x0000000008009308       0x34 ./Middlewares/Third_Party/FreeRTOS/Source/CMSIS_RTOS_V2/cmsis_os2.o
                0x0000000008009308                vApplicationGetTimerTaskMemory
 .text.xEventGroupCreateStatic
                0x000000000800933c       0x6e ./Middlewares/Third_Party/FreeRTOS/Source/event_groups.o
                0x000000000800933c                xEventGroupCreateStatic
 .text.xEventGroupCreate
                0x00000000080093aa       0x34 ./Middlewares/Third_Party/FreeRTOS/Source/event_groups.o
                0x00000000080093aa                xEventGroupCreate
 .text.xEventGroupClearBits
                0x00000000080093de       0x70 ./Middlewares/Third_Party/FreeRTOS/Source/event_groups.o
                0x00000000080093de                xEventGroupClearBits
 *fill*         0x000000000800944e        0x2 
 .text.xEventGroupClearBitsFromISR
                0x0000000008009450       0x28 ./Middlewares/Third_Party/FreeRTOS/Source/event_groups.o
                0x0000000008009450                xEventGroupClearBitsFromISR
 .text.xEventGroupGetBitsFromISR
                0x0000000008009478       0x48 ./Middlewares/Third_Party/FreeRTOS/Source/event_groups.o
                0x0000000008009478                xEventGroupGetBitsFromISR
 .text.xEventGroupSetBits
                0x00000000080094c0      0x116 ./Middlewares/Third_Party/FreeRTOS/Source/event_groups.o
                0x00000000080094c0                xEventGroupSetBits
 .text.vEventGroupSetBitsCallback
                0x00000000080095d6       0x1a ./Middlewares/Third_Party/FreeRTOS/Source/event_groups.o
                0x00000000080095d6                vEventGroupSetBitsCallback
 .text.vEventGroupClearBitsCallback
                0x00000000080095f0       0x1a ./Middlewares/Third_Party/FreeRTOS/Source/event_groups.o
                0x00000000080095f0                vEventGroupClearBitsCallback
 *fill*         0x000000000800960a        0x2 
 .text.xEventGroupSetBitsFromISR
                0x000000000800960c       0x28 ./Middlewares/Third_Party/FreeRTOS/Source/event_groups.o
                0x000000000800960c                xEventGroupSetBitsFromISR
 .text.vListInitialise
                0x0000000008009634       0x40 ./Middlewares/Third_Party/FreeRTOS/Source/list.o
                0x0000000008009634                vListInitialise
 .text.vListInitialiseItem
                0x0000000008009674       0x1a ./Middlewares/Third_Party/FreeRTOS/Source/list.o
                0x0000000008009674                vListInitialiseItem
 .text.vListInsertEnd
                0x000000000800968e       0x48 ./Middlewares/Third_Party/FreeRTOS/Source/list.o
                0x000000000800968e                vListInsertEnd
 .text.vListInsert
                0x00000000080096d6       0x72 ./Middlewares/Third_Party/FreeRTOS/Source/list.o
                0x00000000080096d6                vListInsert
 .text.uxListRemove
                0x0000000008009748       0x54 ./Middlewares/Third_Party/FreeRTOS/Source/list.o
                0x0000000008009748                uxListRemove
 .text.xQueueGenericReset
                0x000000000800979c       0xd0 ./Middlewares/Third_Party/FreeRTOS/Source/queue.o
                0x000000000800979c                xQueueGenericReset
 .text.xQueueGenericCreateStatic
                0x000000000800986c       0xee ./Middlewares/Third_Party/FreeRTOS/Source/queue.o
                0x000000000800986c                xQueueGenericCreateStatic
 .text.xQueueGenericCreate
                0x000000000800995a       0x7c ./Middlewares/Third_Party/FreeRTOS/Source/queue.o
                0x000000000800995a                xQueueGenericCreate
 .text.prvInitialiseNewQueue
                0x00000000080099d6       0x46 ./Middlewares/Third_Party/FreeRTOS/Source/queue.o
 .text.prvInitialiseMutex
                0x0000000008009a1c       0x34 ./Middlewares/Third_Party/FreeRTOS/Source/queue.o
 .text.xQueueCreateMutex
                0x0000000008009a50       0x30 ./Middlewares/Third_Party/FreeRTOS/Source/queue.o
                0x0000000008009a50                xQueueCreateMutex
 .text.xQueueCreateMutexStatic
                0x0000000008009a80       0x36 ./Middlewares/Third_Party/FreeRTOS/Source/queue.o
                0x0000000008009a80                xQueueCreateMutexStatic
 *fill*         0x0000000008009ab6        0x2 
 .text.xQueueGenericSend
                0x0000000008009ab8      0x1fc ./Middlewares/Third_Party/FreeRTOS/Source/queue.o
                0x0000000008009ab8                xQueueGenericSend
 .text.xQueueGenericSendFromISR
                0x0000000008009cb4      0x130 ./Middlewares/Third_Party/FreeRTOS/Source/queue.o
                0x0000000008009cb4                xQueueGenericSendFromISR
 .text.xQueueReceive
                0x0000000008009de4      0x1c0 ./Middlewares/Third_Party/FreeRTOS/Source/queue.o
                0x0000000008009de4                xQueueReceive
 .text.prvCopyDataToQueue
                0x0000000008009fa4       0xd4 ./Middlewares/Third_Party/FreeRTOS/Source/queue.o
 .text.prvCopyDataFromQueue
                0x000000000800a078       0x4c ./Middlewares/Third_Party/FreeRTOS/Source/queue.o
 .text.prvUnlockQueue
                0x000000000800a0c4       0xa4 ./Middlewares/Third_Party/FreeRTOS/Source/queue.o
 .text.prvIsQueueEmpty
                0x000000000800a168       0x2c ./Middlewares/Third_Party/FreeRTOS/Source/queue.o
 .text.prvIsQueueFull
                0x000000000800a194       0x30 ./Middlewares/Third_Party/FreeRTOS/Source/queue.o
 .text.vQueueAddToRegistry
                0x000000000800a1c4       0x54 ./Middlewares/Third_Party/FreeRTOS/Source/queue.o
                0x000000000800a1c4                vQueueAddToRegistry
 .text.vQueueWaitForMessageRestricted
                0x000000000800a218       0x68 ./Middlewares/Third_Party/FreeRTOS/Source/queue.o
                0x000000000800a218                vQueueWaitForMessageRestricted
 .text.xTaskCreateStatic
                0x000000000800a280       0xb8 ./Middlewares/Third_Party/FreeRTOS/Source/tasks.o
                0x000000000800a280                xTaskCreateStatic
 .text.xTaskCreate
                0x000000000800a338       0x8a ./Middlewares/Third_Party/FreeRTOS/Source/tasks.o
                0x000000000800a338                xTaskCreate
 *fill*         0x000000000800a3c2        0x2 
 .text.prvInitialiseNewTask
                0x000000000800a3c4      0x13c ./Middlewares/Third_Party/FreeRTOS/Source/tasks.o
 .text.prvAddNewTaskToReadyList
                0x000000000800a500       0xe0 ./Middlewares/Third_Party/FreeRTOS/Source/tasks.o
 .text.vTaskDelay
                0x000000000800a5e0       0x68 ./Middlewares/Third_Party/FreeRTOS/Source/tasks.o
                0x000000000800a5e0                vTaskDelay
 .text.vTaskSuspend
                0x000000000800a648       0xec ./Middlewares/Third_Party/FreeRTOS/Source/tasks.o
                0x000000000800a648                vTaskSuspend
 .text.prvTaskIsTaskSuspended
                0x000000000800a734       0x78 ./Middlewares/Third_Party/FreeRTOS/Source/tasks.o
 .text.vTaskResume
                0x000000000800a7ac       0xbc ./Middlewares/Third_Party/FreeRTOS/Source/tasks.o
                0x000000000800a7ac                vTaskResume
 .text.vTaskStartScheduler
                0x000000000800a868       0xe0 ./Middlewares/Third_Party/FreeRTOS/Source/tasks.o
                0x000000000800a868                vTaskStartScheduler
 .text.vTaskSuspendAll
                0x000000000800a948       0x1c ./Middlewares/Third_Party/FreeRTOS/Source/tasks.o
                0x000000000800a948                vTaskSuspendAll
 .text.xTaskResumeAll
                0x000000000800a964      0x13c ./Middlewares/Third_Party/FreeRTOS/Source/tasks.o
                0x000000000800a964                xTaskResumeAll
 .text.xTaskGetTickCount
                0x000000000800aaa0       0x20 ./Middlewares/Third_Party/FreeRTOS/Source/tasks.o
                0x000000000800aaa0                xTaskGetTickCount
 .text.xTaskIncrementTick
                0x000000000800aac0      0x17c ./Middlewares/Third_Party/FreeRTOS/Source/tasks.o
                0x000000000800aac0                xTaskIncrementTick
 .text.vTaskSwitchContext
                0x000000000800ac3c       0xc8 ./Middlewares/Third_Party/FreeRTOS/Source/tasks.o
                0x000000000800ac3c                vTaskSwitchContext
 .text.vTaskPlaceOnEventList
                0x000000000800ad04       0x48 ./Middlewares/Third_Party/FreeRTOS/Source/tasks.o
                0x000000000800ad04                vTaskPlaceOnEventList
 .text.vTaskPlaceOnEventListRestricted
                0x000000000800ad4c       0x58 ./Middlewares/Third_Party/FreeRTOS/Source/tasks.o
                0x000000000800ad4c                vTaskPlaceOnEventListRestricted
 .text.xTaskRemoveFromEventList
                0x000000000800ada4       0xc8 ./Middlewares/Third_Party/FreeRTOS/Source/tasks.o
                0x000000000800ada4                xTaskRemoveFromEventList
 .text.vTaskRemoveFromUnorderedEventList
                0x000000000800ae6c       0xc4 ./Middlewares/Third_Party/FreeRTOS/Source/tasks.o
                0x000000000800ae6c                vTaskRemoveFromUnorderedEventList
 .text.vTaskInternalSetTimeOutState
                0x000000000800af30       0x2c ./Middlewares/Third_Party/FreeRTOS/Source/tasks.o
                0x000000000800af30                vTaskInternalSetTimeOutState
 .text.xTaskCheckForTimeOut
                0x000000000800af5c       0xc4 ./Middlewares/Third_Party/FreeRTOS/Source/tasks.o
                0x000000000800af5c                xTaskCheckForTimeOut
 .text.vTaskMissedYield
                0x000000000800b020       0x18 ./Middlewares/Third_Party/FreeRTOS/Source/tasks.o
                0x000000000800b020                vTaskMissedYield
 .text.prvIdleTask
                0x000000000800b038       0x30 ./Middlewares/Third_Party/FreeRTOS/Source/tasks.o
 .text.prvInitialiseTaskLists
                0x000000000800b068       0x80 ./Middlewares/Third_Party/FreeRTOS/Source/tasks.o
 .text.prvCheckTasksWaitingTermination
                0x000000000800b0e8       0x5c ./Middlewares/Third_Party/FreeRTOS/Source/tasks.o
 .text.prvDeleteTCB
                0x000000000800b144       0x68 ./Middlewares/Third_Party/FreeRTOS/Source/tasks.o
 .text.prvResetNextTaskUnblockTime
                0x000000000800b1ac       0x4c ./Middlewares/Third_Party/FreeRTOS/Source/tasks.o
 .text.xTaskGetCurrentTaskHandle
                0x000000000800b1f8       0x20 ./Middlewares/Third_Party/FreeRTOS/Source/tasks.o
                0x000000000800b1f8                xTaskGetCurrentTaskHandle
 .text.xTaskGetSchedulerState
                0x000000000800b218       0x3c ./Middlewares/Third_Party/FreeRTOS/Source/tasks.o
                0x000000000800b218                xTaskGetSchedulerState
 .text.xTaskPriorityDisinherit
                0x000000000800b254       0xdc ./Middlewares/Third_Party/FreeRTOS/Source/tasks.o
                0x000000000800b254                xTaskPriorityDisinherit
 .text.prvAddCurrentTaskToDelayedList
                0x000000000800b330       0xa8 ./Middlewares/Third_Party/FreeRTOS/Source/tasks.o
 .text.xTimerCreateTimerTask
                0x000000000800b3d8       0x90 ./Middlewares/Third_Party/FreeRTOS/Source/timers.o
                0x000000000800b3d8                xTimerCreateTimerTask
 .text.xTimerGenericCommand
                0x000000000800b468       0x9c ./Middlewares/Third_Party/FreeRTOS/Source/timers.o
                0x000000000800b468                xTimerGenericCommand
 .text.prvProcessExpiredTimer
                0x000000000800b504       0x80 ./Middlewares/Third_Party/FreeRTOS/Source/timers.o
 .text.prvTimerTask
                0x000000000800b584       0x24 ./Middlewares/Third_Party/FreeRTOS/Source/timers.o
 .text.prvProcessTimerOrBlockTask
                0x000000000800b5a8       0x9c ./Middlewares/Third_Party/FreeRTOS/Source/timers.o
 .text.prvGetNextExpireTime
                0x000000000800b644       0x48 ./Middlewares/Third_Party/FreeRTOS/Source/timers.o
 .text.prvSampleTimeNow
                0x000000000800b68c       0x40 ./Middlewares/Third_Party/FreeRTOS/Source/timers.o
 .text.prvInsertTimerInActiveList
                0x000000000800b6cc       0x84 ./Middlewares/Third_Party/FreeRTOS/Source/timers.o
 .text.prvProcessReceivedCommands
                0x000000000800b750      0x168 ./Middlewares/Third_Party/FreeRTOS/Source/timers.o
 .text.prvSwitchTimerLists
                0x000000000800b8b8       0xc4 ./Middlewares/Third_Party/FreeRTOS/Source/timers.o
 .text.prvCheckForValidListAndQueue
                0x000000000800b97c       0x80 ./Middlewares/Third_Party/FreeRTOS/Source/timers.o
 .text.xTimerPendFunctionCallFromISR
                0x000000000800b9fc       0x40 ./Middlewares/Third_Party/FreeRTOS/Source/timers.o
                0x000000000800b9fc                xTimerPendFunctionCallFromISR
 .text.pxPortInitialiseStack
                0x000000000800ba3c       0x68 ./Middlewares/Third_Party/FreeRTOS/Source/portable/GCC/ARM_CM4F/port.o
                0x000000000800ba3c                pxPortInitialiseStack
 .text.prvTaskExitError
                0x000000000800baa4       0x58 ./Middlewares/Third_Party/FreeRTOS/Source/portable/GCC/ARM_CM4F/port.o
 *fill*         0x000000000800bafc        0x4 
 .text.SVC_Handler
                0x000000000800bb00       0x28 ./Middlewares/Third_Party/FreeRTOS/Source/portable/GCC/ARM_CM4F/port.o
                0x000000000800bb00                SVC_Handler
 .text.prvPortStartFirstTask
                0x000000000800bb28       0x28 ./Middlewares/Third_Party/FreeRTOS/Source/portable/GCC/ARM_CM4F/port.o
 .text.xPortStartScheduler
                0x000000000800bb50      0x144 ./Middlewares/Third_Party/FreeRTOS/Source/portable/GCC/ARM_CM4F/port.o
                0x000000000800bb50                xPortStartScheduler
 .text.vPortEnterCritical
                0x000000000800bc94       0x60 ./Middlewares/Third_Party/FreeRTOS/Source/portable/GCC/ARM_CM4F/port.o
                0x000000000800bc94                vPortEnterCritical
 .text.vPortExitCritical
                0x000000000800bcf4       0x54 ./Middlewares/Third_Party/FreeRTOS/Source/portable/GCC/ARM_CM4F/port.o
                0x000000000800bcf4                vPortExitCritical
 *fill*         0x000000000800bd48        0x8 
 .text.PendSV_Handler
                0x000000000800bd50       0x68 ./Middlewares/Third_Party/FreeRTOS/Source/portable/GCC/ARM_CM4F/port.o
                0x000000000800bd50                PendSV_Handler
 .text.SysTick_Handler
                0x000000000800bdb8       0x44 ./Middlewares/Third_Party/FreeRTOS/Source/portable/GCC/ARM_CM4F/port.o
                0x000000000800bdb8                SysTick_Handler
 .text.vPortSetupTimerInterrupt
                0x000000000800bdfc       0x48 ./Middlewares/Third_Party/FreeRTOS/Source/portable/GCC/ARM_CM4F/port.o
                0x000000000800bdfc                vPortSetupTimerInterrupt
 .text.vPortEnableVFP
                0x000000000800be44       0x14 ./Middlewares/Third_Party/FreeRTOS/Source/portable/GCC/ARM_CM4F/port.o
 .text.vPortValidateInterruptPriority
                0x000000000800be58       0x80 ./Middlewares/Third_Party/FreeRTOS/Source/portable/GCC/ARM_CM4F/port.o
                0x000000000800be58                vPortValidateInterruptPriority
 .text.pvPortMalloc
                0x000000000800bed8      0x188 ./Middlewares/Third_Party/FreeRTOS/Source/portable/MemMang/heap_4.o
                0x000000000800bed8                pvPortMalloc
 .text.vPortFree
                0x000000000800c060       0xb4 ./Middlewares/Third_Party/FreeRTOS/Source/portable/MemMang/heap_4.o
                0x000000000800c060                vPortFree
 .text.prvHeapInit
                0x000000000800c114       0xc4 ./Middlewares/Third_Party/FreeRTOS/Source/portable/MemMang/heap_4.o
 .text.prvInsertBlockIntoFreeList
                0x000000000800c1d8       0xb4 ./Middlewares/Third_Party/FreeRTOS/Source/portable/MemMang/heap_4.o
 .text.__cvt    0x000000000800c28c       0xc4 C:/ST/STM32CubeIDE_1.13.1/STM32CubeIDE/plugins/com.st.stm32cube.ide.mcu.externaltools.gnu-tools-for-stm32.11.3.rel1.win32_1.1.1.202309131626/tools/bin/../lib/gcc/arm-none-eabi/11.3.1/../../../../arm-none-eabi/lib/thumb/v7e-m+fp/hard\libc_nano.a(libc_a-nano-vfprintf_float.o)
                0x000000000800c28c                __cvt
 .text.__exponent
                0x000000000800c350       0x7c C:/ST/STM32CubeIDE_1.13.1/STM32CubeIDE/plugins/com.st.stm32cube.ide.mcu.externaltools.gnu-tools-for-stm32.11.3.rel1.win32_1.1.1.202309131626/tools/bin/../lib/gcc/arm-none-eabi/11.3.1/../../../../arm-none-eabi/lib/thumb/v7e-m+fp/hard\libc_nano.a(libc_a-nano-vfprintf_float.o)
                0x000000000800c350                __exponent
 .text._printf_float
                0x000000000800c3cc      0x46c C:/ST/STM32CubeIDE_1.13.1/STM32CubeIDE/plugins/com.st.stm32cube.ide.mcu.externaltools.gnu-tools-for-stm32.11.3.rel1.win32_1.1.1.202309131626/tools/bin/../lib/gcc/arm-none-eabi/11.3.1/../../../../arm-none-eabi/lib/thumb/v7e-m+fp/hard\libc_nano.a(libc_a-nano-vfprintf_float.o)
                0x000000000800c3cc                _printf_float
 .text._printf_common
                0x000000000800c838       0xda C:/ST/STM32CubeIDE_1.13.1/STM32CubeIDE/plugins/com.st.stm32cube.ide.mcu.externaltools.gnu-tools-for-stm32.11.3.rel1.win32_1.1.1.202309131626/tools/bin/../lib/gcc/arm-none-eabi/11.3.1/../../../../arm-none-eabi/lib/thumb/v7e-m+fp/hard\libc_nano.a(libc_a-nano-vfprintf_i.o)
                0x000000000800c838                _printf_common
 *fill*         0x000000000800c912        0x2 
 .text._printf_i
                0x000000000800c914      0x244 C:/ST/STM32CubeIDE_1.13.1/STM32CubeIDE/plugins/com.st.stm32cube.ide.mcu.externaltools.gnu-tools-for-stm32.11.3.rel1.win32_1.1.1.202309131626/tools/bin/../lib/gcc/arm-none-eabi/11.3.1/../../../../arm-none-eabi/lib/thumb/v7e-m+fp/hard\libc_nano.a(libc_a-nano-vfprintf_i.o)
                0x000000000800c914                _printf_i
 .text.std      0x000000000800cb58       0x6c C:/ST/STM32CubeIDE_1.13.1/STM32CubeIDE/plugins/com.st.stm32cube.ide.mcu.externaltools.gnu-tools-for-stm32.11.3.rel1.win32_1.1.1.202309131626/tools/bin/../lib/gcc/arm-none-eabi/11.3.1/../../../../arm-none-eabi/lib/thumb/v7e-m+fp/hard\libc_nano.a(libc_a-findfp.o)
 .text.stdio_exit_handler
                0x000000000800cbc4       0x18 C:/ST/STM32CubeIDE_1.13.1/STM32CubeIDE/plugins/com.st.stm32cube.ide.mcu.externaltools.gnu-tools-for-stm32.11.3.rel1.win32_1.1.1.202309131626/tools/bin/../lib/gcc/arm-none-eabi/11.3.1/../../../../arm-none-eabi/lib/thumb/v7e-m+fp/hard\libc_nano.a(libc_a-findfp.o)
 .text.cleanup_stdio
                0x000000000800cbdc       0x40 C:/ST/STM32CubeIDE_1.13.1/STM32CubeIDE/plugins/com.st.stm32cube.ide.mcu.externaltools.gnu-tools-for-stm32.11.3.rel1.win32_1.1.1.202309131626/tools/bin/../lib/gcc/arm-none-eabi/11.3.1/../../../../arm-none-eabi/lib/thumb/v7e-m+fp/hard\libc_nano.a(libc_a-findfp.o)
 .text.global_stdio_init.part.0
                0x000000000800cc1c       0x3c C:/ST/STM32CubeIDE_1.13.1/STM32CubeIDE/plugins/com.st.stm32cube.ide.mcu.externaltools.gnu-tools-for-stm32.11.3.rel1.win32_1.1.1.202309131626/tools/bin/../lib/gcc/arm-none-eabi/11.3.1/../../../../arm-none-eabi/lib/thumb/v7e-m+fp/hard\libc_nano.a(libc_a-findfp.o)
 .text.__sfp_lock_acquire
                0x000000000800cc58        0xc C:/ST/STM32CubeIDE_1.13.1/STM32CubeIDE/plugins/com.st.stm32cube.ide.mcu.externaltools.gnu-tools-for-stm32.11.3.rel1.win32_1.1.1.202309131626/tools/bin/../lib/gcc/arm-none-eabi/11.3.1/../../../../arm-none-eabi/lib/thumb/v7e-m+fp/hard\libc_nano.a(libc_a-findfp.o)
                0x000000000800cc58                __sfp_lock_acquire
 .text.__sfp_lock_release
                0x000000000800cc64        0xc C:/ST/STM32CubeIDE_1.13.1/STM32CubeIDE/plugins/com.st.stm32cube.ide.mcu.externaltools.gnu-tools-for-stm32.11.3.rel1.win32_1.1.1.202309131626/tools/bin/../lib/gcc/arm-none-eabi/11.3.1/../../../../arm-none-eabi/lib/thumb/v7e-m+fp/hard\libc_nano.a(libc_a-findfp.o)
                0x000000000800cc64                __sfp_lock_release
 .text.__sinit  0x000000000800cc70       0x30 C:/ST/STM32CubeIDE_1.13.1/STM32CubeIDE/plugins/com.st.stm32cube.ide.mcu.externaltools.gnu-tools-for-stm32.11.3.rel1.win32_1.1.1.202309131626/tools/bin/../lib/gcc/arm-none-eabi/11.3.1/../../../../arm-none-eabi/lib/thumb/v7e-m+fp/hard\libc_nano.a(libc_a-findfp.o)
                0x000000000800cc70                __sinit
 .text._fwalk_sglue
                0x000000000800cca0       0x3c C:/ST/STM32CubeIDE_1.13.1/STM32CubeIDE/plugins/com.st.stm32cube.ide.mcu.externaltools.gnu-tools-for-stm32.11.3.rel1.win32_1.1.1.202309131626/tools/bin/../lib/gcc/arm-none-eabi/11.3.1/../../../../arm-none-eabi/lib/thumb/v7e-m+fp/hard\libc_nano.a(libc_a-fwalk.o)
                0x000000000800cca0                _fwalk_sglue
 .text.printf   0x000000000800ccdc       0x24 C:/ST/STM32CubeIDE_1.13.1/STM32CubeIDE/plugins/com.st.stm32cube.ide.mcu.externaltools.gnu-tools-for-stm32.11.3.rel1.win32_1.1.1.202309131626/tools/bin/../lib/gcc/arm-none-eabi/11.3.1/../../../../arm-none-eabi/lib/thumb/v7e-m+fp/hard\libc_nano.a(libc_a-printf.o)
                0x000000000800ccdc                iprintf
                0x000000000800ccdc                printf
 .text._puts_r  0x000000000800cd00       0xa8 C:/ST/STM32CubeIDE_1.13.1/STM32CubeIDE/plugins/com.st.stm32cube.ide.mcu.externaltools.gnu-tools-for-stm32.11.3.rel1.win32_1.1.1.202309131626/tools/bin/../lib/gcc/arm-none-eabi/11.3.1/../../../../arm-none-eabi/lib/thumb/v7e-m+fp/hard\libc_nano.a(libc_a-puts.o)
                0x000000000800cd00                _puts_r
 .text.puts     0x000000000800cda8       0x10 C:/ST/STM32CubeIDE_1.13.1/STM32CubeIDE/plugins/com.st.stm32cube.ide.mcu.externaltools.gnu-tools-for-stm32.11.3.rel1.win32_1.1.1.202309131626/tools/bin/../lib/gcc/arm-none-eabi/11.3.1/../../../../arm-none-eabi/lib/thumb/v7e-m+fp/hard\libc_nano.a(libc_a-puts.o)
                0x000000000800cda8                puts
 .text.__sread  0x000000000800cdb8       0x22 C:/ST/STM32CubeIDE_1.13.1/STM32CubeIDE/plugins/com.st.stm32cube.ide.mcu.externaltools.gnu-tools-for-stm32.11.3.rel1.win32_1.1.1.202309131626/tools/bin/../lib/gcc/arm-none-eabi/11.3.1/../../../../arm-none-eabi/lib/thumb/v7e-m+fp/hard\libc_nano.a(libc_a-stdio.o)
                0x000000000800cdb8                __sread
 .text.__swrite
                0x000000000800cdda       0x38 C:/ST/STM32CubeIDE_1.13.1/STM32CubeIDE/plugins/com.st.stm32cube.ide.mcu.externaltools.gnu-tools-for-stm32.11.3.rel1.win32_1.1.1.202309131626/tools/bin/../lib/gcc/arm-none-eabi/11.3.1/../../../../arm-none-eabi/lib/thumb/v7e-m+fp/hard\libc_nano.a(libc_a-stdio.o)
                0x000000000800cdda                __swrite
 .text.__sseek  0x000000000800ce12       0x24 C:/ST/STM32CubeIDE_1.13.1/STM32CubeIDE/plugins/com.st.stm32cube.ide.mcu.externaltools.gnu-tools-for-stm32.11.3.rel1.win32_1.1.1.202309131626/tools/bin/../lib/gcc/arm-none-eabi/11.3.1/../../../../arm-none-eabi/lib/thumb/v7e-m+fp/hard\libc_nano.a(libc_a-stdio.o)
                0x000000000800ce12                __sseek
 .text.__sclose
                0x000000000800ce36        0x8 C:/ST/STM32CubeIDE_1.13.1/STM32CubeIDE/plugins/com.st.stm32cube.ide.mcu.externaltools.gnu-tools-for-stm32.11.3.rel1.win32_1.1.1.202309131626/tools/bin/../lib/gcc/arm-none-eabi/11.3.1/../../../../arm-none-eabi/lib/thumb/v7e-m+fp/hard\libc_nano.a(libc_a-stdio.o)
                0x000000000800ce36                __sclose
 .text.__swbuf_r
                0x000000000800ce3e       0x7a C:/ST/STM32CubeIDE_1.13.1/STM32CubeIDE/plugins/com.st.stm32cube.ide.mcu.externaltools.gnu-tools-for-stm32.11.3.rel1.win32_1.1.1.202309131626/tools/bin/../lib/gcc/arm-none-eabi/11.3.1/../../../../arm-none-eabi/lib/thumb/v7e-m+fp/hard\libc_nano.a(libc_a-wbuf.o)
                0x000000000800ce3e                __swbuf_r
 .text.__swsetup_r
                0x000000000800ceb8       0xb0 C:/ST/STM32CubeIDE_1.13.1/STM32CubeIDE/plugins/com.st.stm32cube.ide.mcu.externaltools.gnu-tools-for-stm32.11.3.rel1.win32_1.1.1.202309131626/tools/bin/../lib/gcc/arm-none-eabi/11.3.1/../../../../arm-none-eabi/lib/thumb/v7e-m+fp/hard\libc_nano.a(libc_a-wsetup.o)
                0x000000000800ceb8                __swsetup_r
 .text.memset   0x000000000800cf68       0x10 C:/ST/STM32CubeIDE_1.13.1/STM32CubeIDE/plugins/com.st.stm32cube.ide.mcu.externaltools.gnu-tools-for-stm32.11.3.rel1.win32_1.1.1.202309131626/tools/bin/../lib/gcc/arm-none-eabi/11.3.1/../../../../arm-none-eabi/lib/thumb/v7e-m+fp/hard\libc_nano.a(libc_a-memset.o)
                0x000000000800cf68                memset
 .text._localeconv_r
                0x000000000800cf78        0x8 C:/ST/STM32CubeIDE_1.13.1/STM32CubeIDE/plugins/com.st.stm32cube.ide.mcu.externaltools.gnu-tools-for-stm32.11.3.rel1.win32_1.1.1.202309131626/tools/bin/../lib/gcc/arm-none-eabi/11.3.1/../../../../arm-none-eabi/lib/thumb/v7e-m+fp/hard\libc_nano.a(libc_a-localeconv.o)
                0x000000000800cf78                _localeconv_r
 .text._close_r
                0x000000000800cf80       0x20 C:/ST/STM32CubeIDE_1.13.1/STM32CubeIDE/plugins/com.st.stm32cube.ide.mcu.externaltools.gnu-tools-for-stm32.11.3.rel1.win32_1.1.1.202309131626/tools/bin/../lib/gcc/arm-none-eabi/11.3.1/../../../../arm-none-eabi/lib/thumb/v7e-m+fp/hard\libc_nano.a(libc_a-closer.o)
                0x000000000800cf80                _close_r
 .text._reclaim_reent
                0x000000000800cfa0       0xac C:/ST/STM32CubeIDE_1.13.1/STM32CubeIDE/plugins/com.st.stm32cube.ide.mcu.externaltools.gnu-tools-for-stm32.11.3.rel1.win32_1.1.1.202309131626/tools/bin/../lib/gcc/arm-none-eabi/11.3.1/../../../../arm-none-eabi/lib/thumb/v7e-m+fp/hard\libc_nano.a(libc_a-reent.o)
                0x000000000800cfa0                _reclaim_reent
 .text._lseek_r
                0x000000000800d04c       0x24 C:/ST/STM32CubeIDE_1.13.1/STM32CubeIDE/plugins/com.st.stm32cube.ide.mcu.externaltools.gnu-tools-for-stm32.11.3.rel1.win32_1.1.1.202309131626/tools/bin/../lib/gcc/arm-none-eabi/11.3.1/../../../../arm-none-eabi/lib/thumb/v7e-m+fp/hard\libc_nano.a(libc_a-lseekr.o)
                0x000000000800d04c                _lseek_r
 .text._read_r  0x000000000800d070       0x24 C:/ST/STM32CubeIDE_1.13.1/STM32CubeIDE/plugins/com.st.stm32cube.ide.mcu.externaltools.gnu-tools-for-stm32.11.3.rel1.win32_1.1.1.202309131626/tools/bin/../lib/gcc/arm-none-eabi/11.3.1/../../../../arm-none-eabi/lib/thumb/v7e-m+fp/hard\libc_nano.a(libc_a-readr.o)
                0x000000000800d070                _read_r
 .text._write_r
                0x000000000800d094       0x24 C:/ST/STM32CubeIDE_1.13.1/STM32CubeIDE/plugins/com.st.stm32cube.ide.mcu.externaltools.gnu-tools-for-stm32.11.3.rel1.win32_1.1.1.202309131626/tools/bin/../lib/gcc/arm-none-eabi/11.3.1/../../../../arm-none-eabi/lib/thumb/v7e-m+fp/hard\libc_nano.a(libc_a-writer.o)
                0x000000000800d094                _write_r
 .text.__errno  0x000000000800d0b8        0xc C:/ST/STM32CubeIDE_1.13.1/STM32CubeIDE/plugins/com.st.stm32cube.ide.mcu.externaltools.gnu-tools-for-stm32.11.3.rel1.win32_1.1.1.202309131626/tools/bin/../lib/gcc/arm-none-eabi/11.3.1/../../../../arm-none-eabi/lib/thumb/v7e-m+fp/hard\libc_nano.a(libc_a-errno.o)
                0x000000000800d0b8                __errno
 .text.__libc_init_array
                0x000000000800d0c4       0x48 C:/ST/STM32CubeIDE_1.13.1/STM32CubeIDE/plugins/com.st.stm32cube.ide.mcu.externaltools.gnu-tools-for-stm32.11.3.rel1.win32_1.1.1.202309131626/tools/bin/../lib/gcc/arm-none-eabi/11.3.1/../../../../arm-none-eabi/lib/thumb/v7e-m+fp/hard\libc_nano.a(libc_a-init.o)
                0x000000000800d0c4                __libc_init_array
 .text.__retarget_lock_init_recursive
                0x000000000800d10c        0x2 C:/ST/STM32CubeIDE_1.13.1/STM32CubeIDE/plugins/com.st.stm32cube.ide.mcu.externaltools.gnu-tools-for-stm32.11.3.rel1.win32_1.1.1.202309131626/tools/bin/../lib/gcc/arm-none-eabi/11.3.1/../../../../arm-none-eabi/lib/thumb/v7e-m+fp/hard\libc_nano.a(libc_a-lock.o)
                0x000000000800d10c                __retarget_lock_init_recursive
 .text.__retarget_lock_acquire_recursive
                0x000000000800d10e        0x2 C:/ST/STM32CubeIDE_1.13.1/STM32CubeIDE/plugins/com.st.stm32cube.ide.mcu.externaltools.gnu-tools-for-stm32.11.3.rel1.win32_1.1.1.202309131626/tools/bin/../lib/gcc/arm-none-eabi/11.3.1/../../../../arm-none-eabi/lib/thumb/v7e-m+fp/hard\libc_nano.a(libc_a-lock.o)
                0x000000000800d10e                __retarget_lock_acquire_recursive
 .text.__retarget_lock_release_recursive
                0x000000000800d110        0x2 C:/ST/STM32CubeIDE_1.13.1/STM32CubeIDE/plugins/com.st.stm32cube.ide.mcu.externaltools.gnu-tools-for-stm32.11.3.rel1.win32_1.1.1.202309131626/tools/bin/../lib/gcc/arm-none-eabi/11.3.1/../../../../arm-none-eabi/lib/thumb/v7e-m+fp/hard\libc_nano.a(libc_a-lock.o)
                0x000000000800d110                __retarget_lock_release_recursive
 .text.memcpy   0x000000000800d112       0x1c C:/ST/STM32CubeIDE_1.13.1/STM32CubeIDE/plugins/com.st.stm32cube.ide.mcu.externaltools.gnu-tools-for-stm32.11.3.rel1.win32_1.1.1.202309131626/tools/bin/../lib/gcc/arm-none-eabi/11.3.1/../../../../arm-none-eabi/lib/thumb/v7e-m+fp/hard\libc_nano.a(libc_a-memcpy-stub.o)
                0x000000000800d112                memcpy
 .text.quorem   0x000000000800d12e      0x110 C:/ST/STM32CubeIDE_1.13.1/STM32CubeIDE/plugins/com.st.stm32cube.ide.mcu.externaltools.gnu-tools-for-stm32.11.3.rel1.win32_1.1.1.202309131626/tools/bin/../lib/gcc/arm-none-eabi/11.3.1/../../../../arm-none-eabi/lib/thumb/v7e-m+fp/hard\libc_nano.a(libc_a-dtoa.o)
 *fill*         0x000000000800d23e        0x2 
 .text._dtoa_r  0x000000000800d240      0xbe4 C:/ST/STM32CubeIDE_1.13.1/STM32CubeIDE/plugins/com.st.stm32cube.ide.mcu.externaltools.gnu-tools-for-stm32.11.3.rel1.win32_1.1.1.202309131626/tools/bin/../lib/gcc/arm-none-eabi/11.3.1/../../../../arm-none-eabi/lib/thumb/v7e-m+fp/hard\libc_nano.a(libc_a-dtoa.o)
                0x000000000800d240                _dtoa_r
 .text._free_r  0x000000000800de24       0x98 C:/ST/STM32CubeIDE_1.13.1/STM32CubeIDE/plugins/com.st.stm32cube.ide.mcu.externaltools.gnu-tools-for-stm32.11.3.rel1.win32_1.1.1.202309131626/tools/bin/../lib/gcc/arm-none-eabi/11.3.1/../../../../arm-none-eabi/lib/thumb/v7e-m+fp/hard\libc_nano.a(libc_a-freer.o)
                0x000000000800de24                _free_r
 .text.malloc   0x000000000800debc       0x10 C:/ST/STM32CubeIDE_1.13.1/STM32CubeIDE/plugins/com.st.stm32cube.ide.mcu.externaltools.gnu-tools-for-stm32.11.3.rel1.win32_1.1.1.202309131626/tools/bin/../lib/gcc/arm-none-eabi/11.3.1/../../../../arm-none-eabi/lib/thumb/v7e-m+fp/hard\libc_nano.a(libc_a-malloc.o)
                0x000000000800debc                malloc
 .text.sbrk_aligned
                0x000000000800decc       0x40 C:/ST/STM32CubeIDE_1.13.1/STM32CubeIDE/plugins/com.st.stm32cube.ide.mcu.externaltools.gnu-tools-for-stm32.11.3.rel1.win32_1.1.1.202309131626/tools/bin/../lib/gcc/arm-none-eabi/11.3.1/../../../../arm-none-eabi/lib/thumb/v7e-m+fp/hard\libc_nano.a(libc_a-mallocr.o)
 .text._malloc_r
                0x000000000800df0c      0x100 C:/ST/STM32CubeIDE_1.13.1/STM32CubeIDE/plugins/com.st.stm32cube.ide.mcu.externaltools.gnu-tools-for-stm32.11.3.rel1.win32_1.1.1.202309131626/tools/bin/../lib/gcc/arm-none-eabi/11.3.1/../../../../arm-none-eabi/lib/thumb/v7e-m+fp/hard\libc_nano.a(libc_a-mallocr.o)
                0x000000000800df0c                _malloc_r
 .text.__malloc_lock
                0x000000000800e00c        0xc C:/ST/STM32CubeIDE_1.13.1/STM32CubeIDE/plugins/com.st.stm32cube.ide.mcu.externaltools.gnu-tools-for-stm32.11.3.rel1.win32_1.1.1.202309131626/tools/bin/../lib/gcc/arm-none-eabi/11.3.1/../../../../arm-none-eabi/lib/thumb/v7e-m+fp/hard\libc_nano.a(libc_a-mlock.o)
                0x000000000800e00c                __malloc_lock
 .text.__malloc_unlock
                0x000000000800e018        0xc C:/ST/STM32CubeIDE_1.13.1/STM32CubeIDE/plugins/com.st.stm32cube.ide.mcu.externaltools.gnu-tools-for-stm32.11.3.rel1.win32_1.1.1.202309131626/tools/bin/../lib/gcc/arm-none-eabi/11.3.1/../../../../arm-none-eabi/lib/thumb/v7e-m+fp/hard\libc_nano.a(libc_a-mlock.o)
                0x000000000800e018                __malloc_unlock
 .text._Balloc  0x000000000800e024       0x80 C:/ST/STM32CubeIDE_1.13.1/STM32CubeIDE/plugins/com.st.stm32cube.ide.mcu.externaltools.gnu-tools-for-stm32.11.3.rel1.win32_1.1.1.202309131626/tools/bin/../lib/gcc/arm-none-eabi/11.3.1/../../../../arm-none-eabi/lib/thumb/v7e-m+fp/hard\libc_nano.a(libc_a-mprec.o)
                0x000000000800e024                _Balloc
 .text._Bfree   0x000000000800e0a4       0x44 C:/ST/STM32CubeIDE_1.13.1/STM32CubeIDE/plugins/com.st.stm32cube.ide.mcu.externaltools.gnu-tools-for-stm32.11.3.rel1.win32_1.1.1.202309131626/tools/bin/../lib/gcc/arm-none-eabi/11.3.1/../../../../arm-none-eabi/lib/thumb/v7e-m+fp/hard\libc_nano.a(libc_a-mprec.o)
                0x000000000800e0a4                _Bfree
 .text.__multadd
                0x000000000800e0e8       0x8c C:/ST/STM32CubeIDE_1.13.1/STM32CubeIDE/plugins/com.st.stm32cube.ide.mcu.externaltools.gnu-tools-for-stm32.11.3.rel1.win32_1.1.1.202309131626/tools/bin/../lib/gcc/arm-none-eabi/11.3.1/../../../../arm-none-eabi/lib/thumb/v7e-m+fp/hard\libc_nano.a(libc_a-mprec.o)
                0x000000000800e0e8                __multadd
 .text.__hi0bits
                0x000000000800e174       0x40 C:/ST/STM32CubeIDE_1.13.1/STM32CubeIDE/plugins/com.st.stm32cube.ide.mcu.externaltools.gnu-tools-for-stm32.11.3.rel1.win32_1.1.1.202309131626/tools/bin/../lib/gcc/arm-none-eabi/11.3.1/../../../../arm-none-eabi/lib/thumb/v7e-m+fp/hard\libc_nano.a(libc_a-mprec.o)
                0x000000000800e174                __hi0bits
 .text.__lo0bits
                0x000000000800e1b4       0x5a C:/ST/STM32CubeIDE_1.13.1/STM32CubeIDE/plugins/com.st.stm32cube.ide.mcu.externaltools.gnu-tools-for-stm32.11.3.rel1.win32_1.1.1.202309131626/tools/bin/../lib/gcc/arm-none-eabi/11.3.1/../../../../arm-none-eabi/lib/thumb/v7e-m+fp/hard\libc_nano.a(libc_a-mprec.o)
                0x000000000800e1b4                __lo0bits
 *fill*         0x000000000800e20e        0x2 
 .text.__i2b    0x000000000800e210       0x2c C:/ST/STM32CubeIDE_1.13.1/STM32CubeIDE/plugins/com.st.stm32cube.ide.mcu.externaltools.gnu-tools-for-stm32.11.3.rel1.win32_1.1.1.202309131626/tools/bin/../lib/gcc/arm-none-eabi/11.3.1/../../../../arm-none-eabi/lib/thumb/v7e-m+fp/hard\libc_nano.a(libc_a-mprec.o)
                0x000000000800e210                __i2b
 .text.__multiply
                0x000000000800e23c      0x154 C:/ST/STM32CubeIDE_1.13.1/STM32CubeIDE/plugins/com.st.stm32cube.ide.mcu.externaltools.gnu-tools-for-stm32.11.3.rel1.win32_1.1.1.202309131626/tools/bin/../lib/gcc/arm-none-eabi/11.3.1/../../../../arm-none-eabi/lib/thumb/v7e-m+fp/hard\libc_nano.a(libc_a-mprec.o)
                0x000000000800e23c                __multiply
 .text.__pow5mult
                0x000000000800e390       0xb4 C:/ST/STM32CubeIDE_1.13.1/STM32CubeIDE/plugins/com.st.stm32cube.ide.mcu.externaltools.gnu-tools-for-stm32.11.3.rel1.win32_1.1.1.202309131626/tools/bin/../lib/gcc/arm-none-eabi/11.3.1/../../../../arm-none-eabi/lib/thumb/v7e-m+fp/hard\libc_nano.a(libc_a-mprec.o)
                0x000000000800e390                __pow5mult
 .text.__lshift
                0x000000000800e444       0xd8 C:/ST/STM32CubeIDE_1.13.1/STM32CubeIDE/plugins/com.st.stm32cube.ide.mcu.externaltools.gnu-tools-for-stm32.11.3.rel1.win32_1.1.1.202309131626/tools/bin/../lib/gcc/arm-none-eabi/11.3.1/../../../../arm-none-eabi/lib/thumb/v7e-m+fp/hard\libc_nano.a(libc_a-mprec.o)
                0x000000000800e444                __lshift
 .text.__mcmp   0x000000000800e51c       0x38 C:/ST/STM32CubeIDE_1.13.1/STM32CubeIDE/plugins/com.st.stm32cube.ide.mcu.externaltools.gnu-tools-for-stm32.11.3.rel1.win32_1.1.1.202309131626/tools/bin/../lib/gcc/arm-none-eabi/11.3.1/../../../../arm-none-eabi/lib/thumb/v7e-m+fp/hard\libc_nano.a(libc_a-mprec.o)
                0x000000000800e51c                __mcmp
 .text.__mdiff  0x000000000800e554      0x114 C:/ST/STM32CubeIDE_1.13.1/STM32CubeIDE/plugins/com.st.stm32cube.ide.mcu.externaltools.gnu-tools-for-stm32.11.3.rel1.win32_1.1.1.202309131626/tools/bin/../lib/gcc/arm-none-eabi/11.3.1/../../../../arm-none-eabi/lib/thumb/v7e-m+fp/hard\libc_nano.a(libc_a-mprec.o)
                0x000000000800e554                __mdiff
 .text.__d2b    0x000000000800e668       0xb4 C:/ST/STM32CubeIDE_1.13.1/STM32CubeIDE/plugins/com.st.stm32cube.ide.mcu.externaltools.gnu-tools-for-stm32.11.3.rel1.win32_1.1.1.202309131626/tools/bin/../lib/gcc/arm-none-eabi/11.3.1/../../../../arm-none-eabi/lib/thumb/v7e-m+fp/hard\libc_nano.a(libc_a-mprec.o)
                0x000000000800e668                __d2b
 .text.__sfputc_r
                0x000000000800e71c       0x2e C:/ST/STM32CubeIDE_1.13.1/STM32CubeIDE/plugins/com.st.stm32cube.ide.mcu.externaltools.gnu-tools-for-stm32.11.3.rel1.win32_1.1.1.202309131626/tools/bin/../lib/gcc/arm-none-eabi/11.3.1/../../../../arm-none-eabi/lib/thumb/v7e-m+fp/hard\libc_nano.a(libc_a-nano-vfprintf.o)
 .text.__sfputs_r
                0x000000000800e74a       0x24 C:/ST/STM32CubeIDE_1.13.1/STM32CubeIDE/plugins/com.st.stm32cube.ide.mcu.externaltools.gnu-tools-for-stm32.11.3.rel1.win32_1.1.1.202309131626/tools/bin/../lib/gcc/arm-none-eabi/11.3.1/../../../../arm-none-eabi/lib/thumb/v7e-m+fp/hard\libc_nano.a(libc_a-nano-vfprintf.o)
                0x000000000800e74a                __sfputs_r
 *fill*         0x000000000800e76e        0x2 
 .text._vfprintf_r
                0x000000000800e770      0x234 C:/ST/STM32CubeIDE_1.13.1/STM32CubeIDE/plugins/com.st.stm32cube.ide.mcu.externaltools.gnu-tools-for-stm32.11.3.rel1.win32_1.1.1.202309131626/tools/bin/../lib/gcc/arm-none-eabi/11.3.1/../../../../arm-none-eabi/lib/thumb/v7e-m+fp/hard\libc_nano.a(libc_a-nano-vfprintf.o)
                0x000000000800e770                _vfprintf_r
                0x000000000800e770                _vfiprintf_r
 .text.__sflush_r
                0x000000000800e9a4      0x10c C:/ST/STM32CubeIDE_1.13.1/STM32CubeIDE/plugins/com.st.stm32cube.ide.mcu.externaltools.gnu-tools-for-stm32.11.3.rel1.win32_1.1.1.202309131626/tools/bin/../lib/gcc/arm-none-eabi/11.3.1/../../../../arm-none-eabi/lib/thumb/v7e-m+fp/hard\libc_nano.a(libc_a-fflush.o)
                0x000000000800e9a4                __sflush_r
 .text._fflush_r
                0x000000000800eab0       0x50 C:/ST/STM32CubeIDE_1.13.1/STM32CubeIDE/plugins/com.st.stm32cube.ide.mcu.externaltools.gnu-tools-for-stm32.11.3.rel1.win32_1.1.1.202309131626/tools/bin/../lib/gcc/arm-none-eabi/11.3.1/../../../../arm-none-eabi/lib/thumb/v7e-m+fp/hard\libc_nano.a(libc_a-fflush.o)
                0x000000000800eab0                _fflush_r
 .text.__swhatbuf_r
                0x000000000800eb00       0x4c C:/ST/STM32CubeIDE_1.13.1/STM32CubeIDE/plugins/com.st.stm32cube.ide.mcu.externaltools.gnu-tools-for-stm32.11.3.rel1.win32_1.1.1.202309131626/tools/bin/../lib/gcc/arm-none-eabi/11.3.1/../../../../arm-none-eabi/lib/thumb/v7e-m+fp/hard\libc_nano.a(libc_a-makebuf.o)
                0x000000000800eb00                __swhatbuf_r
 .text.__smakebuf_r
                0x000000000800eb4c       0x78 C:/ST/STM32CubeIDE_1.13.1/STM32CubeIDE/plugins/com.st.stm32cube.ide.mcu.externaltools.gnu-tools-for-stm32.11.3.rel1.win32_1.1.1.202309131626/tools/bin/../lib/gcc/arm-none-eabi/11.3.1/../../../../arm-none-eabi/lib/thumb/v7e-m+fp/hard\libc_nano.a(libc_a-makebuf.o)
                0x000000000800eb4c                __smakebuf_r
 .text._fstat_r
                0x000000000800ebc4       0x24 C:/ST/STM32CubeIDE_1.13.1/STM32CubeIDE/plugins/com.st.stm32cube.ide.mcu.externaltools.gnu-tools-for-stm32.11.3.rel1.win32_1.1.1.202309131626/tools/bin/../lib/gcc/arm-none-eabi/11.3.1/../../../../arm-none-eabi/lib/thumb/v7e-m+fp/hard\libc_nano.a(libc_a-fstatr.o)
                0x000000000800ebc4                _fstat_r
 .text._isatty_r
                0x000000000800ebe8       0x20 C:/ST/STM32CubeIDE_1.13.1/STM32CubeIDE/plugins/com.st.stm32cube.ide.mcu.externaltools.gnu-tools-for-stm32.11.3.rel1.win32_1.1.1.202309131626/tools/bin/../lib/gcc/arm-none-eabi/11.3.1/../../../../arm-none-eabi/lib/thumb/v7e-m+fp/hard\libc_nano.a(libc_a-isattyr.o)
                0x000000000800ebe8                _isatty_r
 .text._sbrk_r  0x000000000800ec08       0x20 C:/ST/STM32CubeIDE_1.13.1/STM32CubeIDE/plugins/com.st.stm32cube.ide.mcu.externaltools.gnu-tools-for-stm32.11.3.rel1.win32_1.1.1.202309131626/tools/bin/../lib/gcc/arm-none-eabi/11.3.1/../../../../arm-none-eabi/lib/thumb/v7e-m+fp/hard\libc_nano.a(libc_a-sbrkr.o)
                0x000000000800ec08                _sbrk_r
 .text.__assert_func
                0x000000000800ec28       0x3c C:/ST/STM32CubeIDE_1.13.1/STM32CubeIDE/plugins/com.st.stm32cube.ide.mcu.externaltools.gnu-tools-for-stm32.11.3.rel1.win32_1.1.1.202309131626/tools/bin/../lib/gcc/arm-none-eabi/11.3.1/../../../../arm-none-eabi/lib/thumb/v7e-m+fp/hard\libc_nano.a(libc_a-assert.o)
                0x000000000800ec28                __assert_func
 .text._calloc_r
                0x000000000800ec64       0x2c C:/ST/STM32CubeIDE_1.13.1/STM32CubeIDE/plugins/com.st.stm32cube.ide.mcu.externaltools.gnu-tools-for-stm32.11.3.rel1.win32_1.1.1.202309131626/tools/bin/../lib/gcc/arm-none-eabi/11.3.1/../../../../arm-none-eabi/lib/thumb/v7e-m+fp/hard\libc_nano.a(libc_a-callocr.o)
                0x000000000800ec64                _calloc_r
 .text.__ascii_mbtowc
                0x000000000800ec90       0x24 C:/ST/STM32CubeIDE_1.13.1/STM32CubeIDE/plugins/com.st.stm32cube.ide.mcu.externaltools.gnu-tools-for-stm32.11.3.rel1.win32_1.1.1.202309131626/tools/bin/../lib/gcc/arm-none-eabi/11.3.1/../../../../arm-none-eabi/lib/thumb/v7e-m+fp/hard\libc_nano.a(libc_a-mbtowc_r.o)
                0x000000000800ec90                __ascii_mbtowc
 .text.__ascii_wctomb
                0x000000000800ecb4       0x1a C:/ST/STM32CubeIDE_1.13.1/STM32CubeIDE/plugins/com.st.stm32cube.ide.mcu.externaltools.gnu-tools-for-stm32.11.3.rel1.win32_1.1.1.202309131626/tools/bin/../lib/gcc/arm-none-eabi/11.3.1/../../../../arm-none-eabi/lib/thumb/v7e-m+fp/hard\libc_nano.a(libc_a-wctomb_r.o)
                0x000000000800ecb4                __ascii_wctomb
 *fill*         0x000000000800ecce        0x2 
 .text.fprintf  0x000000000800ecd0       0x24 C:/ST/STM32CubeIDE_1.13.1/STM32CubeIDE/plugins/com.st.stm32cube.ide.mcu.externaltools.gnu-tools-for-stm32.11.3.rel1.win32_1.1.1.202309131626/tools/bin/../lib/gcc/arm-none-eabi/11.3.1/../../../../arm-none-eabi/lib/thumb/v7e-m+fp/hard\libc_nano.a(libc_a-fprintf.o)
                0x000000000800ecd0                fiprintf
                0x000000000800ecd0                fprintf
 .text.abort    0x000000000800ecf4        0xe C:/ST/STM32CubeIDE_1.13.1/STM32CubeIDE/plugins/com.st.stm32cube.ide.mcu.externaltools.gnu-tools-for-stm32.11.3.rel1.win32_1.1.1.202309131626/tools/bin/../lib/gcc/arm-none-eabi/11.3.1/../../../../arm-none-eabi/lib/thumb/v7e-m+fp/hard\libc_nano.a(libc_a-abort.o)
                0x000000000800ecf4                abort
 .text._raise_r
                0x000000000800ed02       0x50 C:/ST/STM32CubeIDE_1.13.1/STM32CubeIDE/plugins/com.st.stm32cube.ide.mcu.externaltools.gnu-tools-for-stm32.11.3.rel1.win32_1.1.1.202309131626/tools/bin/../lib/gcc/arm-none-eabi/11.3.1/../../../../arm-none-eabi/lib/thumb/v7e-m+fp/hard\libc_nano.a(libc_a-signal.o)
                0x000000000800ed02                _raise_r
 *fill*         0x000000000800ed52        0x2 
 .text.raise    0x000000000800ed54       0x10 C:/ST/STM32CubeIDE_1.13.1/STM32CubeIDE/plugins/com.st.stm32cube.ide.mcu.externaltools.gnu-tools-for-stm32.11.3.rel1.win32_1.1.1.202309131626/tools/bin/../lib/gcc/arm-none-eabi/11.3.1/../../../../arm-none-eabi/lib/thumb/v7e-m+fp/hard\libc_nano.a(libc_a-signal.o)
                0x000000000800ed54                raise
 .text._kill_r  0x000000000800ed64       0x24 C:/ST/STM32CubeIDE_1.13.1/STM32CubeIDE/plugins/com.st.stm32cube.ide.mcu.externaltools.gnu-tools-for-stm32.11.3.rel1.win32_1.1.1.202309131626/tools/bin/../lib/gcc/arm-none-eabi/11.3.1/../../../../arm-none-eabi/lib/thumb/v7e-m+fp/hard\libc_nano.a(libc_a-signalr.o)
                0x000000000800ed64                _kill_r
 .text._getpid_r
                0x000000000800ed88        0x4 C:/ST/STM32CubeIDE_1.13.1/STM32CubeIDE/plugins/com.st.stm32cube.ide.mcu.externaltools.gnu-tools-for-stm32.11.3.rel1.win32_1.1.1.202309131626/tools/bin/../lib/gcc/arm-none-eabi/11.3.1/../../../../arm-none-eabi/lib/thumb/v7e-m+fp/hard\libc_nano.a(libc_a-signalr.o)
                0x000000000800ed88                _getpid_r
 *(.glue_7)
 .glue_7        0x000000000800ed8c        0x0 linker stubs
 *(.glue_7t)
 .glue_7t       0x000000000800ed8c        0x0 linker stubs
 *(.eh_frame)
 .eh_frame      0x000000000800ed8c        0x0 C:/ST/STM32CubeIDE_1.13.1/STM32CubeIDE/plugins/com.st.stm32cube.ide.mcu.externaltools.gnu-tools-for-stm32.11.3.rel1.win32_1.1.1.202309131626/tools/bin/../lib/gcc/arm-none-eabi/11.3.1/thumb/v7e-m+fp/hard/crtbegin.o
 *(.init)
 .init          0x000000000800ed8c        0x4 C:/ST/STM32CubeIDE_1.13.1/STM32CubeIDE/plugins/com.st.stm32cube.ide.mcu.externaltools.gnu-tools-for-stm32.11.3.rel1.win32_1.1.1.202309131626/tools/bin/../lib/gcc/arm-none-eabi/11.3.1/thumb/v7e-m+fp/hard/crti.o
                0x000000000800ed8c                _init
 .init          0x000000000800ed90        0x8 C:/ST/STM32CubeIDE_1.13.1/STM32CubeIDE/plugins/com.st.stm32cube.ide.mcu.externaltools.gnu-tools-for-stm32.11.3.rel1.win32_1.1.1.202309131626/tools/bin/../lib/gcc/arm-none-eabi/11.3.1/thumb/v7e-m+fp/hard/crtn.o
 *(.fini)
 .fini          0x000000000800ed98        0x4 C:/ST/STM32CubeIDE_1.13.1/STM32CubeIDE/plugins/com.st.stm32cube.ide.mcu.externaltools.gnu-tools-for-stm32.11.3.rel1.win32_1.1.1.202309131626/tools/bin/../lib/gcc/arm-none-eabi/11.3.1/thumb/v7e-m+fp/hard/crti.o
                0x000000000800ed98                _fini
 .fini          0x000000000800ed9c        0x8 C:/ST/STM32CubeIDE_1.13.1/STM32CubeIDE/plugins/com.st.stm32cube.ide.mcu.externaltools.gnu-tools-for-stm32.11.3.rel1.win32_1.1.1.202309131626/tools/bin/../lib/gcc/arm-none-eabi/11.3.1/thumb/v7e-m+fp/hard/crtn.o
                0x000000000800eda4                . = ALIGN (0x4)
                0x000000000800eda4                _etext = .

.vfp11_veneer   0x000000000800eda4        0x0
 .vfp11_veneer  0x000000000800eda4        0x0 linker stubs

.v4_bx          0x000000000800eda4        0x0
 .v4_bx         0x000000000800eda4        0x0 linker stubs

.iplt           0x000000000800eda4        0x0
 .iplt          0x000000000800eda4        0x0 C:/ST/STM32CubeIDE_1.13.1/STM32CubeIDE/plugins/com.st.stm32cube.ide.mcu.externaltools.gnu-tools-for-stm32.11.3.rel1.win32_1.1.1.202309131626/tools/bin/../lib/gcc/arm-none-eabi/11.3.1/thumb/v7e-m+fp/hard/crtbegin.o

.rodata         0x000000000800eda8      0x7b4
                0x000000000800eda8                . = ALIGN (0x4)
 *(.rodata)
 .rodata        0x000000000800eda8      0x333 ./Core/Src/freertos.o
 *fill*         0x000000000800f0db        0x1 
 .rodata        0x000000000800f0dc        0x5 ./Middlewares/Third_Party/FreeRTOS/Source/tasks.o
 *fill*         0x000000000800f0e1        0x3 
 .rodata        0x000000000800f0e4        0xd ./Middlewares/Third_Party/FreeRTOS/Source/timers.o
 *(.rodata*)
 *fill*         0x000000000800f0f1        0x3 
 .rodata.defaultTask_attributes
                0x000000000800f0f4       0x24 ./Core/Src/freertos.o
                0x000000000800f0f4                defaultTask_attributes
 .rodata.ultrasonics_read_attributes
                0x000000000800f118       0x24 ./Core/Src/freertos.o
                0x000000000800f118                ultrasonics_read_attributes
 .rodata.car_next_step_attributes
                0x000000000800f13c       0x24 ./Core/Src/freertos.o
                0x000000000800f13c                car_next_step_attributes
 .rodata.Automatic_Parking_attributes
                0x000000000800f160       0x24 ./Core/Src/freertos.o
                0x000000000800f160                Automatic_Parking_attributes
 .rodata.Car_Conrol_Mode_attributes
                0x000000000800f184       0x10 ./Core/Src/freertos.o
                0x000000000800f184                Car_Conrol_Mode_attributes
 .rodata.Car_mode_attributes
                0x000000000800f194       0x10 ./Core/Src/freertos.o
                0x000000000800f194                Car_mode_attributes
 .rodata.Parking_side_attributes
                0x000000000800f1a4       0x10 ./Core/Src/freertos.o
                0x000000000800f1a4                Parking_side_attributes
 .rodata.AHBPrescTable